Archive member included to satisfy reference by file (symbol)

c:/program files (x86)/atmel/studio/7.0/toolchain/arm/arm-gnu-toolchain/bin/../lib/gcc/arm-none-eabi/6.3.1/../../../../arm-none-eabi/lib/thumb/v7e-m\libc.a(lib_a-exit.o)
                              c:/program files (x86)/atmel/studio/7.0/toolchain/arm/arm-gnu-toolchain/bin/../lib/gcc/arm-none-eabi/6.3.1/../../../../arm-none-eabi/lib/thumb/v7e-m/crt0.o (exit)
c:/program files (x86)/atmel/studio/7.0/toolchain/arm/arm-gnu-toolchain/bin/../lib/gcc/arm-none-eabi/6.3.1/../../../../arm-none-eabi/lib/thumb/v7e-m\libc.a(lib_a-impure.o)
                              c:/program files (x86)/atmel/studio/7.0/toolchain/arm/arm-gnu-toolchain/bin/../lib/gcc/arm-none-eabi/6.3.1/../../../../arm-none-eabi/lib/thumb/v7e-m\libc.a(lib_a-exit.o) (_global_impure_ptr)
c:/program files (x86)/atmel/studio/7.0/toolchain/arm/arm-gnu-toolchain/bin/../lib/gcc/arm-none-eabi/6.3.1/../../../../arm-none-eabi/lib/thumb/v7e-m\libc.a(lib_a-init.o)
                              c:/program files (x86)/atmel/studio/7.0/toolchain/arm/arm-gnu-toolchain/bin/../lib/gcc/arm-none-eabi/6.3.1/../../../../arm-none-eabi/lib/thumb/v7e-m/crt0.o (__libc_init_array)
c:/program files (x86)/atmel/studio/7.0/toolchain/arm/arm-gnu-toolchain/bin/../lib/gcc/arm-none-eabi/6.3.1/../../../../arm-none-eabi/lib/thumb/v7e-m\libc.a(lib_a-iprintf.o)
                              src/main.o (iprintf)
c:/program files (x86)/atmel/studio/7.0/toolchain/arm/arm-gnu-toolchain/bin/../lib/gcc/arm-none-eabi/6.3.1/../../../../arm-none-eabi/lib/thumb/v7e-m\libc.a(lib_a-malloc.o)
                              src/ASF/common/components/touch/mxt/mxt_device_1.o (malloc)
c:/program files (x86)/atmel/studio/7.0/toolchain/arm/arm-gnu-toolchain/bin/../lib/gcc/arm-none-eabi/6.3.1/../../../../arm-none-eabi/lib/thumb/v7e-m\libc.a(lib_a-mallocr.o)
                              c:/program files (x86)/atmel/studio/7.0/toolchain/arm/arm-gnu-toolchain/bin/../lib/gcc/arm-none-eabi/6.3.1/../../../../arm-none-eabi/lib/thumb/v7e-m\libc.a(lib_a-malloc.o) (_malloc_r)
c:/program files (x86)/atmel/studio/7.0/toolchain/arm/arm-gnu-toolchain/bin/../lib/gcc/arm-none-eabi/6.3.1/../../../../arm-none-eabi/lib/thumb/v7e-m\libc.a(lib_a-memset.o)
                              c:/program files (x86)/atmel/studio/7.0/toolchain/arm/arm-gnu-toolchain/bin/../lib/gcc/arm-none-eabi/6.3.1/../../../../arm-none-eabi/lib/thumb/v7e-m/crt0.o (memset)
c:/program files (x86)/atmel/studio/7.0/toolchain/arm/arm-gnu-toolchain/bin/../lib/gcc/arm-none-eabi/6.3.1/../../../../arm-none-eabi/lib/thumb/v7e-m\libc.a(lib_a-mlock.o)
                              c:/program files (x86)/atmel/studio/7.0/toolchain/arm/arm-gnu-toolchain/bin/../lib/gcc/arm-none-eabi/6.3.1/../../../../arm-none-eabi/lib/thumb/v7e-m\libc.a(lib_a-mallocr.o) (__malloc_lock)
c:/program files (x86)/atmel/studio/7.0/toolchain/arm/arm-gnu-toolchain/bin/../lib/gcc/arm-none-eabi/6.3.1/../../../../arm-none-eabi/lib/thumb/v7e-m\libc.a(lib_a-sbrkr.o)
                              c:/program files (x86)/atmel/studio/7.0/toolchain/arm/arm-gnu-toolchain/bin/../lib/gcc/arm-none-eabi/6.3.1/../../../../arm-none-eabi/lib/thumb/v7e-m\libc.a(lib_a-mallocr.o) (_sbrk_r)
c:/program files (x86)/atmel/studio/7.0/toolchain/arm/arm-gnu-toolchain/bin/../lib/gcc/arm-none-eabi/6.3.1/../../../../arm-none-eabi/lib/thumb/v7e-m\libc.a(lib_a-setbuf.o)
                              src/main.o (setbuf)
c:/program files (x86)/atmel/studio/7.0/toolchain/arm/arm-gnu-toolchain/bin/../lib/gcc/arm-none-eabi/6.3.1/../../../../arm-none-eabi/lib/thumb/v7e-m\libc.a(lib_a-setvbuf.o)
                              c:/program files (x86)/atmel/studio/7.0/toolchain/arm/arm-gnu-toolchain/bin/../lib/gcc/arm-none-eabi/6.3.1/../../../../arm-none-eabi/lib/thumb/v7e-m\libc.a(lib_a-setbuf.o) (setvbuf)
c:/program files (x86)/atmel/studio/7.0/toolchain/arm/arm-gnu-toolchain/bin/../lib/gcc/arm-none-eabi/6.3.1/../../../../arm-none-eabi/lib/thumb/v7e-m\libc.a(lib_a-sprintf.o)
                              src/main.o (sprintf)
c:/program files (x86)/atmel/studio/7.0/toolchain/arm/arm-gnu-toolchain/bin/../lib/gcc/arm-none-eabi/6.3.1/../../../../arm-none-eabi/lib/thumb/v7e-m\libc.a(lib_a-strcat.o)
                              src/main.o (strcat)
c:/program files (x86)/atmel/studio/7.0/toolchain/arm/arm-gnu-toolchain/bin/../lib/gcc/arm-none-eabi/6.3.1/../../../../arm-none-eabi/lib/thumb/v7e-m\libc.a(lib_a-strcpy.o)
                              c:/program files (x86)/atmel/studio/7.0/toolchain/arm/arm-gnu-toolchain/bin/../lib/gcc/arm-none-eabi/6.3.1/../../../../arm-none-eabi/lib/thumb/v7e-m\libc.a(lib_a-strcat.o) (strcpy)
c:/program files (x86)/atmel/studio/7.0/toolchain/arm/arm-gnu-toolchain/bin/../lib/gcc/arm-none-eabi/6.3.1/../../../../arm-none-eabi/lib/thumb/v7e-m\libc.a(lib_a-strlen.o)
                              src/main.o (strlen)
[...]
Memory Configuration

Name             Origin             Length             Attributes
rom              0x00400000         0x00200000         xr
ram              0x20400000         0x00060000         xrw
*default*        0x00000000         0xffffffff

Linker script and memory map

LOAD c:/program files (x86)/atmel/studio/7.0/toolchain/arm/arm-gnu-toolchain/bin/../lib/gcc/arm-none-eabi/6.3.1/thumb/v7e-m/crti.o
LOAD c:/program files (x86)/atmel/studio/7.0/toolchain/arm/arm-gnu-toolchain/bin/../lib/gcc/arm-none-eabi/6.3.1/thumb/v7e-m/crtbegin.o
LOAD c:/program files (x86)/atmel/studio/7.0/toolchain/arm/arm-gnu-toolchain/bin/../lib/gcc/arm-none-eabi/6.3.1/../../../../arm-none-eabi/lib/thumb/v7e-m/crt0.o
LOAD src/ASF/common/components/touch/mxt/mxt_device_1.o
LOAD src/ASF/common/services/clock/same70/sysclk.o
LOAD src/ASF/common/services/delay/sam/cycle_counter.o
LOAD src/ASF/common/services/serial/usart_serial.o
LOAD src/ASF/common/services/spi/sam_spi/spi_master.o
LOAD src/ASF/common/utils/interrupt/interrupt_sam_nvic.o
LOAD src/ASF/common/utils/stdio/read.o
LOAD src/ASF/common/utils/stdio/write.o
LOAD src/ASF/sam/boards/same70_xplained/init.o
LOAD src/ASF/sam/components/display/ili9488/ili9488.o
LOAD src/ASF/sam/drivers/mpu/mpu.o
LOAD src/ASF/sam/drivers/pio/pio.o
LOAD src/ASF/sam/drivers/pio/pio_handler.o
LOAD src/ASF/sam/drivers/pmc/pmc.o
LOAD src/ASF/sam/drivers/pmc/sleep.o
LOAD src/ASF/sam/drivers/rtt/rtt.o
LOAD src/ASF/sam/drivers/spi/spi.o
LOAD src/ASF/sam/drivers/twihs/twihs.o
LOAD src/ASF/sam/drivers/uart/uart.o
LOAD src/ASF/sam/drivers/usart/usart.o
LOAD src/ASF/sam/utils/cmsis/same70/source/templates/gcc/startup_same70.o
LOAD src/ASF/sam/utils/cmsis/same70/source/templates/system_same70.o
LOAD src/ASF/sam/utils/syscalls/gcc/syscalls.o
LOAD src/main.o
START GROUP
LOAD ../src/ASF/thirdparty/CMSIS/Lib/GCC\libarm_cortexM7lfsp_math_softfp.a
LOAD c:/program files (x86)/atmel/studio/7.0/toolchain/arm/arm-gnu-toolchain/bin/../lib/gcc/arm-none-eabi/6.3.1/../../../../arm-none-eabi/lib/thumb/v7e-m\libm.a
END GROUP
START GROUP
LOAD c:/program files (x86)/atmel/studio/7.0/toolchain/arm/arm-gnu-toolchain/bin/../lib/gcc/arm-none-eabi/6.3.1/thumb/v7e-m\libgcc.a
LOAD c:/program files (x86)/atmel/studio/7.0/toolchain/arm/arm-gnu-toolchain/bin/../lib/gcc/arm-none-eabi/6.3.1/../../../../arm-none-eabi/lib/thumb/v7e-m\libc.a
END GROUP
LOAD c:/program files (x86)/atmel/studio/7.0/toolchain/arm/arm-gnu-toolchain/bin/../lib/gcc/arm-none-eabi/6.3.1/thumb/v7e-m/crtend.o
LOAD c:/program files (x86)/atmel/studio/7.0/toolchain/arm/arm-gnu-toolchain/bin/../lib/gcc/arm-none-eabi/6.3.1/thumb/v7e-m/crtn.o
                0x00002000                STACK_SIZE = DEFINED (STACK_SIZE)?STACK_SIZE:0x2000
                0x2045fffc                __ram_end__ = ((ORIGIN (ram) + LENGTH (ram)) - 0x4)
                0x00000200                HEAP_SIZE = DEFINED (HEAP_SIZE)?HEAP_SIZE:0x200

.text           0x00400000    0x53854
                0x00400000                . = ALIGN (0x4)
                0x00400000                _sfixed = .
 *(.vectors .vectors.*)
 .vectors       0x00400000      0x168 src/ASF/sam/utils/cmsis/same70/source/templates/gcc/startup_same70.o
                0x00400000                exception_table
 *(.text .text.* .gnu.linkonce.t.*)
 .text          0x00400168       0x6c c:/program files (x86)/atmel/studio/7.0/toolchain/arm/arm-gnu-toolchain/bin/../lib/gcc/arm-none-eabi/6.3.1/thumb/v7e-m/crtbegin.o
 .text.mxt_init_device
                0x004001d4      0x298 src/ASF/common/components/touch/mxt/mxt_device_1.o
                0x004001d4                mxt_init_device
 .text.mxt_get_object_address
                0x0040046c       0x40 src/ASF/common/components/touch/mxt/mxt_device_1.o
                0x0040046c                mxt_get_object_address
 .text.mxt_write_config_object
                0x004004ac       0x78 src/ASF/common/components/touch/mxt/mxt_device_1.o
                0x004004ac                mxt_write_config_object
 .text.mxt_write_config_reg
                0x00400524       0x48 src/ASF/common/components/touch/mxt/mxt_device_1.o
                0x00400524                mxt_write_config_reg
 .text.mxt_is_message_pending
                0x0040056c       0x24 src/ASF/common/components/touch/mxt/mxt_device_1.o
                0x0040056c                mxt_is_message_pending
 .text.mxt_read_message
                0x00400590       0x4c src/ASF/common/components/touch/mxt/mxt_device_1.o
                0x00400590                mxt_read_message
 .text.mxt_read_touch_event
                0x004005dc       0x70 src/ASF/common/components/touch/mxt/mxt_device_1.o
                0x004005dc                mxt_read_touch_event
 .text.sysclk_init
                0x0040064c       0x74 src/ASF/common/services/clock/same70/sysclk.o
                0x0040064c                sysclk_init
 .text.usart_serial_write_packet
                0x004006c0       0xd8 src/ASF/common/services/serial/usart_serial.o
                0x004006c0                usart_serial_write_packet
 .text.spi_master_init
                0x00400798       0x54 src/ASF/common/services/spi/sam_spi/spi_master.o
                0x00400798                spi_master_init
 .text.spi_master_setup_device
                0x004007ec       0x80 src/ASF/common/services/spi/sam_spi/spi_master.o
                0x004007ec                spi_master_setup_device
 .text.spi_select_device
                0x0040086c       0x30 src/ASF/common/services/spi/sam_spi/spi_master.o
                0x0040086c                spi_select_device
 .text.spi_write_packet
                0x0040089c       0x36 src/ASF/common/services/spi/sam_spi/spi_master.o
                0x0040089c                spi_write_packet
 .text.spi_read_packet
                0x004008d2       0x54 src/ASF/common/services/spi/sam_spi/spi_master.o
                0x004008d2                spi_read_packet
 *fill*         0x00400926        0x2 
 .text._read    0x00400928       0x3c src/ASF/common/utils/stdio/read.o
                0x00400928                _read
 .text._write   0x00400964       0x50 src/ASF/common/utils/stdio/write.o
                0x00400964                _write
 .text.board_init
                0x004009b4      0x2bc src/ASF/sam/boards/same70_xplained/init.o
                0x004009b4                board_init
 .text.ili9488_check_box_coordinates
                0x00400c70       0x56 src/ASF/sam/components/display/ili9488/ili9488.o
 *fill*         0x00400cc6        0x2 
 .text.ili9488_write_ram_prepare
                0x00400cc8       0x3c src/ASF/sam/components/display/ili9488/ili9488.o
 .text.ili9488_write_register
                0x00400d04       0x74 src/ASF/sam/components/display/ili9488/ili9488.o
 .text.ili9488_write_ram_buffer
                0x00400d78       0x40 src/ASF/sam/components/display/ili9488/ili9488.o
 .text.ili9488_delay
                0x00400db8       0x1c src/ASF/sam/components/display/ili9488/ili9488.o
                0x00400db8                ili9488_delay
 .text.ili9488_set_display_direction
                0x00400dd4       0x2c src/ASF/sam/components/display/ili9488/ili9488.o
                0x00400dd4                ili9488_set_display_direction
 .text.ili9488_set_window
                0x00400e00       0x80 src/ASF/sam/components/display/ili9488/ili9488.o
                0x00400e00                ili9488_set_window
 .text.ili9488_display_on
                0x00400e80       0x14 src/ASF/sam/components/display/ili9488/ili9488.o
                0x00400e80                ili9488_display_on
 .text.ili9488_set_foreground_color
                0x00400e94       0x28 src/ASF/sam/components/display/ili9488/ili9488.o
                0x00400e94                ili9488_set_foreground_color
 .text.ili9488_set_cursor_position
                0x00400ebc       0x64 src/ASF/sam/components/display/ili9488/ili9488.o
                0x00400ebc                ili9488_set_cursor_position
 .text.ili9488_init
                0x00400f20      0x1c4 src/ASF/sam/components/display/ili9488/ili9488.o
                0x00400f20                ili9488_init
 .text.ili9488_draw_pixel
                0x004010e4       0x3c src/ASF/sam/components/display/ili9488/ili9488.o
                0x004010e4                ili9488_draw_pixel
 .text.ili9488_draw_filled_rectangle
                0x00401120       0xbc src/ASF/sam/components/display/ili9488/ili9488.o
                0x00401120                ili9488_draw_filled_rectangle
 .text.ili9488_draw_string
                0x004011dc       0xb0 src/ASF/sam/components/display/ili9488/ili9488.o
                0x004011dc                ili9488_draw_string
 .text.ili9488_draw_pixmap
                0x0040128c       0x78 src/ASF/sam/components/display/ili9488/ili9488.o
                0x0040128c                ili9488_draw_pixmap
 .text.pio_set  0x00401304        0x4 src/ASF/sam/drivers/pio/pio.o
                0x00401304                pio_set
 .text.pio_clear
                0x00401308        0x4 src/ASF/sam/drivers/pio/pio.o
                0x00401308                pio_clear
 .text.pio_set_peripheral
                0x0040130c       0x92 src/ASF/sam/drivers/pio/pio.o
                0x0040130c                pio_set_peripheral
 .text.pio_set_input
                0x0040139e       0x36 src/ASF/sam/drivers/pio/pio.o
                0x0040139e                pio_set_input
 .text.pio_set_output
                0x004013d4       0x28 src/ASF/sam/drivers/pio/pio.o
                0x004013d4                pio_set_output
 .text.pio_configure
                0x004013fc       0x90 src/ASF/sam/drivers/pio/pio.o
                0x004013fc                pio_configure
 .text.pio_get_output_data_status
                0x0040148c        0xc src/ASF/sam/drivers/pio/pio.o
                0x0040148c                pio_get_output_data_status
 .text.pio_get_interrupt_status
                0x00401498        0x4 src/ASF/sam/drivers/pio/pio.o
                0x00401498                pio_get_interrupt_status
 .text.pio_get_interrupt_mask
                0x0040149c        0x4 src/ASF/sam/drivers/pio/pio.o
                0x0040149c                pio_get_interrupt_mask
 .text.pio_set_pin_high
                0x004014a0       0x1c src/ASF/sam/drivers/pio/pio.o
                0x004014a0                pio_set_pin_high
 .text.pio_set_pin_low
                0x004014bc       0x1c src/ASF/sam/drivers/pio/pio.o
                0x004014bc                pio_set_pin_low
 .text.pio_configure_pin
                0x004014d8      0x130 src/ASF/sam/drivers/pio/pio.o
                0x004014d8                pio_configure_pin
 .text.pio_handler_process
                0x00401608       0x50 src/ASF/sam/drivers/pio/pio_handler.o
                0x00401608                pio_handler_process
 .text.PIOA_Handler
                0x00401658       0x14 src/ASF/sam/drivers/pio/pio_handler.o
                0x00401658                PIOA_Handler
 .text.PIOB_Handler
                0x0040166c       0x14 src/ASF/sam/drivers/pio/pio_handler.o
                0x0040166c                PIOB_Handler
 .text.PIOC_Handler
                0x00401680       0x14 src/ASF/sam/drivers/pio/pio_handler.o
                0x00401680                PIOC_Handler
 .text.PIOD_Handler
                0x00401694       0x14 src/ASF/sam/drivers/pio/pio_handler.o
                0x00401694                PIOD_Handler
 .text.PIOE_Handler
                0x004016a8       0x14 src/ASF/sam/drivers/pio/pio_handler.o
                0x004016a8                PIOE_Handler
 .text.pmc_mck_set_division
                0x004016bc       0x38 src/ASF/sam/drivers/pmc/pmc.o
                0x004016bc                pmc_mck_set_division
 .text.pmc_switch_mck_to_pllack
                0x004016f4       0x64 src/ASF/sam/drivers/pmc/pmc.o
                0x004016f4                pmc_switch_mck_to_pllack
 .text.pmc_switch_mainck_to_xtal
                0x00401758       0x54 src/ASF/sam/drivers/pmc/pmc.o
                0x00401758                pmc_switch_mainck_to_xtal
 .text.pmc_osc_is_ready_mainck
                0x004017ac       0x10 src/ASF/sam/drivers/pmc/pmc.o
                0x004017ac                pmc_osc_is_ready_mainck
 .text.pmc_disable_pllack
                0x004017bc       0x10 src/ASF/sam/drivers/pmc/pmc.o
                0x004017bc                pmc_disable_pllack
 .text.pmc_is_locked_pllack
                0x004017cc       0x10 src/ASF/sam/drivers/pmc/pmc.o
                0x004017cc                pmc_is_locked_pllack
 .text.pmc_enable_periph_clk
                0x004017dc       0x20 src/ASF/sam/drivers/pmc/pmc.o
                0x004017dc                pmc_enable_periph_clk
 .text.rtt_init
                0x004017fc       0x14 src/ASF/sam/drivers/rtt/rtt.o
                0x004017fc                rtt_init
 .text.rtt_sel_source
                0x00401810       0x2c src/ASF/sam/drivers/rtt/rtt.o
                0x00401810                rtt_sel_source
 .text.rtt_enable_interrupt
                0x0040183c       0x14 src/ASF/sam/drivers/rtt/rtt.o
                0x0040183c                rtt_enable_interrupt
 .text.rtt_disable_interrupt
                0x00401850       0x14 src/ASF/sam/drivers/rtt/rtt.o
                0x00401850                rtt_disable_interrupt
 .text.rtt_read_timer_value
                0x00401864       0x14 src/ASF/sam/drivers/rtt/rtt.o
                0x00401864                rtt_read_timer_value
 .text.rtt_get_status
                0x00401878        0x4 src/ASF/sam/drivers/rtt/rtt.o
                0x00401878                rtt_get_status
 .text.rtt_write_alarm_time
                0x0040187c       0x44 src/ASF/sam/drivers/rtt/rtt.o
                0x0040187c                rtt_write_alarm_time
 .text.spi_enable_clock
                0x004018c0       0x2c src/ASF/sam/drivers/spi/spi.o
                0x004018c0                spi_enable_clock
 .text.spi_set_peripheral_chip_select_value
                0x004018ec       0x16 src/ASF/sam/drivers/spi/spi.o
                0x004018ec                spi_set_peripheral_chip_select_value
 .text.spi_set_delay_between_chip_select
                0x00401902       0x12 src/ASF/sam/drivers/spi/spi.o
                0x00401902                spi_set_delay_between_chip_select
 .text.spi_write
                0x00401914       0x34 src/ASF/sam/drivers/spi/spi.o
                0x00401914                spi_write
 .text.spi_set_clock_polarity
                0x00401948       0x1e src/ASF/sam/drivers/spi/spi.o
                0x00401948                spi_set_clock_polarity
 .text.spi_set_clock_phase
                0x00401966       0x1e src/ASF/sam/drivers/spi/spi.o
                0x00401966                spi_set_clock_phase
 .text.spi_configure_cs_behavior
                0x00401984       0x46 src/ASF/sam/drivers/spi/spi.o
                0x00401984                spi_configure_cs_behavior
 .text.spi_set_bits_per_transfer
                0x004019ca       0x14 src/ASF/sam/drivers/spi/spi.o
                0x004019ca                spi_set_bits_per_transfer
 .text.spi_calc_baudrate_div
                0x004019de       0x16 src/ASF/sam/drivers/spi/spi.o
                0x004019de                spi_calc_baudrate_div
 .text.spi_set_baudrate_div
                0x004019f4       0x28 src/ASF/sam/drivers/spi/spi.o
                0x004019f4                spi_set_baudrate_div
 .text.spi_set_transfer_delay
                0x00401a1c       0x1e src/ASF/sam/drivers/spi/spi.o
                0x00401a1c                spi_set_transfer_delay
 *fill*         0x00401a3a        0x2 
 .text.twihs_set_speed
                0x00401a3c       0xb0 src/ASF/sam/drivers/twihs/twihs.o
                0x00401a3c                twihs_set_speed
 .text.twihs_master_init
                0x00401aec       0x34 src/ASF/sam/drivers/twihs/twihs.o
                0x00401aec                twihs_master_init
 .text.twihs_master_read
                0x00401b20       0xac src/ASF/sam/drivers/twihs/twihs.o
                0x00401b20                twihs_master_read
 .text.twihs_master_write
                0x00401bcc       0xa0 src/ASF/sam/drivers/twihs/twihs.o
                0x00401bcc                twihs_master_write
 .text.uart_write
                0x00401c6c       0x12 src/ASF/sam/drivers/uart/uart.o
                0x00401c6c                uart_write
 .text.uart_read
                0x00401c7e       0x14 src/ASF/sam/drivers/uart/uart.o
                0x00401c7e                uart_read
 .text.usart_set_async_baudrate
                0x00401c92       0x5a src/ASF/sam/drivers/usart/usart.o
                0x00401c92                usart_set_async_baudrate
 .text.usart_reset
                0x00401cec       0x28 src/ASF/sam/drivers/usart/usart.o
                0x00401cec                usart_reset
 .text.usart_init_rs232
                0x00401d14       0x54 src/ASF/sam/drivers/usart/usart.o
                0x00401d14                usart_init_rs232
 .text.usart_enable_tx
                0x00401d68        0x6 src/ASF/sam/drivers/usart/usart.o
                0x00401d68                usart_enable_tx
 .text.usart_enable_rx
                0x00401d6e        0x6 src/ASF/sam/drivers/usart/usart.o
                0x00401d6e                usart_enable_rx
 .text.usart_write
                0x00401d74       0x16 src/ASF/sam/drivers/usart/usart.o
                0x00401d74                usart_write
 .text.usart_read
                0x00401d8a       0x18 src/ASF/sam/drivers/usart/usart.o
                0x00401d8a                usart_read
 .text.Dummy_Handler
                0x00401da2        0x2 src/ASF/sam/utils/cmsis/same70/source/templates/gcc/startup_same70.o
                0x00401da2                DACC_Handler
                0x00401da2                DebugMon_Handler
                0x00401da2                UART3_Handler
                0x00401da2                UART2_Handler
                0x00401da2                TRNG_Handler
                0x00401da2                HardFault_Handler
                0x00401da2                TC2_Handler
                0x00401da2                SysTick_Handler
                0x00401da2                AFEC1_Handler
                0x00401da2                PendSV_Handler
                0x00401da2                NMI_Handler
                0x00401da2                TC7_Handler
                0x00401da2                QSPI_Handler
                0x00401da2                ISI_Handler
                0x00401da2                MCAN0_INT0_Handler
                0x00401da2                TC9_Handler
                0x00401da2                RSWDT_Handler
                0x00401da2                USART0_Handler
                0x00401da2                USBHS_Handler
                0x00401da2                IXC_Handler
                0x00401da2                CCF_Handler
                0x00401da2                RTC_Handler
                0x00401da2                UsageFault_Handler
                0x00401da2                TC6_Handler
                0x00401da2                WDT_Handler
                0x00401da2                MCAN1_INT1_Handler
                0x00401da2                TC4_Handler
                0x00401da2                TC1_Handler
                0x00401da2                HSMCI_Handler
                0x00401da2                UART1_Handler
                0x00401da2                TC3_Handler
                0x00401da2                Dummy_Handler
                0x00401da2                TWIHS1_Handler
                0x00401da2                XDMAC_Handler
                0x00401da2                UART4_Handler
                0x00401da2                PWM1_Handler
                0x00401da2                USART1_Handler
                0x00401da2                PWM0_Handler
                0x00401da2                AFEC0_Handler
                0x00401da2                CCW_Handler
                0x00401da2                SSC_Handler
                0x00401da2                TC11_Handler
                0x00401da2                ACC_Handler
                0x00401da2                PMC_Handler
                0x00401da2                GMAC_Handler
                0x00401da2                MCAN0_INT1_Handler
                0x00401da2                GMAC_Q5_Handler
                0x00401da2                MemManage_Handler
                0x00401da2                SUPC_Handler
                0x00401da2                SVC_Handler
                0x00401da2                TC8_Handler
                0x00401da2                MCAN1_INT0_Handler
                0x00401da2                EFC_Handler
                0x00401da2                GMAC_Q1_Handler
                0x00401da2                USART2_Handler
                0x00401da2                SDRAMC_Handler
                0x00401da2                GMAC_Q2_Handler
                0x00401da2                SPI1_Handler
                0x00401da2                TC10_Handler
                0x00401da2                GMAC_Q3_Handler
                0x00401da2                TWIHS2_Handler
                0x00401da2                I2SC0_Handler
                0x00401da2                UART0_Handler
                0x00401da2                I2SC1_Handler
                0x00401da2                GMAC_Q4_Handler
                0x00401da2                FPU_Handler
                0x00401da2                BusFault_Handler
                0x00401da2                RSTC_Handler
                0x00401da2                TC0_Handler
                0x00401da2                TC5_Handler
                0x00401da2                ICM_Handler
                0x00401da2                AES_Handler
                0x00401da2                TWIHS0_Handler
                0x00401da2                SPI0_Handler
 .text.Reset_Handler
                0x00401da4       0xc8 src/ASF/sam/utils/cmsis/same70/source/templates/gcc/startup_same70.o
                0x00401da4                Reset_Handler
 .text.SystemCoreClockUpdate
                0x00401e6c      0x10c src/ASF/sam/utils/cmsis/same70/source/templates/system_same70.o
                0x00401e6c                SystemCoreClockUpdate
 .text.system_init_flash
                0x00401f78       0x8c src/ASF/sam/utils/cmsis/same70/source/templates/system_same70.o
                0x00401f78                system_init_flash
 .text._sbrk    0x00402004       0x38 src/ASF/sam/utils/syscalls/gcc/syscalls.o
                0x00402004                _sbrk
 .text._close   0x0040203c        0x6 src/ASF/sam/utils/syscalls/gcc/syscalls.o
                0x0040203c                _close
 .text._fstat   0x00402042        0xa src/ASF/sam/utils/syscalls/gcc/syscalls.o
                0x00402042                _fstat
 .text._isatty  0x0040204c        0x4 src/ASF/sam/utils/syscalls/gcc/syscalls.o
                0x0040204c                _isatty
 .text._lseek   0x00402050        0x4 src/ASF/sam/utils/syscalls/gcc/syscalls.o
                0x00402050                _lseek
 .text.usart_serial_getchar
                0x00402054       0xdc src/main.o
 .text.usart_serial_putchar
                0x00402130       0xd4 src/main.o
 .text.inicio   0x00402204       0xd4 src/main.o
                0x00402204                inicio
 .text.pin_toggle
                0x004022d8       0x2c src/main.o
                0x004022d8                pin_toggle
 .text.RTT_Handler
                0x00402304       0x38 src/main.o
                0x00402304                RTT_Handler
 .text.io_init  0x0040233c       0x28 src/main.o
                0x0040233c                io_init
 .text.processa_touch
                0x00402364       0x6c src/main.o
                0x00402364                processa_touch
 .text.font_draw_text
                0x004023d0       0x60 src/main.o
                0x004023d0                font_draw_text
 .text.draw_screen
                0x00402430       0x28 src/main.o
                0x00402430                draw_screen
 .text.tela_atual
                0x00402458       0x64 src/main.o
                0x00402458                tela_atual
 .text.rapida_callback
                0x004024bc       0x68 src/main.o
                0x004024bc                rapida_callback
 .text.diadia_callback
                0x00402524       0x68 src/main.o
                0x00402524                diadia_callback
 .text.pesada_callback
                0x0040258c       0x68 src/main.o
                0x0040258c                pesada_callback
 .text.mxt_handler
                0x004025f4       0xd8 src/main.o
                0x004025f4                mxt_handler
 .text.main     0x004026cc      0x390 src/main.o
                0x004026cc                main
 .text.__libc_init_array
                0x00402a5c       0x50 c:/program files (x86)/atmel/studio/7.0/toolchain/arm/arm-gnu-toolchain/bin/../lib/gcc/arm-none-eabi/6.3.1/../../../../arm-none-eabi/lib/thumb/v7e-m\libc.a(lib_a-init.o)
                0x00402a5c                __libc_init_array
 .text.iprintf  0x00402aac       0x28 c:/program files (x86)/atmel/studio/7.0/toolchain/arm/arm-gnu-toolchain/bin/../lib/gcc/arm-none-eabi/6.3.1/../../../../arm-none-eabi/lib/thumb/v7e-m\libc.a(lib_a-iprintf.o)
                0x00402aac                iprintf
 .text.malloc   0x00402ad4       0x10 c:/program files (x86)/atmel/studio/7.0/toolchain/arm/arm-gnu-toolchain/bin/../lib/gcc/arm-none-eabi/6.3.1/../../../../arm-none-eabi/lib/thumb/v7e-m\libc.a(lib_a-malloc.o)
                0x00402ad4                malloc
 .text._malloc_r
                0x00402ae4      0x560 c:/program files (x86)/atmel/studio/7.0/toolchain/arm/arm-gnu-toolchain/bin/../lib/gcc/arm-none-eabi/6.3.1/../../../../arm-none-eabi/lib/thumb/v7e-m\libc.a(lib_a-mallocr.o)
                0x00402ae4                _malloc_r
 .text.memset   0x00403044       0x9c c:/program files (x86)/atmel/studio/7.0/toolchain/arm/arm-gnu-toolchain/bin/../lib/gcc/arm-none-eabi/6.3.1/../../../../arm-none-eabi/lib/thumb/v7e-m\libc.a(lib_a-memset.o)
                0x00403044                memset
 .text.__malloc_lock
                0x004030e0        0xc c:/program files (x86)/atmel/studio/7.0/toolchain/arm/arm-gnu-toolchain/bin/../lib/gcc/arm-none-eabi/6.3.1/../../../../arm-none-eabi/lib/thumb/v7e-m\libc.a(lib_a-mlock.o)
                0x004030e0                __malloc_lock
 .text.__malloc_unlock
                0x004030ec        0xc c:/program files (x86)/atmel/studio/7.0/toolchain/arm/arm-gnu-toolchain/bin/../lib/gcc/arm-none-eabi/6.3.1/../../../../arm-none-eabi/lib/thumb/v7e-m\libc.a(lib_a-mlock.o)
                0x004030ec                __malloc_unlock
 .text._sbrk_r  0x004030f8       0x24 c:/program files (x86)/atmel/studio/7.0/toolchain/arm/arm-gnu-toolchain/bin/../lib/gcc/arm-none-eabi/6.3.1/../../../../arm-none-eabi/lib/thumb/v7e-m\libc.a(lib_a-sbrkr.o)
                0x004030f8                _sbrk_r
 .text.setbuf   0x0040311c       0x10 c:/program files (x86)/atmel/studio/7.0/toolchain/arm/arm-gnu-toolchain/bin/../lib/gcc/arm-none-eabi/6.3.1/../../../../arm-none-eabi/lib/thumb/v7e-m\libc.a(lib_a-setbuf.o)
                0x0040311c                setbuf
 .text.setvbuf  0x0040312c      0x190 c:/program files (x86)/atmel/studio/7.0/toolchain/arm/arm-gnu-toolchain/bin/../lib/gcc/arm-none-eabi/6.3.1/../../../../arm-none-eabi/lib/thumb/v7e-m\libc.a(lib_a-setvbuf.o)
                0x0040312c                setvbuf
 .text.sprintf  0x004032bc       0x4c c:/program files (x86)/atmel/studio/7.0/toolchain/arm/arm-gnu-toolchain/bin/../lib/gcc/arm-none-eabi/6.3.1/../../../../arm-none-eabi/lib/thumb/v7e-m\libc.a(lib_a-sprintf.o)
                0x004032bc                sprintf
 .text.strcat   0x00403308       0x40 c:/program files (x86)/atmel/studio/7.0/toolchain/arm/arm-gnu-toolchain/bin/../lib/gcc/arm-none-eabi/6.3.1/../../../../arm-none-eabi/lib/thumb/v7e-m\libc.a(lib_a-strcat.o)
                0x00403308                strcat
 .text.strcpy   0x00403348       0xbc c:/program files (x86)/atmel/studio/7.0/toolchain/arm/arm-gnu-toolchain/bin/../lib/gcc/arm-none-eabi/6.3.1/../../../../arm-none-eabi/lib/thumb/v7e-m\libc.a(lib_a-strcpy.o)
                0x00403348                strcpy
 *fill*         0x00403404       0x3c 
 .text          0x00403440       0xdc c:/program files (x86)/atmel/studio/7.0/toolchain/arm/arm-gnu-toolchain/bin/../lib/gcc/arm-none-eabi/6.3.1/../../../../arm-none-eabi/lib/thumb/v7e-m\libc.a(lib_a-strlen.o)
                0x00403440                strlen
 .text._svfprintf_r
                0x0040351c     0x145c c:/program files (x86)/atmel/studio/7.0/toolchain/arm/arm-gnu-toolchain/bin/../lib/gcc/arm-none-eabi/6.3.1/../../../../arm-none-eabi/lib/thumb/v7e-m\libc.a(lib_a-svfprintf.o)
                0x0040351c                _svfprintf_r
 .text.__sprint_r.part.0
                0x00404978       0x80 c:/program files (x86)/atmel/studio/7.0/toolchain/arm/arm-gnu-toolchain/bin/../lib/gcc/arm-none-eabi/6.3.1/../../../../arm-none-eabi/lib/thumb/v7e-m\libc.a(lib_a-vfiprintf.o)
 .text._vfiprintf_r
                0x004049f8      0xc90 c:/program files (x86)/atmel/studio/7.0/toolchain/arm/arm-gnu-toolchain/bin/../lib/gcc/arm-none-eabi/6.3.1/../../../../arm-none-eabi/lib/thumb/v7e-m\libc.a(lib_a-vfiprintf.o)
                0x004049f8                _vfiprintf_r
 .text.__sbprintf
                0x00405688       0x84 c:/program files (x86)/atmel/studio/7.0/toolchain/arm/arm-gnu-toolchain/bin/../lib/gcc/arm-none-eabi/6.3.1/../../../../arm-none-eabi/lib/thumb/v7e-m\libc.a(lib_a-vfiprintf.o)
 .text.__swsetup_r
                0x0040570c       0xc8 c:/program files (x86)/atmel/studio/7.0/toolchain/arm/arm-gnu-toolchain/bin/../lib/gcc/arm-none-eabi/6.3.1/../../../../arm-none-eabi/lib/thumb/v7e-m\libc.a(lib_a-wsetup.o)
                0x0040570c                __swsetup_r
 .text.startup.register_fini
                0x004057d4       0x14 c:/program files (x86)/atmel/studio/7.0/toolchain/arm/arm-gnu-toolchain/bin/../lib/gcc/arm-none-eabi/6.3.1/../../../../arm-none-eabi/lib/thumb/v7e-m\libc.a(lib_a-__call_atexit.o)
 .text.atexit   0x004057e8        0xc c:/program files (x86)/atmel/studio/7.0/toolchain/arm/arm-gnu-toolchain/bin/../lib/gcc/arm-none-eabi/6.3.1/../../../../arm-none-eabi/lib/thumb/v7e-m\libc.a(lib_a-atexit.o)
                0x004057e8                atexit
 .text.quorem   0x004057f4      0x128 c:/program files (x86)/atmel/studio/7.0/toolchain/arm/arm-gnu-toolchain/bin/../lib/gcc/arm-none-eabi/6.3.1/../../../../arm-none-eabi/lib/thumb/v7e-m\libc.a(lib_a-dtoa.o)
 *fill*         0x0040591c        0x4 
 .text._dtoa_r  0x00405920      0xe54 c:/program files (x86)/atmel/studio/7.0/toolchain/arm/arm-gnu-toolchain/bin/../lib/gcc/arm-none-eabi/6.3.1/../../../../arm-none-eabi/lib/thumb/v7e-m\libc.a(lib_a-dtoa.o)
                0x00405920                _dtoa_r
 .text.__sflush_r
                0x00406774      0x140 c:/program files (x86)/atmel/studio/7.0/toolchain/arm/arm-gnu-toolchain/bin/../lib/gcc/arm-none-eabi/6.3.1/../../../../arm-none-eabi/lib/thumb/v7e-m\libc.a(lib_a-fflush.o)
                0x00406774                __sflush_r
 .text._fflush_r
                0x004068b4       0x54 c:/program files (x86)/atmel/studio/7.0/toolchain/arm/arm-gnu-toolchain/bin/../lib/gcc/arm-none-eabi/6.3.1/../../../../arm-none-eabi/lib/thumb/v7e-m\libc.a(lib_a-fflush.o)
                0x004068b4                _fflush_r
 .text._cleanup_r
                0x00406908        0xc c:/program files (x86)/atmel/studio/7.0/toolchain/arm/arm-gnu-toolchain/bin/../lib/gcc/arm-none-eabi/6.3.1/../../../../arm-none-eabi/lib/thumb/v7e-m\libc.a(lib_a-findfp.o)
                0x00406908                _cleanup_r
 .text.std.isra.0
                0x00406914       0x50 c:/program files (x86)/atmel/studio/7.0/toolchain/arm/arm-gnu-toolchain/bin/../lib/gcc/arm-none-eabi/6.3.1/../../../../arm-none-eabi/lib/thumb/v7e-m\libc.a(lib_a-findfp.o)
 .text.__sinit  0x00406964       0x58 c:/program files (x86)/atmel/studio/7.0/toolchain/arm/arm-gnu-toolchain/bin/../lib/gcc/arm-none-eabi/6.3.1/../../../../arm-none-eabi/lib/thumb/v7e-m\libc.a(lib_a-findfp.o)
                0x00406964                __sinit
 .text.__sfp_lock_acquire
                0x004069bc        0xc c:/program files (x86)/atmel/studio/7.0/toolchain/arm/arm-gnu-toolchain/bin/../lib/gcc/arm-none-eabi/6.3.1/../../../../arm-none-eabi/lib/thumb/v7e-m\libc.a(lib_a-findfp.o)
                0x004069bc                __sfp_lock_acquire
 .text.__sfp_lock_release
                0x004069c8        0xc c:/program files (x86)/atmel/studio/7.0/toolchain/arm/arm-gnu-toolchain/bin/../lib/gcc/arm-none-eabi/6.3.1/../../../../arm-none-eabi/lib/thumb/v7e-m\libc.a(lib_a-findfp.o)
                0x004069c8                __sfp_lock_release
 .text.__libc_fini_array
                0x004069d4       0x34 c:/program files (x86)/atmel/studio/7.0/toolchain/arm/arm-gnu-toolchain/bin/../lib/gcc/arm-none-eabi/6.3.1/../../../../arm-none-eabi/lib/thumb/v7e-m\libc.a(lib_a-fini.o)
                0x004069d4                __libc_fini_array
 .text.__fputwc
                0x00406a08       0xa0 c:/program files (x86)/atmel/studio/7.0/toolchain/arm/arm-gnu-toolchain/bin/../lib/gcc/arm-none-eabi/6.3.1/../../../../arm-none-eabi/lib/thumb/v7e-m\libc.a(lib_a-fputwc.o)
                0x00406a08                __fputwc
 .text._fputwc_r
                0x00406aa8       0x68 c:/program files (x86)/atmel/studio/7.0/toolchain/arm/arm-gnu-toolchain/bin/../lib/gcc/arm-none-eabi/6.3.1/../../../../arm-none-eabi/lib/thumb/v7e-m\libc.a(lib_a-fputwc.o)
                0x00406aa8                _fputwc_r
 .text._malloc_trim_r
                0x00406b10       0xa0 c:/program files (x86)/atmel/studio/7.0/toolchain/arm/arm-gnu-toolchain/bin/../lib/gcc/arm-none-eabi/6.3.1/../../../../arm-none-eabi/lib/thumb/v7e-m\libc.a(lib_a-freer.o)
                0x00406b10                _malloc_trim_r
 .text._free_r  0x00406bb0      0x1cc c:/program files (x86)/atmel/studio/7.0/toolchain/arm/arm-gnu-toolchain/bin/../lib/gcc/arm-none-eabi/6.3.1/../../../../arm-none-eabi/lib/thumb/v7e-m\libc.a(lib_a-freer.o)
                0x00406bb0                _free_r
 .text.__sfvwrite_r
                0x00406d7c      0x2f0 c:/program files (x86)/atmel/studio/7.0/toolchain/arm/arm-gnu-toolchain/bin/../lib/gcc/arm-none-eabi/6.3.1/../../../../arm-none-eabi/lib/thumb/v7e-m\libc.a(lib_a-fvwrite.o)
                0x00406d7c                __sfvwrite_r
 .text._fwalk_reent
                0x0040706c       0x54 c:/program files (x86)/atmel/studio/7.0/toolchain/arm/arm-gnu-toolchain/bin/../lib/gcc/arm-none-eabi/6.3.1/../../../../arm-none-eabi/lib/thumb/v7e-m\libc.a(lib_a-fwalk.o)
                0x0040706c                _fwalk_reent
 .text.__locale_mb_cur_max
                0x004070c0       0x1c c:/program files (x86)/atmel/studio/7.0/toolchain/arm/arm-gnu-toolchain/bin/../lib/gcc/arm-none-eabi/6.3.1/../../../../arm-none-eabi/lib/thumb/v7e-m\libc.a(lib_a-locale.o)
                0x004070c0                __locale_mb_cur_max
 .text._localeconv_r
                0x004070dc       0x1c c:/program files (x86)/atmel/studio/7.0/toolchain/arm/arm-gnu-toolchain/bin/../lib/gcc/arm-none-eabi/6.3.1/../../../../arm-none-eabi/lib/thumb/v7e-m\libc.a(lib_a-localeconv.o)
                0x004070dc                _localeconv_r
 .text.__retarget_lock_init_recursive
                0x004070f8        0x4 c:/program files (x86)/atmel/studio/7.0/toolchain/arm/arm-gnu-toolchain/bin/../lib/gcc/arm-none-eabi/6.3.1/../../../../arm-none-eabi/lib/thumb/v7e-m\libc.a(lib_a-lock.o)
                0x004070f8                __retarget_lock_init_recursive
 .text.__retarget_lock_close_recursive
                0x004070fc        0x4 c:/program files (x86)/atmel/studio/7.0/toolchain/arm/arm-gnu-toolchain/bin/../lib/gcc/arm-none-eabi/6.3.1/../../../../arm-none-eabi/lib/thumb/v7e-m\libc.a(lib_a-lock.o)
                0x004070fc                __retarget_lock_close_recursive
 .text.__retarget_lock_acquire_recursive
                0x00407100        0x4 c:/program files (x86)/atmel/studio/7.0/toolchain/arm/arm-gnu-toolchain/bin/../lib/gcc/arm-none-eabi/6.3.1/../../../../arm-none-eabi/lib/thumb/v7e-m\libc.a(lib_a-lock.o)
                0x00407100                __retarget_lock_acquire_recursive
 .text.__retarget_lock_release_recursive
                0x00407104        0x4 c:/program files (x86)/atmel/studio/7.0/toolchain/arm/arm-gnu-toolchain/bin/../lib/gcc/arm-none-eabi/6.3.1/../../../../arm-none-eabi/lib/thumb/v7e-m\libc.a(lib_a-lock.o)
                0x00407104                __retarget_lock_release_recursive
 .text.__swhatbuf_r
                0x00407108       0x5c c:/program files (x86)/atmel/studio/7.0/toolchain/arm/arm-gnu-toolchain/bin/../lib/gcc/arm-none-eabi/6.3.1/../../../../arm-none-eabi/lib/thumb/v7e-m\libc.a(lib_a-makebuf.o)
                0x00407108                __swhatbuf_r
 .text.__smakebuf_r
                0x00407164       0x94 c:/program files (x86)/atmel/studio/7.0/toolchain/arm/arm-gnu-toolchain/bin/../lib/gcc/arm-none-eabi/6.3.1/../../../../arm-none-eabi/lib/thumb/v7e-m\libc.a(lib_a-makebuf.o)
                0x00407164                __smakebuf_r
 .text.__ascii_mbtowc
                0x004071f8       0x2c c:/program files (x86)/atmel/studio/7.0/toolchain/arm/arm-gnu-toolchain/bin/../lib/gcc/arm-none-eabi/6.3.1/../../../../arm-none-eabi/lib/thumb/v7e-m\libc.a(lib_a-mbtowc_r.o)
                0x004071f8                __ascii_mbtowc
 *fill*         0x00407224        0xc 
 .text          0x00407230       0xa0 c:/program files (x86)/atmel/studio/7.0/toolchain/arm/arm-gnu-toolchain/bin/../lib/gcc/arm-none-eabi/6.3.1/../../../../arm-none-eabi/lib/thumb/v7e-m\libc.a(lib_a-memchr.o)
                0x00407230                memchr
 .text          0x004072d0      0x134 c:/program files (x86)/atmel/studio/7.0/toolchain/arm/arm-gnu-toolchain/bin/../lib/gcc/arm-none-eabi/6.3.1/../../../../arm-none-eabi/lib/thumb/v7e-m\libc.a(lib_a-memcpy.o)
                0x004072d0                memcpy
 .text.memmove  0x00407404       0xc8 c:/program files (x86)/atmel/studio/7.0/toolchain/arm/arm-gnu-toolchain/bin/../lib/gcc/arm-none-eabi/6.3.1/../../../../arm-none-eabi/lib/thumb/v7e-m\libc.a(lib_a-memmove.o)
                0x00407404                memmove
 .text._Balloc  0x004074cc       0x4c c:/program files (x86)/atmel/studio/7.0/toolchain/arm/arm-gnu-toolchain/bin/../lib/gcc/arm-none-eabi/6.3.1/../../../../arm-none-eabi/lib/thumb/v7e-m\libc.a(lib_a-mprec.o)
                0x004074cc                _Balloc
 .text._Bfree   0x00407518       0x14 c:/program files (x86)/atmel/studio/7.0/toolchain/arm/arm-gnu-toolchain/bin/../lib/gcc/arm-none-eabi/6.3.1/../../../../arm-none-eabi/lib/thumb/v7e-m\libc.a(lib_a-mprec.o)
                0x00407518                _Bfree
 .text.__multadd
                0x0040752c       0x80 c:/program files (x86)/atmel/studio/7.0/toolchain/arm/arm-gnu-toolchain/bin/../lib/gcc/arm-none-eabi/6.3.1/../../../../arm-none-eabi/lib/thumb/v7e-m\libc.a(lib_a-mprec.o)
                0x0040752c                __multadd
 .text.__hi0bits
                0x004075ac       0x40 c:/program files (x86)/atmel/studio/7.0/toolchain/arm/arm-gnu-toolchain/bin/../lib/gcc/arm-none-eabi/6.3.1/../../../../arm-none-eabi/lib/thumb/v7e-m\libc.a(lib_a-mprec.o)
                0x004075ac                __hi0bits
 .text.__lo0bits
                0x004075ec       0x60 c:/program files (x86)/atmel/studio/7.0/toolchain/arm/arm-gnu-toolchain/bin/../lib/gcc/arm-none-eabi/6.3.1/../../../../arm-none-eabi/lib/thumb/v7e-m\libc.a(lib_a-mprec.o)
                0x004075ec                __lo0bits
 .text.__i2b    0x0040764c       0x14 c:/program files (x86)/atmel/studio/7.0/toolchain/arm/arm-gnu-toolchain/bin/../lib/gcc/arm-none-eabi/6.3.1/../../../../arm-none-eabi/lib/thumb/v7e-m\libc.a(lib_a-mprec.o)
                0x0040764c                __i2b
 .text.__multiply
                0x00407660      0x124 c:/program files (x86)/atmel/studio/7.0/toolchain/arm/arm-gnu-toolchain/bin/../lib/gcc/arm-none-eabi/6.3.1/../../../../arm-none-eabi/lib/thumb/v7e-m\libc.a(lib_a-mprec.o)
                0x00407660                __multiply
 .text.__pow5mult
                0x00407784       0xa0 c:/program files (x86)/atmel/studio/7.0/toolchain/arm/arm-gnu-toolchain/bin/../lib/gcc/arm-none-eabi/6.3.1/../../../../arm-none-eabi/lib/thumb/v7e-m\libc.a(lib_a-mprec.o)
                0x00407784                __pow5mult
 .text.__lshift
                0x00407824       0xa4 c:/program files (x86)/atmel/studio/7.0/toolchain/arm/arm-gnu-toolchain/bin/../lib/gcc/arm-none-eabi/6.3.1/../../../../arm-none-eabi/lib/thumb/v7e-m\libc.a(lib_a-mprec.o)
                0x00407824                __lshift
 .text.__mcmp   0x004078c8       0x38 c:/program files (x86)/atmel/studio/7.0/toolchain/arm/arm-gnu-toolchain/bin/../lib/gcc/arm-none-eabi/6.3.1/../../../../arm-none-eabi/lib/thumb/v7e-m\libc.a(lib_a-mprec.o)
                0x004078c8                __mcmp
 .text.__mdiff  0x00407900      0x108 c:/program files (x86)/atmel/studio/7.0/toolchain/arm/arm-gnu-toolchain/bin/../lib/gcc/arm-none-eabi/6.3.1/../../../../arm-none-eabi/lib/thumb/v7e-m\libc.a(lib_a-mprec.o)
                0x00407900                __mdiff
 .text.__d2b    0x00407a08       0xb8 c:/program files (x86)/atmel/studio/7.0/toolchain/arm/arm-gnu-toolchain/bin/../lib/gcc/arm-none-eabi/6.3.1/../../../../arm-none-eabi/lib/thumb/v7e-m\libc.a(lib_a-mprec.o)
                0x00407a08                __d2b
 .text._realloc_r
                0x00407ac0      0x34c c:/program files (x86)/atmel/studio/7.0/toolchain/arm/arm-gnu-toolchain/bin/../lib/gcc/arm-none-eabi/6.3.1/../../../../arm-none-eabi/lib/thumb/v7e-m\libc.a(lib_a-reallocr.o)
                0x00407ac0                _realloc_r
 .text.__sread  0x00407e0c       0x24 c:/program files (x86)/atmel/studio/7.0/toolchain/arm/arm-gnu-toolchain/bin/../lib/gcc/arm-none-eabi/6.3.1/../../../../arm-none-eabi/lib/thumb/v7e-m\libc.a(lib_a-stdio.o)
                0x00407e0c                __sread
 .text.__swrite
                0x00407e30       0x3c c:/program files (x86)/atmel/studio/7.0/toolchain/arm/arm-gnu-toolchain/bin/../lib/gcc/arm-none-eabi/6.3.1/../../../../arm-none-eabi/lib/thumb/v7e-m\libc.a(lib_a-stdio.o)
                0x00407e30                __swrite
 .text.__sseek  0x00407e6c       0x20 c:/program files (x86)/atmel/studio/7.0/toolchain/arm/arm-gnu-toolchain/bin/../lib/gcc/arm-none-eabi/6.3.1/../../../../arm-none-eabi/lib/thumb/v7e-m\libc.a(lib_a-stdio.o)
                0x00407e6c                __sseek
 .text.__sclose
                0x00407e8c        0x8 c:/program files (x86)/atmel/studio/7.0/toolchain/arm/arm-gnu-toolchain/bin/../lib/gcc/arm-none-eabi/6.3.1/../../../../arm-none-eabi/lib/thumb/v7e-m\libc.a(lib_a-stdio.o)
                0x00407e8c                __sclose
 .text.__ssprint_r
                0x00407e94       0xfc c:/program files (x86)/atmel/studio/7.0/toolchain/arm/arm-gnu-toolchain/bin/../lib/gcc/arm-none-eabi/6.3.1/../../../../arm-none-eabi/lib/thumb/v7e-m\libc.a(lib_a-svfiprintf.o)
                0x00407e94                __ssprint_r
 .text.__swbuf_r
                0x00407f90       0xb0 c:/program files (x86)/atmel/studio/7.0/toolchain/arm/arm-gnu-toolchain/bin/../lib/gcc/arm-none-eabi/6.3.1/../../../../arm-none-eabi/lib/thumb/v7e-m\libc.a(lib_a-wbuf.o)
                0x00407f90                __swbuf_r
 .text._wcrtomb_r
                0x00408040       0x54 c:/program files (x86)/atmel/studio/7.0/toolchain/arm/arm-gnu-toolchain/bin/../lib/gcc/arm-none-eabi/6.3.1/../../../../arm-none-eabi/lib/thumb/v7e-m\libc.a(lib_a-wcrtomb.o)
                0x00408040                _wcrtomb_r
 .text.__ascii_wctomb
                0x00408094       0x1c c:/program files (x86)/atmel/studio/7.0/toolchain/arm/arm-gnu-toolchain/bin/../lib/gcc/arm-none-eabi/6.3.1/../../../../arm-none-eabi/lib/thumb/v7e-m\libc.a(lib_a-wctomb_r.o)
                0x00408094                __ascii_wctomb
 .text._write_r
                0x004080b0       0x2c c:/program files (x86)/atmel/studio/7.0/toolchain/arm/arm-gnu-toolchain/bin/../lib/gcc/arm-none-eabi/6.3.1/../../../../arm-none-eabi/lib/thumb/v7e-m\libc.a(lib_a-writer.o)
                0x004080b0                _write_r
 .text.__register_exitproc
                0x004080dc       0xc4 c:/program files (x86)/atmel/studio/7.0/toolchain/arm/arm-gnu-toolchain/bin/../lib/gcc/arm-none-eabi/6.3.1/../../../../arm-none-eabi/lib/thumb/v7e-m\libc.a(lib_a-__atexit.o)
                0x004080dc                __register_exitproc
 .text._calloc_r
                0x004081a0       0x60 c:/program files (x86)/atmel/studio/7.0/toolchain/arm/arm-gnu-toolchain/bin/../lib/gcc/arm-none-eabi/6.3.1/../../../../arm-none-eabi/lib/thumb/v7e-m\libc.a(lib_a-callocr.o)
                0x004081a0                _calloc_r
 .text._close_r
                0x00408200       0x24 c:/program files (x86)/atmel/studio/7.0/toolchain/arm/arm-gnu-toolchain/bin/../lib/gcc/arm-none-eabi/6.3.1/../../../../arm-none-eabi/lib/thumb/v7e-m\libc.a(lib_a-closer.o)
                0x00408200                _close_r
 .text._fclose_r
                0x00408224       0xc4 c:/program files (x86)/atmel/studio/7.0/toolchain/arm/arm-gnu-toolchain/bin/../lib/gcc/arm-none-eabi/6.3.1/../../../../arm-none-eabi/lib/thumb/v7e-m\libc.a(lib_a-fclose.o)
                0x00408224                _fclose_r
 .text._fstat_r
                0x004082e8       0x28 c:/program files (x86)/atmel/studio/7.0/toolchain/arm/arm-gnu-toolchain/bin/../lib/gcc/arm-none-eabi/6.3.1/../../../../arm-none-eabi/lib/thumb/v7e-m\libc.a(lib_a-fstatr.o)
                0x004082e8                _fstat_r
 .text._isatty_r
                0x00408310       0x24 c:/program files (x86)/atmel/studio/7.0/toolchain/arm/arm-gnu-toolchain/bin/../lib/gcc/arm-none-eabi/6.3.1/../../../../arm-none-eabi/lib/thumb/v7e-m\libc.a(lib_a-isattyr.o)
                0x00408310                _isatty_r
 .text._lseek_r
                0x00408334       0x2c c:/program files (x86)/atmel/studio/7.0/toolchain/arm/arm-gnu-toolchain/bin/../lib/gcc/arm-none-eabi/6.3.1/../../../../arm-none-eabi/lib/thumb/v7e-m\libc.a(lib_a-lseekr.o)
                0x00408334                _lseek_r
 .text._read_r  0x00408360       0x2c c:/program files (x86)/atmel/studio/7.0/toolchain/arm/arm-gnu-toolchain/bin/../lib/gcc/arm-none-eabi/6.3.1/../../../../arm-none-eabi/lib/thumb/v7e-m\libc.a(lib_a-readr.o)
                0x00408360                _read_r
 .text          0x0040838c      0x370 c:/program files (x86)/atmel/studio/7.0/toolchain/arm/arm-gnu-toolchain/bin/../lib/gcc/arm-none-eabi/6.3.1/thumb/v7e-m\libgcc.a(_arm_addsubdf3.o)
                0x0040838c                __aeabi_drsub
                0x00408394                __aeabi_dsub
                0x00408394                __subdf3
                0x00408398                __aeabi_dadd
                0x00408398                __adddf3
                0x00408610                __floatunsidf
                0x00408610                __aeabi_ui2d
                0x00408630                __floatsidf
                0x00408630                __aeabi_i2d
                0x00408654                __aeabi_f2d
                0x00408654                __extendsfdf2
                0x00408690                __floatundidf
                0x00408690                __aeabi_ul2d
                0x004086a0                __floatdidf
                0x004086a0                __aeabi_l2d
 .text          0x004086fc      0x424 c:/program files (x86)/atmel/studio/7.0/toolchain/arm/arm-gnu-toolchain/bin/../lib/gcc/arm-none-eabi/6.3.1/thumb/v7e-m\libgcc.a(_arm_muldivdf3.o)
                0x004086fc                __aeabi_dmul
                0x004086fc                __muldf3
                0x00408950                __divdf3
                0x00408950                __aeabi_ddiv
 .text          0x00408b20      0x110 c:/program files (x86)/atmel/studio/7.0/toolchain/arm/arm-gnu-toolchain/bin/../lib/gcc/arm-none-eabi/6.3.1/thumb/v7e-m\libgcc.a(_arm_cmpdf2.o)
                0x00408b20                __gtdf2
                0x00408b20                __gedf2
                0x00408b28                __ltdf2
                0x00408b28                __ledf2
                0x00408b30                __nedf2
                0x00408b30                __eqdf2
                0x00408b30                __cmpdf2
                0x00408bac                __aeabi_cdrcmple
                0x00408bbc                __aeabi_cdcmpeq
                0x00408bbc                __aeabi_cdcmple
                0x00408bcc                __aeabi_dcmpeq
                0x00408be0                __aeabi_dcmplt
                0x00408bf4                __aeabi_dcmple
                0x00408c08                __aeabi_dcmpge
                0x00408c1c                __aeabi_dcmpgt
 .text          0x00408c30       0x2c c:/program files (x86)/atmel/studio/7.0/toolchain/arm/arm-gnu-toolchain/bin/../lib/gcc/arm-none-eabi/6.3.1/thumb/v7e-m\libgcc.a(_arm_unorddf2.o)
                0x00408c30                __unorddf2
                0x00408c30                __aeabi_dcmpun
 .text          0x00408c5c       0x50 c:/program files (x86)/atmel/studio/7.0/toolchain/arm/arm-gnu-toolchain/bin/../lib/gcc/arm-none-eabi/6.3.1/thumb/v7e-m\libgcc.a(_arm_fixdfsi.o)
                0x00408c5c                __aeabi_d2iz
                0x00408c5c                __fixdfsi
 .text          0x00408cac       0x30 c:/program files (x86)/atmel/studio/7.0/toolchain/arm/arm-gnu-toolchain/bin/../lib/gcc/arm-none-eabi/6.3.1/thumb/v7e-m\libgcc.a(_aeabi_uldivmod.o)
                0x00408cac                __aeabi_uldivmod
 .text          0x00408cdc      0x2dc c:/program files (x86)/atmel/studio/7.0/toolchain/arm/arm-gnu-toolchain/bin/../lib/gcc/arm-none-eabi/6.3.1/thumb/v7e-m\libgcc.a(_udivmoddi4.o)
                0x00408cdc                __udivmoddi4
 .text          0x00408fb8        0x4 c:/program files (x86)/atmel/studio/7.0/toolchain/arm/arm-gnu-toolchain/bin/../lib/gcc/arm-none-eabi/6.3.1/thumb/v7e-m\libgcc.a(_dvmd_tls.o)
                0x00408fb8                __aeabi_idiv0
                0x00408fb8                __aeabi_ldiv0
 *(.glue_7t)
 .glue_7t       0x00408fbc        0x0 linker stubs
 *(.glue_7)
 .glue_7        0x00408fbc        0x0 linker stubs
 *(.rodata .rodata* .gnu.linkonce.r.*)
 .rodata.p_uc_charset10x14
                0x00408fbc      0x780 src/ASF/sam/components/display/ili9488/ili9488.o
                0x00408fbc                p_uc_charset10x14
 .rodata        0x0040973c       0x5d src/main.o
 *fill*         0x00409799        0x3 
 .rodata.calibri_36
                0x0040979c        0xc src/main.o
                0x0040979c                calibri_36
 .rodata.calibri_36_0x20
                0x004097a8       0x10 src/main.o
 .rodata.calibri_36_0x21
                0x004097b8       0x10 src/main.o
 .rodata.calibri_36_0x22
                0x004097c8       0x10 src/main.o
 .rodata.calibri_36_0x23
                0x004097d8       0x10 src/main.o
 .rodata.calibri_36_0x24
                0x004097e8       0x10 src/main.o
 .rodata.calibri_36_0x25
                0x004097f8       0x10 src/main.o
 .rodata.calibri_36_0x26
                0x00409808       0x10 src/main.o
 .rodata.calibri_36_0x27
                0x00409818       0x10 src/main.o
 .rodata.calibri_36_0x28
                0x00409828       0x10 src/main.o
 .rodata.calibri_36_0x29
                0x00409838       0x10 src/main.o
 .rodata.calibri_36_0x2a
                0x00409848       0x10 src/main.o
 .rodata.calibri_36_0x2b
                0x00409858       0x10 src/main.o
 .rodata.calibri_36_0x2c
                0x00409868       0x10 src/main.o
 .rodata.calibri_36_0x2d
                0x00409878       0x10 src/main.o
 .rodata.calibri_36_0x2e
                0x00409888       0x10 src/main.o
 .rodata.calibri_36_0x2f
                0x00409898       0x10 src/main.o
 .rodata.calibri_36_0x30
                0x004098a8       0x10 src/main.o
 .rodata.calibri_36_0x31
                0x004098b8       0x10 src/main.o
 .rodata.calibri_36_0x32
                0x004098c8       0x10 src/main.o
 .rodata.calibri_36_0x33
                0x004098d8       0x10 src/main.o
 .rodata.calibri_36_0x34
                0x004098e8       0x10 src/main.o
 .rodata.calibri_36_0x35
                0x004098f8       0x10 src/main.o
 .rodata.calibri_36_0x36
                0x00409908       0x10 src/main.o
 .rodata.calibri_36_0x37
                0x00409918       0x10 src/main.o
 .rodata.calibri_36_0x38
                0x00409928       0x10 src/main.o
 .rodata.calibri_36_0x39
                0x00409938       0x10 src/main.o
 .rodata.calibri_36_0x3a
                0x00409948       0x10 src/main.o
 .rodata.calibri_36_0x3b
                0x00409958       0x10 src/main.o
 .rodata.calibri_36_0x3c
                0x00409968       0x10 src/main.o
 .rodata.calibri_36_0x3d
                0x00409978       0x10 src/main.o
 .rodata.calibri_36_0x3e
                0x00409988       0x10 src/main.o
 .rodata.calibri_36_0x3f
                0x00409998       0x10 src/main.o
 .rodata.calibri_36_0x40
                0x004099a8       0x10 src/main.o
 .rodata.calibri_36_0x41
                0x004099b8       0x10 src/main.o
 .rodata.calibri_36_0x42
                0x004099c8       0x10 src/main.o
 .rodata.calibri_36_0x43
                0x004099d8       0x10 src/main.o
 .rodata.calibri_36_0x44
                0x004099e8       0x10 src/main.o
 .rodata.calibri_36_0x45
                0x004099f8       0x10 src/main.o
 .rodata.calibri_36_0x46
                0x00409a08       0x10 src/main.o
 .rodata.calibri_36_0x47
                0x00409a18       0x10 src/main.o
 .rodata.calibri_36_0x48
                0x00409a28       0x10 src/main.o
 .rodata.calibri_36_0x49
                0x00409a38       0x10 src/main.o
 .rodata.calibri_36_0x4a
                0x00409a48       0x10 src/main.o
 .rodata.calibri_36_0x4b
                0x00409a58       0x10 src/main.o
 .rodata.calibri_36_0x4c
                0x00409a68       0x10 src/main.o
 .rodata.calibri_36_0x4d
                0x00409a78       0x10 src/main.o
 .rodata.calibri_36_0x4e
                0x00409a88       0x10 src/main.o
 .rodata.calibri_36_0x4f
                0x00409a98       0x10 src/main.o
 .rodata.calibri_36_0x50
                0x00409aa8       0x10 src/main.o
 .rodata.calibri_36_0x51
                0x00409ab8       0x10 src/main.o
 .rodata.calibri_36_0x52
                0x00409ac8       0x10 src/main.o
 .rodata.calibri_36_0x53
                0x00409ad8       0x10 src/main.o
 .rodata.calibri_36_0x54
                0x00409ae8       0x10 src/main.o
 .rodata.calibri_36_0x55
                0x00409af8       0x10 src/main.o
 .rodata.calibri_36_0x56
                0x00409b08       0x10 src/main.o
 .rodata.calibri_36_0x57
                0x00409b18       0x10 src/main.o
 .rodata.calibri_36_0x58
                0x00409b28       0x10 src/main.o
 .rodata.calibri_36_0x59
                0x00409b38       0x10 src/main.o
 .rodata.calibri_36_0x5a
                0x00409b48       0x10 src/main.o
 .rodata.calibri_36_0x5b
                0x00409b58       0x10 src/main.o
 .rodata.calibri_36_0x5c
                0x00409b68       0x10 src/main.o
 .rodata.calibri_36_0x5d
                0x00409b78       0x10 src/main.o
 .rodata.calibri_36_0x5e
                0x00409b88       0x10 src/main.o
 .rodata.calibri_36_0x5f
                0x00409b98       0x10 src/main.o
 .rodata.calibri_36_0x60
                0x00409ba8       0x10 src/main.o
 .rodata.calibri_36_0x61
                0x00409bb8       0x10 src/main.o
 .rodata.calibri_36_0x62
                0x00409bc8       0x10 src/main.o
 .rodata.calibri_36_0x63
                0x00409bd8       0x10 src/main.o
 .rodata.calibri_36_0x64
                0x00409be8       0x10 src/main.o
 .rodata.calibri_36_0x65
                0x00409bf8       0x10 src/main.o
 .rodata.calibri_36_0x66
                0x00409c08       0x10 src/main.o
 .rodata.calibri_36_0x67
                0x00409c18       0x10 src/main.o
 .rodata.calibri_36_0x68
                0x00409c28       0x10 src/main.o
 .rodata.calibri_36_0x69
                0x00409c38       0x10 src/main.o
 .rodata.calibri_36_0x6a
                0x00409c48       0x10 src/main.o
 .rodata.calibri_36_0x6b
                0x00409c58       0x10 src/main.o
 .rodata.calibri_36_0x6c
                0x00409c68       0x10 src/main.o
 .rodata.calibri_36_0x6d
                0x00409c78       0x10 src/main.o
 .rodata.calibri_36_0x6e
                0x00409c88       0x10 src/main.o
 .rodata.calibri_36_0x6f
                0x00409c98       0x10 src/main.o
 .rodata.calibri_36_0x70
                0x00409ca8       0x10 src/main.o
 .rodata.calibri_36_0x71
                0x00409cb8       0x10 src/main.o
 .rodata.calibri_36_0x72
                0x00409cc8       0x10 src/main.o
 .rodata.calibri_36_0x73
                0x00409cd8       0x10 src/main.o
 .rodata.calibri_36_0x74
                0x00409ce8       0x10 src/main.o
 .rodata.calibri_36_0x75
                0x00409cf8       0x10 src/main.o
 .rodata.calibri_36_0x76
                0x00409d08       0x10 src/main.o
 .rodata.calibri_36_0x77
                0x00409d18       0x10 src/main.o
 .rodata.calibri_36_0x78
                0x00409d28       0x10 src/main.o
 .rodata.calibri_36_0x79
                0x00409d38       0x10 src/main.o
 .rodata.calibri_36_0x7a
                0x00409d48       0x10 src/main.o
 .rodata.calibri_36_0x7b
                0x00409d58       0x10 src/main.o
 .rodata.calibri_36_0x7c
                0x00409d68       0x10 src/main.o
 .rodata.calibri_36_0x7d
                0x00409d78       0x10 src/main.o
 .rodata.calibri_36_0x7e
                0x00409d88       0x10 src/main.o
 .rodata.calibri_36_array
                0x00409d98      0x2f8 src/main.o
 .rodata.fast   0x0040a090       0x10 src/main.o
                0x0040a090                fast
 .rodata.image_data_calibri_36_0x20
                0x0040a0a0      0x378 src/main.o
 .rodata.image_data_calibri_36_0x21
                0x0040a418      0x534 src/main.o
 .rodata.image_data_calibri_36_0x22
                0x0040a94c      0x612 src/main.o
 *fill*         0x0040af5e        0x2 
 .rodata.image_data_calibri_36_0x23
                0x0040af60      0x7ce src/main.o
 *fill*         0x0040b72e        0x2 
 .rodata.image_data_calibri_36_0x24
                0x0040b730      0x7ce src/main.o
 *fill*         0x0040befe        0x2 
 .rodata.image_data_calibri_36_0x25
                0x0040bf00      0xb46 src/main.o
 *fill*         0x0040ca46        0x2 
 .rodata.image_data_calibri_36_0x26
                0x0040ca48      0xad7 src/main.o
 *fill*         0x0040d51f        0x1 
 .rodata.image_data_calibri_36_0x27
                0x0040d520      0x378 src/main.o
 .rodata.image_data_calibri_36_0x28
                0x0040d898      0x4c5 src/main.o
 *fill*         0x0040dd5d        0x3 
 .rodata.image_data_calibri_36_0x29
                0x0040dd60      0x4c5 src/main.o
 *fill*         0x0040e225        0x3 
 .rodata.image_data_calibri_36_0x2a
                0x0040e228      0x7ce src/main.o
 *fill*         0x0040e9f6        0x2 
 .rodata.image_data_calibri_36_0x2b
                0x0040e9f8      0x7ce src/main.o
 *fill*         0x0040f1c6        0x2 
 .rodata.image_data_calibri_36_0x2c
                0x0040f1c8      0x3e7 src/main.o
 *fill*         0x0040f5af        0x1 
 .rodata.image_data_calibri_36_0x2d
                0x0040f5b0      0x4c5 src/main.o
 *fill*         0x0040fa75        0x3 
 .rodata.image_data_calibri_36_0x2e
                0x0040fa78      0x3e7 src/main.o
 *fill*         0x0040fe5f        0x1 
 .rodata.image_data_calibri_36_0x2f
                0x0040fe60      0x612 src/main.o
 *fill*         0x00410472        0x2 
 .rodata.image_data_calibri_36_0x30
                0x00410474      0x7ce src/main.o
 *fill*         0x00410c42        0x2 
 .rodata.image_data_calibri_36_0x31
                0x00410c44      0x7ce src/main.o
 *fill*         0x00411412        0x2 
 .rodata.image_data_calibri_36_0x32
                0x00411414      0x7ce src/main.o
 *fill*         0x00411be2        0x2 
 .rodata.image_data_calibri_36_0x33
                0x00411be4      0x7ce src/main.o
 *fill*         0x004123b2        0x2 
 .rodata.image_data_calibri_36_0x34
                0x004123b4      0x7ce src/main.o
 *fill*         0x00412b82        0x2 
 .rodata.image_data_calibri_36_0x35
                0x00412b84      0x7ce src/main.o
 *fill*         0x00413352        0x2 
 .rodata.image_data_calibri_36_0x36
                0x00413354      0x7ce src/main.o
 *fill*         0x00413b22        0x2 
 .rodata.image_data_calibri_36_0x37
                0x00413b24      0x7ce src/main.o
 *fill*         0x004142f2        0x2 
 .rodata.image_data_calibri_36_0x38
                0x004142f4      0x7ce src/main.o
 *fill*         0x00414ac2        0x2 
 .rodata.image_data_calibri_36_0x39
                0x00414ac4      0x7ce src/main.o
 *fill*         0x00415292        0x2 
 .rodata.image_data_calibri_36_0x3a
                0x00415294      0x456 src/main.o
 *fill*         0x004156ea        0x2 
 .rodata.image_data_calibri_36_0x3b
                0x004156ec      0x456 src/main.o
 *fill*         0x00415b42        0x2 
 .rodata.image_data_calibri_36_0x3c
                0x00415b44      0x7ce src/main.o
 *fill*         0x00416312        0x2 
 .rodata.image_data_calibri_36_0x3d
                0x00416314      0x7ce src/main.o
 *fill*         0x00416ae2        0x2 
 .rodata.image_data_calibri_36_0x3e
                0x00416ae4      0x7ce src/main.o
 *fill*         0x004172b2        0x2 
 .rodata.image_data_calibri_36_0x3f
                0x004172b4      0x75f src/main.o
 *fill*         0x00417a13        0x1 
 .rodata.image_data_calibri_36_0x40
                0x00417a14      0xde0 src/main.o
 .rodata.image_data_calibri_36_0x41
                0x004187f4      0x91b src/main.o
 *fill*         0x0041910f        0x1 
 .rodata.image_data_calibri_36_0x42
                0x00419110      0x8ac src/main.o
 .rodata.image_data_calibri_36_0x43
                0x004199bc      0x83d src/main.o
 *fill*         0x0041a1f9        0x3 
 .rodata.image_data_calibri_36_0x44
                0x0041a1fc      0x98a src/main.o
 *fill*         0x0041ab86        0x2 
 .rodata.image_data_calibri_36_0x45
                0x0041ab88      0x7ce src/main.o
 *fill*         0x0041b356        0x2 
 .rodata.image_data_calibri_36_0x46
                0x0041b358      0x75f src/main.o
 *fill*         0x0041bab7        0x1 
 .rodata.image_data_calibri_36_0x47
                0x0041bab8      0x9f9 src/main.o
 *fill*         0x0041c4b1        0x3 
 .rodata.image_data_calibri_36_0x48
                0x0041c4b4      0x98a src/main.o
 *fill*         0x0041ce3e        0x2 
 .rodata.image_data_calibri_36_0x49
                0x0041ce40      0x3e7 src/main.o
 *fill*         0x0041d227        0x1 
 .rodata.image_data_calibri_36_0x4a
                0x0041d228      0x4c5 src/main.o
 *fill*         0x0041d6ed        0x3 
 .rodata.image_data_calibri_36_0x4b
                0x0041d6f0      0x83d src/main.o
 *fill*         0x0041df2d        0x3 
 .rodata.image_data_calibri_36_0x4c
                0x0041df30      0x681 src/main.o
 *fill*         0x0041e5b1        0x3 
 .rodata.image_data_calibri_36_0x4d
                0x0041e5b4      0xd71 src/main.o
 *fill*         0x0041f325        0x3 
 .rodata.image_data_calibri_36_0x4e
                0x0041f328      0x9f9 src/main.o
 *fill*         0x0041fd21        0x3 
 .rodata.image_data_calibri_36_0x4f
                0x0041fd24      0xa68 src/main.o
 .rodata.image_data_calibri_36_0x50
                0x0042078c      0x83d src/main.o
 *fill*         0x00420fc9        0x3 
 .rodata.image_data_calibri_36_0x51
                0x00420fcc      0xad7 src/main.o
 *fill*         0x00421aa3        0x1 
 .rodata.image_data_calibri_36_0x52
                0x00421aa4      0x8ac src/main.o
 .rodata.image_data_calibri_36_0x53
                0x00422350      0x75f src/main.o
 *fill*         0x00422aaf        0x1 
 .rodata.image_data_calibri_36_0x54
                0x00422ab0      0x7ce src/main.o
 *fill*         0x0042327e        0x2 
 .rodata.image_data_calibri_36_0x55
                0x00423280      0x9f9 src/main.o
 *fill*         0x00423c79        0x3 
 .rodata.image_data_calibri_36_0x56
                0x00423c7c      0x8ac src/main.o
 .rodata.image_data_calibri_36_0x57
                0x00424528      0xde0 src/main.o
 .rodata.image_data_calibri_36_0x58
                0x00425308      0x83d src/main.o
 *fill*         0x00425b45        0x3 
 .rodata.image_data_calibri_36_0x59
                0x00425b48      0x7ce src/main.o
 *fill*         0x00426316        0x2 
 .rodata.image_data_calibri_36_0x5a
                0x00426318      0x75f src/main.o
 *fill*         0x00426a77        0x1 
 .rodata.image_data_calibri_36_0x5b
                0x00426a78      0x4c5 src/main.o
 *fill*         0x00426f3d        0x3 
 .rodata.image_data_calibri_36_0x5c
                0x00426f40      0x612 src/main.o
 *fill*         0x00427552        0x2 
 .rodata.image_data_calibri_36_0x5d
                0x00427554      0x4c5 src/main.o
 *fill*         0x00427a19        0x3 
 .rodata.image_data_calibri_36_0x5e
                0x00427a1c      0x7ce src/main.o
 *fill*         0x004281ea        0x2 
 .rodata.image_data_calibri_36_0x5f
                0x004281ec      0x7ce src/main.o
 *fill*         0x004289ba        0x2 
 .rodata.image_data_calibri_36_0x60
                0x004289bc      0x456 src/main.o
 *fill*         0x00428e12        0x2 
 .rodata.image_data_calibri_36_0x61
                0x00428e14      0x75f src/main.o
 *fill*         0x00429573        0x1 
 .rodata.image_data_calibri_36_0x62
                0x00429574      0x83d src/main.o
 *fill*         0x00429db1        0x3 
 .rodata.image_data_calibri_36_0x63
                0x00429db4      0x681 src/main.o
 *fill*         0x0042a435        0x3 
 .rodata.image_data_calibri_36_0x64
                0x0042a438      0x83d src/main.o
 *fill*         0x0042ac75        0x3 
 .rodata.image_data_calibri_36_0x65
                0x0042ac78      0x7ce src/main.o
 *fill*         0x0042b446        0x2 
 .rodata.image_data_calibri_36_0x66
                0x0042b448      0x4c5 src/main.o
 *fill*         0x0042b90d        0x3 
 .rodata.image_data_calibri_36_0x67
                0x0042b910      0x75f src/main.o
 *fill*         0x0042c06f        0x1 
 .rodata.image_data_calibri_36_0x68
                0x0042c070      0x83d src/main.o
 *fill*         0x0042c8ad        0x3 
 .rodata.image_data_calibri_36_0x69
                0x0042c8b0      0x378 src/main.o
 .rodata.image_data_calibri_36_0x6a
                0x0042cc28      0x3e7 src/main.o
 *fill*         0x0042d00f        0x1 
 .rodata.image_data_calibri_36_0x6b
                0x0042d010      0x6f0 src/main.o
 .rodata.image_data_calibri_36_0x6c
                0x0042d700      0x378 src/main.o
 .rodata.image_data_calibri_36_0x6d
                0x0042da78      0xc93 src/main.o
 *fill*         0x0042e70b        0x1 
 .rodata.image_data_calibri_36_0x6e
                0x0042e70c      0x83d src/main.o
 *fill*         0x0042ef49        0x3 
 .rodata.image_data_calibri_36_0x6f
                0x0042ef4c      0x83d src/main.o
 *fill*         0x0042f789        0x3 
 .rodata.image_data_calibri_36_0x70
                0x0042f78c      0x83d src/main.o
 *fill*         0x0042ffc9        0x3 
 .rodata.image_data_calibri_36_0x71
                0x0042ffcc      0x83d src/main.o
 *fill*         0x00430809        0x3 
 .rodata.image_data_calibri_36_0x72
                0x0043080c      0x5a3 src/main.o
 *fill*         0x00430daf        0x1 
 .rodata.image_data_calibri_36_0x73
                0x00430db0      0x612 src/main.o
 *fill*         0x004313c2        0x2 
 .rodata.image_data_calibri_36_0x74
                0x004313c4      0x534 src/main.o
 .rodata.image_data_calibri_36_0x75
                0x004318f8      0x83d src/main.o
 *fill*         0x00432135        0x3 
 .rodata.image_data_calibri_36_0x76
                0x00432138      0x6f0 src/main.o
 .rodata.image_data_calibri_36_0x77
                0x00432828      0xb46 src/main.o
 *fill*         0x0043336e        0x2 
 .rodata.image_data_calibri_36_0x78
                0x00433370      0x6f0 src/main.o
 .rodata.image_data_calibri_36_0x79
                0x00433a60      0x6f0 src/main.o
 .rodata.image_data_calibri_36_0x7a
                0x00434150      0x612 src/main.o
 *fill*         0x00434762        0x2 
 .rodata.image_data_calibri_36_0x7b
                0x00434764      0x4c5 src/main.o
 *fill*         0x00434c29        0x3 
 .rodata.image_data_calibri_36_0x7c
                0x00434c2c      0x75f src/main.o
 *fill*         0x0043538b        0x1 
 .rodata.image_data_calibri_36_0x7d
                0x0043538c      0x4c5 src/main.o
 *fill*         0x00435851        0x3 
 .rodata.image_data_calibri_36_0x7e
                0x00435854      0x7ce src/main.o
 *fill*         0x00436022        0x2 
 .rodata.image_data_fast
                0x00436024     0x7530 src/main.o
 .rodata.image_data_pesada
                0x0043d554     0x7530 src/main.o
 .rodata.image_data_play
                0x00444a84     0x7530 src/main.o
 .rodata.image_data_teste
                0x0044bfb4     0x7530 src/main.o
 .rodata.inicio.str1.4
                0x004534e4       0x1b src/main.o
 *fill*         0x004534ff        0x1 
 .rodata.main.str1.4
                0x00453500       0x34 src/main.o
 .rodata.mxt_handler.str1.4
                0x00453534        0xe src/main.o
 *fill*         0x00453542        0x2 
 .rodata.pesada
                0x00453544       0x10 src/main.o
                0x00453544                pesada
 .rodata.play   0x00453554       0x10 src/main.o
                0x00453554                play
 .rodata.processa_touch.str1.4
                0x00453564       0x10 src/main.o
 .rodata.sol    0x00453574       0x10 src/main.o
                0x00453574                sol
 .rodata._global_impure_ptr
                0x00453584        0x4 c:/program files (x86)/atmel/studio/7.0/toolchain/arm/arm-gnu-toolchain/bin/../lib/gcc/arm-none-eabi/6.3.1/../../../../arm-none-eabi/lib/thumb/v7e-m\libc.a(lib_a-impure.o)
                0x00453584                _global_impure_ptr
 .rodata._svfprintf_r.str1.4
                0x00453588       0x42 c:/program files (x86)/atmel/studio/7.0/toolchain/arm/arm-gnu-toolchain/bin/../lib/gcc/arm-none-eabi/6.3.1/../../../../arm-none-eabi/lib/thumb/v7e-m\libc.a(lib_a-svfprintf.o)
 *fill*         0x004535ca        0x2 
 .rodata.blanks.7223
                0x004535cc       0x10 c:/program files (x86)/atmel/studio/7.0/toolchain/arm/arm-gnu-toolchain/bin/../lib/gcc/arm-none-eabi/6.3.1/../../../../arm-none-eabi/lib/thumb/v7e-m\libc.a(lib_a-svfprintf.o)
 .rodata.zeroes.7224
                0x004535dc       0x10 c:/program files (x86)/atmel/studio/7.0/toolchain/arm/arm-gnu-toolchain/bin/../lib/gcc/arm-none-eabi/6.3.1/../../../../arm-none-eabi/lib/thumb/v7e-m\libc.a(lib_a-svfprintf.o)
 .rodata._vfiprintf_r.str1.4
                0x004535ec       0x2f c:/program files (x86)/atmel/studio/7.0/toolchain/arm/arm-gnu-toolchain/bin/../lib/gcc/arm-none-eabi/6.3.1/../../../../arm-none-eabi/lib/thumb/v7e-m\libc.a(lib_a-vfiprintf.o)
 .rodata.blanks.7217
                0x004535ec       0x10 c:/program files (x86)/atmel/studio/7.0/toolchain/arm/arm-gnu-toolchain/bin/../lib/gcc/arm-none-eabi/6.3.1/../../../../arm-none-eabi/lib/thumb/v7e-m\libc.a(lib_a-vfiprintf.o)
 .rodata.zeroes.7218
                0x004535fc       0x10 c:/program files (x86)/atmel/studio/7.0/toolchain/arm/arm-gnu-toolchain/bin/../lib/gcc/arm-none-eabi/6.3.1/../../../../arm-none-eabi/lib/thumb/v7e-m\libc.a(lib_a-vfiprintf.o)
 .rodata._dtoa_r.str1.4
                0x0045360c       0x10 c:/program files (x86)/atmel/studio/7.0/toolchain/arm/arm-gnu-toolchain/bin/../lib/gcc/arm-none-eabi/6.3.1/../../../../arm-none-eabi/lib/thumb/v7e-m\libc.a(lib_a-dtoa.o)
                                 0x12 (size before relaxing)
 .rodata._setlocale_r.str1.4
                0x0045361c        0xa c:/program files (x86)/atmel/studio/7.0/toolchain/arm/arm-gnu-toolchain/bin/../lib/gcc/arm-none-eabi/6.3.1/../../../../arm-none-eabi/lib/thumb/v7e-m\libc.a(lib_a-locale.o)
                                  0xd (size before relaxing)
 *fill*         0x00453626        0x2 
 .rodata.str1.4
                0x00453628        0x4 c:/program files (x86)/atmel/studio/7.0/toolchain/arm/arm-gnu-toolchain/bin/../lib/gcc/arm-none-eabi/6.3.1/../../../../arm-none-eabi/lib/thumb/v7e-m\libc.a(lib_a-locale.o)
                                  0x2 (size before relaxing)
 *fill*         0x0045362c        0x4 
 .rodata.__mprec_bigtens
                0x00453630       0x28 c:/program files (x86)/atmel/studio/7.0/toolchain/arm/arm-gnu-toolchain/bin/../lib/gcc/arm-none-eabi/6.3.1/../../../../arm-none-eabi/lib/thumb/v7e-m\libc.a(lib_a-mprec.o)
                0x00453630                __mprec_bigtens
 .rodata.__mprec_tens
                0x00453658       0xc8 c:/program files (x86)/atmel/studio/7.0/toolchain/arm/arm-gnu-toolchain/bin/../lib/gcc/arm-none-eabi/6.3.1/../../../../arm-none-eabi/lib/thumb/v7e-m\libc.a(lib_a-mprec.o)
                0x00453658                __mprec_tens
 .rodata.p05.6055
                0x00453720        0xc c:/program files (x86)/atmel/studio/7.0/toolchain/arm/arm-gnu-toolchain/bin/../lib/gcc/arm-none-eabi/6.3.1/../../../../arm-none-eabi/lib/thumb/v7e-m\libc.a(lib_a-mprec.o)
 .rodata._ctype_
                0x0045372c      0x101 c:/program files (x86)/atmel/studio/7.0/toolchain/arm/arm-gnu-toolchain/bin/../lib/gcc/arm-none-eabi/6.3.1/../../../../arm-none-eabi/lib/thumb/v7e-m\libc.a(lib_a-ctype_.o)
                0x0045372c                _ctype_
 *(.ARM.extab* .gnu.linkonce.armextab.*)
                0x00453830                . = ALIGN (0x4)
 *fill*         0x0045382d        0x3 
 *(.init)
 .init          0x00453830        0x4 c:/program files (x86)/atmel/studio/7.0/toolchain/arm/arm-gnu-toolchain/bin/../lib/gcc/arm-none-eabi/6.3.1/thumb/v7e-m/crti.o
                0x00453830                _init
 .init          0x00453834        0x8 c:/program files (x86)/atmel/studio/7.0/toolchain/arm/arm-gnu-toolchain/bin/../lib/gcc/arm-none-eabi/6.3.1/thumb/v7e-m/crtn.o
                0x0045383c                . = ALIGN (0x4)
                0x0045383c                __preinit_array_start = .
 *(.preinit_array)
                0x0045383c                __preinit_array_end = .
                0x0045383c                . = ALIGN (0x4)
                0x0045383c                __init_array_start = .
 *(SORT(.init_array.*))
 .init_array.00000
                0x0045383c        0x4 c:/program files (x86)/atmel/studio/7.0/toolchain/arm/arm-gnu-toolchain/bin/../lib/gcc/arm-none-eabi/6.3.1/../../../../arm-none-eabi/lib/thumb/v7e-m\libc.a(lib_a-__call_atexit.o)
 *(.init_array)
 .init_array    0x00453840        0x4 c:/program files (x86)/atmel/studio/7.0/toolchain/arm/arm-gnu-toolchain/bin/../lib/gcc/arm-none-eabi/6.3.1/thumb/v7e-m/crtbegin.o
                0x00453844                __init_array_end = .
                0x00453844                . = ALIGN (0x4)
 *crtbegin.o(.ctors)
 *(EXCLUDE_FILE(*crtend.o) .ctors)
 *(SORT(.ctors.*))
 *crtend.o(.ctors)
                0x00453844                . = ALIGN (0x4)
 *(.fini)
 .fini          0x00453844        0x4 c:/program files (x86)/atmel/studio/7.0/toolchain/arm/arm-gnu-toolchain/bin/../lib/gcc/arm-none-eabi/6.3.1/thumb/v7e-m/crti.o
                0x00453844                _fini
 .fini          0x00453848        0x8 c:/program files (x86)/atmel/studio/7.0/toolchain/arm/arm-gnu-toolchain/bin/../lib/gcc/arm-none-eabi/6.3.1/thumb/v7e-m/crtn.o
                0x00453850                . = ALIGN (0x4)
                0x00453850                __fini_array_start = .
 *(.fini_array)
 .fini_array    0x00453850        0x4 c:/program files (x86)/atmel/studio/7.0/toolchain/arm/arm-gnu-toolchain/bin/../lib/gcc/arm-none-eabi/6.3.1/thumb/v7e-m/crtbegin.o
 *(SORT(.fini_array.*))
                0x00453854                __fini_array_end = .
 *crtbegin.o(.dtors)
 *(EXCLUDE_FILE(*crtend.o) .dtors)
 *(SORT(.dtors.*))
 *crtend.o(.dtors)
                0x00453854                . = ALIGN (0x4)
                0x00453854                _efixed = .
                [!provide]                PROVIDE (__exidx_start, .)

.vfp11_veneer   0x00453854        0x0
 .vfp11_veneer  0x00453854        0x0 linker stubs

.v4_bx          0x00453854        0x0
 .v4_bx         0x00453854        0x0 linker stubs

.iplt           0x00453854        0x0
 .iplt          0x00453854        0x0 c:/program files (x86)/atmel/studio/7.0/toolchain/arm/arm-gnu-toolchain/bin/../lib/gcc/arm-none-eabi/6.3.1/thumb/v7e-m/crtbegin.o

.ARM.exidx      0x00453854        0x8
 *(.ARM.exidx* .gnu.linkonce.armexidx.*)
 .ARM.exidx     0x00453854        0x8 c:/program files (x86)/atmel/studio/7.0/toolchain/arm/arm-gnu-toolchain/bin/../lib/gcc/arm-none-eabi/6.3.1/thumb/v7e-m\libgcc.a(_udivmoddi4.o)
                [!provide]                PROVIDE (__exidx_end, .)

.eh_frame       0x0045385c        0x0
 .eh_frame      0x0045385c        0x0 c:/program files (x86)/atmel/studio/7.0/toolchain/arm/arm-gnu-toolchain/bin/../lib/gcc/arm-none-eabi/6.3.1/thumb/v7e-m/crtbegin.o

.rel.dyn        0x0045385c        0x0
 .rel.iplt      0x0045385c        0x0 c:/program files (x86)/atmel/studio/7.0/toolchain/arm/arm-gnu-toolchain/bin/../lib/gcc/arm-none-eabi/6.3.1/thumb/v7e-m/crtbegin.o

.jcr            0x0045385c        0x0
 .jcr           0x0045385c        0x0 c:/program files (x86)/atmel/studio/7.0/toolchain/arm/arm-gnu-toolchain/bin/../lib/gcc/arm-none-eabi/6.3.1/thumb/v7e-m/crtbegin.o

.igot.plt       0x0045385c        0x0
 .igot.plt      0x0045385c        0x0 c:/program files (x86)/atmel/studio/7.0/toolchain/arm/arm-gnu-toolchain/bin/../lib/gcc/arm-none-eabi/6.3.1/thumb/v7e-m/crtbegin.o
                0x0045385c                . = ALIGN (0x4)
                0x0045385c                _etext = .

.relocate       0x20400000      0xac0 load address 0x0045385c
                0x20400000                . = ALIGN (0x4)
                0x20400000                _srelocate = .
 *(.ramfunc .ramfunc.*)
 .ramfunc       0x20400000        0xa src/ASF/common/services/delay/sam/cycle_counter.o
                0x20400000                portable_delay_cycles
 *(.data .data.*)
 .data.g_interrupt_enabled
                0x2040000a        0x1 src/ASF/common/utils/interrupt/interrupt_sam_nvic.o
                0x2040000a                g_interrupt_enabled
 *fill*         0x2040000b        0x1 
 .data.SystemCoreClock
                0x2040000c        0x4 src/ASF/sam/utils/cmsis/same70/source/templates/system_same70.o
                0x2040000c                SystemCoreClock
 .data.LavagemDiadia
                0x20400010       0x14 src/main.o
                0x20400010                LavagemDiadia
 .data.LavagemPesada
                0x20400024       0x14 src/main.o
                0x20400024                LavagemPesada
 .data.botoes   0x20400038       0x14 src/main.o
                0x20400038                botoes
 .data.c_diadia
                0x2040004c       0x3c src/main.o
                0x2040004c                c_diadia
 .data.c_pesada
                0x20400088       0x3c src/main.o
                0x20400088                c_pesada
 .data.c_rapida
                0x204000c4       0x3c src/main.o
                0x204000c4                c_rapida
 .data.lavagemRapida
                0x20400100       0x14 src/main.o
                0x20400100                lavagemRapida
 .data._impure_ptr
                0x20400114        0x4 c:/program files (x86)/atmel/studio/7.0/toolchain/arm/arm-gnu-toolchain/bin/../lib/gcc/arm-none-eabi/6.3.1/../../../../arm-none-eabi/lib/thumb/v7e-m\libc.a(lib_a-impure.o)
                0x20400114                _impure_ptr
 .data.impure_data
                0x20400118      0x428 c:/program files (x86)/atmel/studio/7.0/toolchain/arm/arm-gnu-toolchain/bin/../lib/gcc/arm-none-eabi/6.3.1/../../../../arm-none-eabi/lib/thumb/v7e-m\libc.a(lib_a-impure.o)
 .data.__malloc_av_
                0x20400540      0x408 c:/program files (x86)/atmel/studio/7.0/toolchain/arm/arm-gnu-toolchain/bin/../lib/gcc/arm-none-eabi/6.3.1/../../../../arm-none-eabi/lib/thumb/v7e-m\libc.a(lib_a-mallocr.o)
                0x20400540                __malloc_av_
 .data.__malloc_sbrk_base
                0x20400948        0x4 c:/program files (x86)/atmel/studio/7.0/toolchain/arm/arm-gnu-toolchain/bin/../lib/gcc/arm-none-eabi/6.3.1/../../../../arm-none-eabi/lib/thumb/v7e-m\libc.a(lib_a-mallocr.o)
                0x20400948                __malloc_sbrk_base
 .data.__malloc_trim_threshold
                0x2040094c        0x4 c:/program files (x86)/atmel/studio/7.0/toolchain/arm/arm-gnu-toolchain/bin/../lib/gcc/arm-none-eabi/6.3.1/../../../../arm-none-eabi/lib/thumb/v7e-m\libc.a(lib_a-mallocr.o)
                0x2040094c                __malloc_trim_threshold
 .data.__atexit_recursive_mutex
                0x20400950        0x4 c:/program files (x86)/atmel/studio/7.0/toolchain/arm/arm-gnu-toolchain/bin/../lib/gcc/arm-none-eabi/6.3.1/../../../../arm-none-eabi/lib/thumb/v7e-m\libc.a(lib_a-__call_atexit.o)
                0x20400950                __atexit_recursive_mutex
 .data.__global_locale
                0x20400954      0x16c c:/program files (x86)/atmel/studio/7.0/toolchain/arm/arm-gnu-toolchain/bin/../lib/gcc/arm-none-eabi/6.3.1/../../../../arm-none-eabi/lib/thumb/v7e-m\libc.a(lib_a-locale.o)
                0x20400954                __global_locale
                0x20400ac0                . = ALIGN (0x4)
                0x20400ac0                _erelocate = .

.bss            0x20400ac0      0x6dc load address 0x0045431c
                0x20400ac0                . = ALIGN (0x4)
                0x20400ac0                _sbss = .
                0x20400ac0                _szero = .
 *(.bss .bss.*)
 .bss           0x20400ac0       0x1c c:/program files (x86)/atmel/studio/7.0/toolchain/arm/arm-gnu-toolchain/bin/../lib/gcc/arm-none-eabi/6.3.1/thumb/v7e-m/crtbegin.o
 .bss.g_ul_pixel_cache
                0x20400adc      0x5a0 src/ASF/sam/components/display/ili9488/ili9488.o
 .bss.gs_interrupt_sources
                0x2040107c       0x70 src/ASF/sam/drivers/pio/pio_handler.o
 .bss.g_wobits_in_rtt_mr
                0x204010ec        0x4 src/ASF/sam/drivers/rtt/rtt.o
 .bss.ul_reg_val.9451
                0x204010f0        0x4 src/ASF/sam/drivers/usart/usart.o
 .bss.heap.6420
                0x204010f4        0x4 src/ASF/sam/utils/syscalls/gcc/syscalls.o
 .bss.cronometro
                0x204010f8        0x4 src/main.o
                0x204010f8                cronometro
 .bss.em_ciclo  0x204010fc        0x1 src/main.o
                0x204010fc                em_ciclo
 .bss.f_rtt_alarme
                0x204010fd        0x1 src/main.o
                0x204010fd                f_rtt_alarme
 *fill*         0x204010fe        0x2 
 .bss.t_atual   0x20401100        0x4 src/main.o
                0x20401100                t_atual
 .bss.__malloc_current_mallinfo
                0x20401104       0x28 c:/program files (x86)/atmel/studio/7.0/toolchain/arm/arm-gnu-toolchain/bin/../lib/gcc/arm-none-eabi/6.3.1/../../../../arm-none-eabi/lib/thumb/v7e-m\libc.a(lib_a-mallocr.o)
                0x20401104                __malloc_current_mallinfo
 .bss.__malloc_max_sbrked_mem
                0x2040112c        0x4 c:/program files (x86)/atmel/studio/7.0/toolchain/arm/arm-gnu-toolchain/bin/../lib/gcc/arm-none-eabi/6.3.1/../../../../arm-none-eabi/lib/thumb/v7e-m\libc.a(lib_a-mallocr.o)
                0x2040112c                __malloc_max_sbrked_mem
 .bss.__malloc_max_total_mem
                0x20401130        0x4 c:/program files (x86)/atmel/studio/7.0/toolchain/arm/arm-gnu-toolchain/bin/../lib/gcc/arm-none-eabi/6.3.1/../../../../arm-none-eabi/lib/thumb/v7e-m\libc.a(lib_a-mallocr.o)
                0x20401130                __malloc_max_total_mem
 .bss.__malloc_top_pad
                0x20401134        0x4 c:/program files (x86)/atmel/studio/7.0/toolchain/arm/arm-gnu-toolchain/bin/../lib/gcc/arm-none-eabi/6.3.1/../../../../arm-none-eabi/lib/thumb/v7e-m\libc.a(lib_a-mallocr.o)
                0x20401134                __malloc_top_pad
 *(COMMON)
 COMMON         0x20401138        0x4 src/ASF/common/utils/stdio/read.o
                0x20401138                ptr_get
 COMMON         0x2040113c        0x8 src/ASF/common/utils/stdio/write.o
                0x2040113c                ptr_put
                0x20401140                stdio_base
 COMMON         0x20401144       0x30 src/main.o
                0x20401144                g_ili9488_display_opt
                0x20401154                buffert
 COMMON         0x20401174       0x21 c:/program files (x86)/atmel/studio/7.0/toolchain/arm/arm-gnu-toolchain/bin/../lib/gcc/arm-none-eabi/6.3.1/../../../../arm-none-eabi/lib/thumb/v7e-m\libc.a(lib_a-lock.o)
                0x20401174                __lock___atexit_recursive_mutex
                0x20401178                __lock___arc4random_mutex
                0x2040117c                __lock___env_recursive_mutex
                0x20401180                __lock___sinit_recursive_mutex
                0x20401184                __lock___malloc_recursive_mutex
                0x20401188                __lock___at_quick_exit_mutex
                0x2040118c                __lock___dd_hash_mutex
                0x20401190                __lock___tz_mutex
                0x20401194                __lock___sfp_recursive_mutex
 *fill*         0x20401195        0x3 
 COMMON         0x20401198        0x4 c:/program files (x86)/atmel/studio/7.0/toolchain/arm/arm-gnu-toolchain/bin/../lib/gcc/arm-none-eabi/6.3.1/../../../../arm-none-eabi/lib/thumb/v7e-m\libc.a(lib_a-reent.o)
                0x20401198                errno
                0x2040119c                . = ALIGN (0x4)
                0x2040119c                _ebss = .
                0x2040119c                _ezero = .

.stack          0x2040119c     0x2004 load address 0x004549f8
                0x204011a0                . = ALIGN (0x8)
 *fill*         0x2040119c        0x4 
                0x204011a0                _sstack = .
                0x204031a0                . = (. + STACK_SIZE)
 *fill*         0x204011a0     0x2000 
                0x204031a0                . = ALIGN (0x8)
                0x204031a0                _estack = .

.heap           0x204031a0      0x200 load address 0x004569fc
                0x204031a0                . = ALIGN (0x8)
                0x204031a0                _sheap = .
                0x204033a0                . = (. + HEAP_SIZE)
 *fill*         0x204031a0      0x200 
                0x204033a0                . = ALIGN (0x8)
                0x204033a0                _eheap = .
                0x204033a0                . = ALIGN (0x4)
                0x204033a0                _end = .
                0x2045ffff                _ram_end_ = ((ORIGIN (ram) + LENGTH (ram)) - 0x1)
OUTPUT(MXT_EXAMPLE_USART1.elf elf32-littlearm)

.ARM.attributes
                0x00000000       0x2e
 .ARM.attributes
                0x00000000       0x1e c:/program files (x86)/atmel/studio/7.0/toolchain/arm/arm-gnu-toolchain/bin/../lib/gcc/arm-none-eabi/6.3.1/thumb/v7e-m/crti.o
 .ARM.attributes
                0x0000001e       0x2e c:/program files (x86)/atmel/studio/7.0/toolchain/arm/arm-gnu-toolchain/bin/../lib/gcc/arm-none-eabi/6.3.1/thumb/v7e-m/crtbegin.o
 .ARM.attributes
                0x0000004c       0x37 src/ASF/common/components/touch/mxt/mxt_device_1.o
 .ARM.attributes
                0x00000083       0x37 src/ASF/common/services/clock/same70/sysclk.o
 .ARM.attributes
                0x000000ba       0x37 src/ASF/common/services/delay/sam/cycle_counter.o
 .ARM.attributes
                0x000000f1       0x37 src/ASF/common/services/serial/usart_serial.o
 .ARM.attributes
                0x00000128       0x37 src/ASF/common/services/spi/sam_spi/spi_master.o
 .ARM.attributes
                0x0000015f       0x37 src/ASF/common/utils/interrupt/interrupt_sam_nvic.o
 .ARM.attributes
                0x00000196       0x37 src/ASF/common/utils/stdio/read.o
 .ARM.attributes
                0x000001cd       0x37 src/ASF/common/utils/stdio/write.o
 .ARM.attributes
                0x00000204       0x37 src/ASF/sam/boards/same70_xplained/init.o
 .ARM.attributes
                0x0000023b       0x37 src/ASF/sam/components/display/ili9488/ili9488.o
 .ARM.attributes
                0x00000272       0x37 src/ASF/sam/drivers/pio/pio.o
 .ARM.attributes
                0x000002a9       0x37 src/ASF/sam/drivers/pio/pio_handler.o
 .ARM.attributes
                0x000002e0       0x37 src/ASF/sam/drivers/pmc/pmc.o
 .ARM.attributes
                0x00000317       0x37 src/ASF/sam/drivers/rtt/rtt.o
 .ARM.attributes
                0x0000034e       0x37 src/ASF/sam/drivers/spi/spi.o
 .ARM.attributes
                0x00000385       0x37 src/ASF/sam/drivers/twihs/twihs.o
 .ARM.attributes
                0x000003bc       0x37 src/ASF/sam/drivers/uart/uart.o
 .ARM.attributes
                0x000003f3       0x37 src/ASF/sam/drivers/usart/usart.o
 .ARM.attributes
                0x0000042a       0x37 src/ASF/sam/utils/cmsis/same70/source/templates/gcc/startup_same70.o
 .ARM.attributes
                0x00000461       0x37 src/ASF/sam/utils/cmsis/same70/source/templates/system_same70.o
 .ARM.attributes
                0x00000498       0x37 src/ASF/sam/utils/syscalls/gcc/syscalls.o
 .ARM.attributes
                0x000004cf       0x37 src/main.o
 .ARM.attributes
                0x00000506       0x2e c:/program files (x86)/atmel/studio/7.0/toolchain/arm/arm-gnu-toolchain/bin/../lib/gcc/arm-none-eabi/6.3.1/../../../../arm-none-eabi/lib/thumb/v7e-m\libc.a(lib_a-impure.o)
 .ARM.attributes
                0x00000534       0x2e c:/program files (x86)/atmel/studio/7.0/toolchain/arm/arm-gnu-toolchain/bin/../lib/gcc/arm-none-eabi/6.3.1/../../../../arm-none-eabi/lib/thumb/v7e-m\libc.a(lib_a-init.o)
 .ARM.attributes
                0x00000562       0x2e c:/program files (x86)/atmel/studio/7.0/toolchain/arm/arm-gnu-toolchain/bin/../lib/gcc/arm-none-eabi/6.3.1/../../../../arm-none-eabi/lib/thumb/v7e-m\libc.a(lib_a-iprintf.o)
 .ARM.attributes
                0x00000590       0x2e c:/program files (x86)/atmel/studio/7.0/toolchain/arm/arm-gnu-toolchain/bin/../lib/gcc/arm-none-eabi/6.3.1/../../../../arm-none-eabi/lib/thumb/v7e-m\libc.a(lib_a-malloc.o)
 .ARM.attributes
                0x000005be       0x2e c:/program files (x86)/atmel/studio/7.0/toolchain/arm/arm-gnu-toolchain/bin/../lib/gcc/arm-none-eabi/6.3.1/../../../../arm-none-eabi/lib/thumb/v7e-m\libc.a(lib_a-mallocr.o)
 .ARM.attributes
                0x000005ec       0x2e c:/program files (x86)/atmel/studio/7.0/toolchain/arm/arm-gnu-toolchain/bin/../lib/gcc/arm-none-eabi/6.3.1/../../../../arm-none-eabi/lib/thumb/v7e-m\libc.a(lib_a-memset.o)
 .ARM.attributes
                0x0000061a       0x2e c:/program files (x86)/atmel/studio/7.0/toolchain/arm/arm-gnu-toolchain/bin/../lib/gcc/arm-none-eabi/6.3.1/../../../../arm-none-eabi/lib/thumb/v7e-m\libc.a(lib_a-mlock.o)
 .ARM.attributes
                0x00000648       0x2e c:/program files (x86)/atmel/studio/7.0/toolchain/arm/arm-gnu-toolchain/bin/../lib/gcc/arm-none-eabi/6.3.1/../../../../arm-none-eabi/lib/thumb/v7e-m\libc.a(lib_a-sbrkr.o)
 .ARM.attributes
                0x00000676       0x2e c:/program files (x86)/atmel/studio/7.0/toolchain/arm/arm-gnu-toolchain/bin/../lib/gcc/arm-none-eabi/6.3.1/../../../../arm-none-eabi/lib/thumb/v7e-m\libc.a(lib_a-setbuf.o)
 .ARM.attributes
                0x000006a4       0x2e c:/program files (x86)/atmel/studio/7.0/toolchain/arm/arm-gnu-toolchain/bin/../lib/gcc/arm-none-eabi/6.3.1/../../../../arm-none-eabi/lib/thumb/v7e-m\libc.a(lib_a-setvbuf.o)
 .ARM.attributes
                0x000006d2       0x2e c:/program files (x86)/atmel/studio/7.0/toolchain/arm/arm-gnu-toolchain/bin/../lib/gcc/arm-none-eabi/6.3.1/../../../../arm-none-eabi/lib/thumb/v7e-m\libc.a(lib_a-sprintf.o)
 .ARM.attributes
                0x00000700       0x2e c:/program files (x86)/atmel/studio/7.0/toolchain/arm/arm-gnu-toolchain/bin/../lib/gcc/arm-none-eabi/6.3.1/../../../../arm-none-eabi/lib/thumb/v7e-m\libc.a(lib_a-strcat.o)
 .ARM.attributes
                0x0000072e       0x2e c:/program files (x86)/atmel/studio/7.0/toolchain/arm/arm-gnu-toolchain/bin/../lib/gcc/arm-none-eabi/6.3.1/../../../../arm-none-eabi/lib/thumb/v7e-m\libc.a(lib_a-strcpy.o)
 .ARM.attributes
                0x0000075c       0x1c c:/program files (x86)/atmel/studio/7.0/toolchain/arm/arm-gnu-toolchain/bin/../lib/gcc/arm-none-eabi/6.3.1/../../../../arm-none-eabi/lib/thumb/v7e-m\libc.a(lib_a-strlen.o)
 .ARM.attributes
                0x00000778       0x2e c:/program files (x86)/atmel/studio/7.0/toolchain/arm/arm-gnu-toolchain/bin/../lib/gcc/arm-none-eabi/6.3.1/../../../../arm-none-eabi/lib/thumb/v7e-m\libc.a(lib_a-svfprintf.o)
 .ARM.attributes
                0x000007a6       0x2e c:/program files (x86)/atmel/studio/7.0/toolchain/arm/arm-gnu-toolchain/bin/../lib/gcc/arm-none-eabi/6.3.1/../../../../arm-none-eabi/lib/thumb/v7e-m\libc.a(lib_a-vfiprintf.o)
 .ARM.attributes
                0x000007d4       0x2e c:/program files (x86)/atmel/studio/7.0/toolchain/arm/arm-gnu-toolchain/bin/../lib/gcc/arm-none-eabi/6.3.1/../../../../arm-none-eabi/lib/thumb/v7e-m\libc.a(lib_a-wsetup.o)
 .ARM.attributes
                0x00000802       0x2e c:/program files (x86)/atmel/studio/7.0/toolchain/arm/arm-gnu-toolchain/bin/../lib/gcc/arm-none-eabi/6.3.1/../../../../arm-none-eabi/lib/thumb/v7e-m\libc.a(lib_a-__call_atexit.o)
 .ARM.attributes
                0x00000830       0x2e c:/program files (x86)/atmel/studio/7.0/toolchain/arm/arm-gnu-toolchain/bin/../lib/gcc/arm-none-eabi/6.3.1/../../../../arm-none-eabi/lib/thumb/v7e-m\libc.a(lib_a-atexit.o)
 .ARM.attributes
                0x0000085e       0x2e c:/program files (x86)/atmel/studio/7.0/toolchain/arm/arm-gnu-toolchain/bin/../lib/gcc/arm-none-eabi/6.3.1/../../../../arm-none-eabi/lib/thumb/v7e-m\libc.a(lib_a-dtoa.o)
 .ARM.attributes
                0x0000088c       0x2e c:/program files (x86)/atmel/studio/7.0/toolchain/arm/arm-gnu-toolchain/bin/../lib/gcc/arm-none-eabi/6.3.1/../../../../arm-none-eabi/lib/thumb/v7e-m\libc.a(lib_a-fflush.o)
 .ARM.attributes
                0x000008ba       0x2e c:/program files (x86)/atmel/studio/7.0/toolchain/arm/arm-gnu-toolchain/bin/../lib/gcc/arm-none-eabi/6.3.1/../../../../arm-none-eabi/lib/thumb/v7e-m\libc.a(lib_a-findfp.o)
 .ARM.attributes