Archive member included to satisfy reference by file (symbol)

c:/program files (x86)/atmel/studio/7.0/toolchain/arm/arm-gnu-toolchain/bin/../lib/gcc/arm-none-eabi/6.3.1/../../../../arm-none-eabi/lib/thumb/v7e-m\libc.a(lib_a-exit.o)
                              c:/program files (x86)/atmel/studio/7.0/toolchain/arm/arm-gnu-toolchain/bin/../lib/gcc/arm-none-eabi/6.3.1/../../../../arm-none-eabi/lib/thumb/v7e-m/crt0.o (exit)
c:/program files (x86)/atmel/studio/7.0/toolchain/arm/arm-gnu-toolchain/bin/../lib/gcc/arm-none-eabi/6.3.1/../../../../arm-none-eabi/lib/thumb/v7e-m\libc.a(lib_a-impure.o)
                              c:/program files (x86)/atmel/studio/7.0/toolchain/arm/arm-gnu-toolchain/bin/../lib/gcc/arm-none-eabi/6.3.1/../../../../arm-none-eabi/lib/thumb/v7e-m\libc.a(lib_a-exit.o) (_global_impure_ptr)
c:/program files (x86)/atmel/studio/7.0/toolchain/arm/arm-gnu-toolchain/bin/../lib/gcc/arm-none-eabi/6.3.1/../../../../arm-none-eabi/lib/thumb/v7e-m\libc.a(lib_a-init.o)
                              c:/program files (x86)/atmel/studio/7.0/toolchain/arm/arm-gnu-toolchain/bin/../lib/gcc/arm-none-eabi/6.3.1/../../../../arm-none-eabi/lib/thumb/v7e-m/crt0.o (__libc_init_array)
c:/program files (x86)/atmel/studio/7.0/toolchain/arm/arm-gnu-toolchain/bin/../lib/gcc/arm-none-eabi/6.3.1/../../../../arm-none-eabi/lib/thumb/v7e-m\libc.a(lib_a-iprintf.o)
                              src/main.o (iprintf)
c:/program files (x86)/atmel/studio/7.0/toolchain/arm/arm-gnu-toolchain/bin/../lib/gcc/arm-none-eabi/6.3.1/../../../../arm-none-eabi/lib/thumb/v7e-m\libc.a(lib_a-malloc.o)
                              src/ASF/common/components/touch/mxt/mxt_device_1.o (malloc)
c:/program files (x86)/atmel/studio/7.0/toolchain/arm/arm-gnu-toolchain/bin/../lib/gcc/arm-none-eabi/6.3.1/../../../../arm-none-eabi/lib/thumb/v7e-m\libc.a(lib_a-mallocr.o)
                              c:/program files (x86)/atmel/studio/7.0/toolchain/arm/arm-gnu-toolchain/bin/../lib/gcc/arm-none-eabi/6.3.1/../../../../arm-none-eabi/lib/thumb/v7e-m\libc.a(lib_a-malloc.o) (_malloc_r)
c:/program files (x86)/atmel/studio/7.0/toolchain/arm/arm-gnu-toolchain/bin/../lib/gcc/arm-none-eabi/6.3.1/../../../../arm-none-eabi/lib/thumb/v7e-m\libc.a(lib_a-memset.o)
                              c:/program files (x86)/atmel/studio/7.0/toolchain/arm/arm-gnu-toolchain/bin/../lib/gcc/arm-none-eabi/6.3.1/../../../../arm-none-eabi/lib/thumb/v7e-m/crt0.o (memset)
c:/program files (x86)/atmel/studio/7.0/toolchain/arm/arm-gnu-toolchain/bin/../lib/gcc/arm-none-eabi/6.3.1/../../../../arm-none-eabi/lib/thumb/v7e-m\libc.a(lib_a-mlock.o)
                              c:/program files (x86)/atmel/studio/7.0/toolchain/arm/arm-gnu-toolchain/bin/../lib/gcc/arm-none-eabi/6.3.1/../../../../arm-none-eabi/lib/thumb/v7e-m\libc.a(lib_a-mallocr.o) (__malloc_lock)
c:/program files (x86)/atmel/studio/7.0/toolchain/arm/arm-gnu-toolchain/bin/../lib/gcc/arm-none-eabi/6.3.1/../../../../arm-none-eabi/lib/thumb/v7e-m\libc.a(lib_a-sbrkr.o)
                              c:/program files (x86)/atmel/studio/7.0/toolchain/arm/arm-gnu-toolchain/bin/../lib/gcc/arm-none-eabi/6.3.1/../../../../arm-none-eabi/lib/thumb/v7e-m\libc.a(lib_a-mallocr.o) (_sbrk_r)
c:/program files (x86)/atmel/studio/7.0/toolchain/arm/arm-gnu-toolchain/bin/../lib/gcc/arm-none-eabi/6.3.1/../../../../arm-none-eabi/lib/thumb/v7e-m\libc.a(lib_a-setbuf.o)
                              src/main.o (setbuf)
c:/program files (x86)/atmel/studio/7.0/toolchain/arm/arm-gnu-toolchain/bin/../lib/gcc/arm-none-eabi/6.3.1/../../../../arm-none-eabi/lib/thumb/v7e-m\libc.a(lib_a-setvbuf.o)
                              c:/program files (x86)/atmel/studio/7.0/toolchain/arm/arm-gnu-toolchain/bin/../lib/gcc/arm-none-eabi/6.3.1/../../../../arm-none-eabi/lib/thumb/v7e-m\libc.a(lib_a-setbuf.o) (setvbuf)
c:/program files (x86)/atmel/studio/7.0/toolchain/arm/arm-gnu-toolchain/bin/../lib/gcc/arm-none-eabi/6.3.1/../../../../arm-none-eabi/lib/thumb/v7e-m\libc.a(lib_a-sprintf.o)
                              src/main.o (sprintf)
c:/program files (x86)/atmel/studio/7.0/toolchain/arm/arm-gnu-toolchain/bin/../lib/gcc/arm-none-eabi/6.3.1/../../../../arm-none-eabi/lib/thumb/v7e-m\libc.a(lib_a-strcat.o)
                              src/main.o (strcat)
c:/program files (x86)/atmel/studio/7.0/toolchain/arm/arm-gnu-toolchain/bin/../lib/gcc/arm-none-eabi/6.3.1/../../../../arm-none-eabi/lib/thumb/v7e-m\libc.a(lib_a-strcpy.o)
                              c:/program files (x86)/atmel/studio/7.0/toolchain/arm/arm-gnu-toolchain/bin/../lib/gcc/arm-none-eabi/6.3.1/../../../../arm-none-eabi/lib/thumb/v7e-m\libc.a(lib_a-strcat.o) (strcpy)
c:/program files (x86)/atmel/studio/7.0/toolchain/arm/arm-gnu-toolchain/bin/../lib/gcc/arm-none-eabi/6.3.1/../../../../arm-none-eabi/lib/thumb/v7e-m\libc.a(lib_a-strlen.o)
                              src/main.o (strlen)
[...]
Memory Configuration

Name             Origin             Length             Attributes
rom              0x00400000         0x00200000         xr
ram              0x20400000         0x00060000         xrw
*default*        0x00000000         0xffffffff

Linker script and memory map

LOAD c:/program files (x86)/atmel/studio/7.0/toolchain/arm/arm-gnu-toolchain/bin/../lib/gcc/arm-none-eabi/6.3.1/thumb/v7e-m/crti.o
LOAD c:/program files (x86)/atmel/studio/7.0/toolchain/arm/arm-gnu-toolchain/bin/../lib/gcc/arm-none-eabi/6.3.1/thumb/v7e-m/crtbegin.o
LOAD c:/program files (x86)/atmel/studio/7.0/toolchain/arm/arm-gnu-toolchain/bin/../lib/gcc/arm-none-eabi/6.3.1/../../../../arm-none-eabi/lib/thumb/v7e-m/crt0.o
LOAD src/ASF/sam/drivers/rtc/rtc.o
LOAD src/ASF/common/components/touch/mxt/mxt_device_1.o
LOAD src/ASF/common/services/clock/same70/sysclk.o
LOAD src/ASF/common/services/delay/sam/cycle_counter.o
LOAD src/ASF/common/services/serial/usart_serial.o
LOAD src/ASF/common/services/spi/sam_spi/spi_master.o
LOAD src/ASF/common/utils/interrupt/interrupt_sam_nvic.o
LOAD src/ASF/common/utils/stdio/read.o
LOAD src/ASF/common/utils/stdio/write.o
LOAD src/ASF/sam/boards/same70_xplained/init.o
LOAD src/ASF/sam/components/display/ili9488/ili9488.o
LOAD src/ASF/sam/drivers/mpu/mpu.o
LOAD src/ASF/sam/drivers/pio/pio.o
LOAD src/ASF/sam/drivers/pio/pio_handler.o
LOAD src/ASF/sam/drivers/pmc/pmc.o
LOAD src/ASF/sam/drivers/pmc/sleep.o
LOAD src/ASF/sam/drivers/rtt/rtt.o
LOAD src/ASF/sam/drivers/spi/spi.o
LOAD src/ASF/sam/drivers/twihs/twihs.o
LOAD src/ASF/sam/drivers/uart/uart.o
LOAD src/ASF/sam/drivers/usart/usart.o
LOAD src/ASF/sam/utils/cmsis/same70/source/templates/gcc/startup_same70.o
LOAD src/ASF/sam/utils/cmsis/same70/source/templates/system_same70.o
LOAD src/ASF/sam/utils/syscalls/gcc/syscalls.o
LOAD src/main.o
START GROUP
LOAD ../src/ASF/thirdparty/CMSIS/Lib/GCC\libarm_cortexM7lfsp_math_softfp.a
LOAD c:/program files (x86)/atmel/studio/7.0/toolchain/arm/arm-gnu-toolchain/bin/../lib/gcc/arm-none-eabi/6.3.1/../../../../arm-none-eabi/lib/thumb/v7e-m\libm.a
END GROUP
START GROUP
LOAD c:/program files (x86)/atmel/studio/7.0/toolchain/arm/arm-gnu-toolchain/bin/../lib/gcc/arm-none-eabi/6.3.1/thumb/v7e-m\libgcc.a
LOAD c:/program files (x86)/atmel/studio/7.0/toolchain/arm/arm-gnu-toolchain/bin/../lib/gcc/arm-none-eabi/6.3.1/../../../../arm-none-eabi/lib/thumb/v7e-m\libc.a
END GROUP
LOAD c:/program files (x86)/atmel/studio/7.0/toolchain/arm/arm-gnu-toolchain/bin/../lib/gcc/arm-none-eabi/6.3.1/thumb/v7e-m/crtend.o
LOAD c:/program files (x86)/atmel/studio/7.0/toolchain/arm/arm-gnu-toolchain/bin/../lib/gcc/arm-none-eabi/6.3.1/thumb/v7e-m/crtn.o
                0x00002000                STACK_SIZE = DEFINED (STACK_SIZE)?STACK_SIZE:0x2000
                0x2045fffc                __ram_end__ = ((ORIGIN (ram) + LENGTH (ram)) - 0x4)
                0x00000200                HEAP_SIZE = DEFINED (HEAP_SIZE)?HEAP_SIZE:0x200

.text           0x00400000    0x61dac
                0x00400000                . = ALIGN (0x4)
                0x00400000                _sfixed = .
 *(.vectors .vectors.*)
 .vectors       0x00400000      0x168 src/ASF/sam/utils/cmsis/same70/source/templates/gcc/startup_same70.o
                0x00400000                exception_table
 *(.text .text.* .gnu.linkonce.t.*)
 .text          0x00400168       0x6c c:/program files (x86)/atmel/studio/7.0/toolchain/arm/arm-gnu-toolchain/bin/../lib/gcc/arm-none-eabi/6.3.1/thumb/v7e-m/crtbegin.o
 .text.mxt_init_device
                0x004001d4      0x298 src/ASF/common/components/touch/mxt/mxt_device_1.o
                0x004001d4                mxt_init_device
 .text.mxt_get_object_address
                0x0040046c       0x40 src/ASF/common/components/touch/mxt/mxt_device_1.o
                0x0040046c                mxt_get_object_address
 .text.mxt_write_config_object
                0x004004ac       0x78 src/ASF/common/components/touch/mxt/mxt_device_1.o
                0x004004ac                mxt_write_config_object
 .text.mxt_write_config_reg
                0x00400524       0x48 src/ASF/common/components/touch/mxt/mxt_device_1.o
                0x00400524                mxt_write_config_reg
 .text.mxt_is_message_pending
                0x0040056c       0x24 src/ASF/common/components/touch/mxt/mxt_device_1.o
                0x0040056c                mxt_is_message_pending
 .text.mxt_read_message
                0x00400590       0x4c src/ASF/common/components/touch/mxt/mxt_device_1.o
                0x00400590                mxt_read_message
 .text.mxt_read_touch_event
                0x004005dc       0x70 src/ASF/common/components/touch/mxt/mxt_device_1.o
                0x004005dc                mxt_read_touch_event
 .text.sysclk_init
                0x0040064c       0x74 src/ASF/common/services/clock/same70/sysclk.o
                0x0040064c                sysclk_init
 .text.usart_serial_write_packet
                0x004006c0       0xd8 src/ASF/common/services/serial/usart_serial.o
                0x004006c0                usart_serial_write_packet
 .text.spi_master_init
                0x00400798       0x54 src/ASF/common/services/spi/sam_spi/spi_master.o
                0x00400798                spi_master_init
 .text.spi_master_setup_device
                0x004007ec       0x80 src/ASF/common/services/spi/sam_spi/spi_master.o
                0x004007ec                spi_master_setup_device
 .text.spi_select_device
                0x0040086c       0x30 src/ASF/common/services/spi/sam_spi/spi_master.o
                0x0040086c                spi_select_device
 .text.spi_write_packet
                0x0040089c       0x36 src/ASF/common/services/spi/sam_spi/spi_master.o
                0x0040089c                spi_write_packet
 .text.spi_read_packet
                0x004008d2       0x54 src/ASF/common/services/spi/sam_spi/spi_master.o
                0x004008d2                spi_read_packet
 *fill*         0x00400926        0x2 
 .text._read    0x00400928       0x3c src/ASF/common/utils/stdio/read.o
                0x00400928                _read
 .text._write   0x00400964       0x50 src/ASF/common/utils/stdio/write.o
                0x00400964                _write
 .text.board_init
                0x004009b4      0x2bc src/ASF/sam/boards/same70_xplained/init.o
                0x004009b4                board_init
 .text.ili9488_check_box_coordinates
                0x00400c70       0x56 src/ASF/sam/components/display/ili9488/ili9488.o
 *fill*         0x00400cc6        0x2 
 .text.ili9488_write_ram_prepare
                0x00400cc8       0x3c src/ASF/sam/components/display/ili9488/ili9488.o
 .text.ili9488_write_register
                0x00400d04       0x74 src/ASF/sam/components/display/ili9488/ili9488.o
 .text.ili9488_write_ram_buffer
                0x00400d78       0x40 src/ASF/sam/components/display/ili9488/ili9488.o
 .text.ili9488_delay
                0x00400db8       0x1c src/ASF/sam/components/display/ili9488/ili9488.o
                0x00400db8                ili9488_delay
 .text.ili9488_set_display_direction
                0x00400dd4       0x2c src/ASF/sam/components/display/ili9488/ili9488.o
                0x00400dd4                ili9488_set_display_direction
 .text.ili9488_set_window
                0x00400e00       0x80 src/ASF/sam/components/display/ili9488/ili9488.o
                0x00400e00                ili9488_set_window
 .text.ili9488_display_on
                0x00400e80       0x14 src/ASF/sam/components/display/ili9488/ili9488.o
                0x00400e80                ili9488_display_on
 .text.ili9488_set_foreground_color
                0x00400e94       0x28 src/ASF/sam/components/display/ili9488/ili9488.o
                0x00400e94                ili9488_set_foreground_color
 .text.ili9488_set_cursor_position
                0x00400ebc       0x64 src/ASF/sam/components/display/ili9488/ili9488.o
                0x00400ebc                ili9488_set_cursor_position
 .text.ili9488_init
                0x00400f20      0x1c4 src/ASF/sam/components/display/ili9488/ili9488.o
                0x00400f20                ili9488_init
 .text.ili9488_draw_pixel
                0x004010e4       0x3c src/ASF/sam/components/display/ili9488/ili9488.o
                0x004010e4                ili9488_draw_pixel
 .text.ili9488_draw_filled_rectangle
                0x00401120       0xbc src/ASF/sam/components/display/ili9488/ili9488.o
                0x00401120                ili9488_draw_filled_rectangle
 .text.ili9488_draw_string
                0x004011dc       0xb0 src/ASF/sam/components/display/ili9488/ili9488.o
                0x004011dc                ili9488_draw_string
 .text.ili9488_draw_pixmap
                0x0040128c       0x78 src/ASF/sam/components/display/ili9488/ili9488.o
                0x0040128c                ili9488_draw_pixmap
 .text.pio_set  0x00401304        0x4 src/ASF/sam/drivers/pio/pio.o
                0x00401304                pio_set
 .text.pio_clear
                0x00401308        0x4 src/ASF/sam/drivers/pio/pio.o
                0x00401308                pio_clear
 .text.pio_set_peripheral
                0x0040130c       0x92 src/ASF/sam/drivers/pio/pio.o
                0x0040130c                pio_set_peripheral
 .text.pio_set_input
                0x0040139e       0x36 src/ASF/sam/drivers/pio/pio.o
                0x0040139e                pio_set_input
 .text.pio_set_output
                0x004013d4       0x28 src/ASF/sam/drivers/pio/pio.o
                0x004013d4                pio_set_output
 .text.pio_configure
                0x004013fc       0x90 src/ASF/sam/drivers/pio/pio.o
                0x004013fc                pio_configure
 .text.pio_get_output_data_status
                0x0040148c        0xc src/ASF/sam/drivers/pio/pio.o
                0x0040148c                pio_get_output_data_status
 .text.pio_get_interrupt_status
                0x00401498        0x4 src/ASF/sam/drivers/pio/pio.o
                0x00401498                pio_get_interrupt_status
 .text.pio_get_interrupt_mask
                0x0040149c        0x4 src/ASF/sam/drivers/pio/pio.o
                0x0040149c                pio_get_interrupt_mask
 .text.pio_set_pin_high
                0x004014a0       0x1c src/ASF/sam/drivers/pio/pio.o
                0x004014a0                pio_set_pin_high
 .text.pio_set_pin_low
                0x004014bc       0x1c src/ASF/sam/drivers/pio/pio.o
                0x004014bc                pio_set_pin_low
 .text.pio_configure_pin
                0x004014d8      0x130 src/ASF/sam/drivers/pio/pio.o
                0x004014d8                pio_configure_pin
 .text.pio_handler_process
                0x00401608       0x50 src/ASF/sam/drivers/pio/pio_handler.o
                0x00401608                pio_handler_process
 .text.PIOA_Handler
                0x00401658       0x14 src/ASF/sam/drivers/pio/pio_handler.o
                0x00401658                PIOA_Handler
 .text.PIOB_Handler
                0x0040166c       0x14 src/ASF/sam/drivers/pio/pio_handler.o
                0x0040166c                PIOB_Handler
 .text.PIOC_Handler
                0x00401680       0x14 src/ASF/sam/drivers/pio/pio_handler.o
                0x00401680                PIOC_Handler
 .text.PIOD_Handler
                0x00401694       0x14 src/ASF/sam/drivers/pio/pio_handler.o
                0x00401694                PIOD_Handler
 .text.PIOE_Handler
                0x004016a8       0x14 src/ASF/sam/drivers/pio/pio_handler.o
                0x004016a8                PIOE_Handler
 .text.pmc_mck_set_division
                0x004016bc       0x38 src/ASF/sam/drivers/pmc/pmc.o
                0x004016bc                pmc_mck_set_division
 .text.pmc_switch_mck_to_pllack
                0x004016f4       0x64 src/ASF/sam/drivers/pmc/pmc.o
                0x004016f4                pmc_switch_mck_to_pllack
 .text.pmc_switch_mainck_to_xtal
                0x00401758       0x54 src/ASF/sam/drivers/pmc/pmc.o
                0x00401758                pmc_switch_mainck_to_xtal
 .text.pmc_osc_is_ready_mainck
                0x004017ac       0x10 src/ASF/sam/drivers/pmc/pmc.o
                0x004017ac                pmc_osc_is_ready_mainck
 .text.pmc_disable_pllack
                0x004017bc       0x10 src/ASF/sam/drivers/pmc/pmc.o
                0x004017bc                pmc_disable_pllack
 .text.pmc_is_locked_pllack
                0x004017cc       0x10 src/ASF/sam/drivers/pmc/pmc.o
                0x004017cc                pmc_is_locked_pllack
 .text.pmc_enable_periph_clk
                0x004017dc       0x20 src/ASF/sam/drivers/pmc/pmc.o
                0x004017dc                pmc_enable_periph_clk
 .text.rtt_init
                0x004017fc       0x14 src/ASF/sam/drivers/rtt/rtt.o
                0x004017fc                rtt_init
 .text.rtt_sel_source
                0x00401810       0x2c src/ASF/sam/drivers/rtt/rtt.o
                0x00401810                rtt_sel_source
 .text.rtt_enable_interrupt
                0x0040183c       0x14 src/ASF/sam/drivers/rtt/rtt.o
                0x0040183c                rtt_enable_interrupt
 .text.rtt_disable_interrupt
                0x00401850       0x14 src/ASF/sam/drivers/rtt/rtt.o
                0x00401850                rtt_disable_interrupt
 .text.rtt_read_timer_value
                0x00401864       0x14 src/ASF/sam/drivers/rtt/rtt.o
                0x00401864                rtt_read_timer_value
 .text.rtt_get_status
                0x00401878        0x4 src/ASF/sam/drivers/rtt/rtt.o
                0x00401878                rtt_get_status
 .text.rtt_write_alarm_time
                0x0040187c       0x44 src/ASF/sam/drivers/rtt/rtt.o
                0x0040187c                rtt_write_alarm_time
 .text.spi_enable_clock
                0x004018c0       0x2c src/ASF/sam/drivers/spi/spi.o
                0x004018c0                spi_enable_clock
 .text.spi_set_peripheral_chip_select_value
                0x004018ec       0x16 src/ASF/sam/drivers/spi/spi.o
                0x004018ec                spi_set_peripheral_chip_select_value
 .text.spi_set_delay_between_chip_select
                0x00401902       0x12 src/ASF/sam/drivers/spi/spi.o
                0x00401902                spi_set_delay_between_chip_select
 .text.spi_write
                0x00401914       0x34 src/ASF/sam/drivers/spi/spi.o
                0x00401914                spi_write
 .text.spi_set_clock_polarity
                0x00401948       0x1e src/ASF/sam/drivers/spi/spi.o
                0x00401948                spi_set_clock_polarity
 .text.spi_set_clock_phase
                0x00401966       0x1e src/ASF/sam/drivers/spi/spi.o
                0x00401966                spi_set_clock_phase
 .text.spi_configure_cs_behavior
                0x00401984       0x46 src/ASF/sam/drivers/spi/spi.o
                0x00401984                spi_configure_cs_behavior
 .text.spi_set_bits_per_transfer
                0x004019ca       0x14 src/ASF/sam/drivers/spi/spi.o
                0x004019ca                spi_set_bits_per_transfer
 .text.spi_calc_baudrate_div
                0x004019de       0x16 src/ASF/sam/drivers/spi/spi.o
                0x004019de                spi_calc_baudrate_div
 .text.spi_set_baudrate_div
                0x004019f4       0x28 src/ASF/sam/drivers/spi/spi.o
                0x004019f4                spi_set_baudrate_div
 .text.spi_set_transfer_delay
                0x00401a1c       0x1e src/ASF/sam/drivers/spi/spi.o
                0x00401a1c                spi_set_transfer_delay
 *fill*         0x00401a3a        0x2 
 .text.twihs_set_speed
                0x00401a3c       0xb0 src/ASF/sam/drivers/twihs/twihs.o
                0x00401a3c                twihs_set_speed
 .text.twihs_master_init
                0x00401aec       0x34 src/ASF/sam/drivers/twihs/twihs.o
                0x00401aec                twihs_master_init
 .text.twihs_master_read
                0x00401b20       0xac src/ASF/sam/drivers/twihs/twihs.o
                0x00401b20                twihs_master_read
 .text.twihs_master_write
                0x00401bcc       0xa0 src/ASF/sam/drivers/twihs/twihs.o
                0x00401bcc                twihs_master_write
 .text.uart_write
                0x00401c6c       0x12 src/ASF/sam/drivers/uart/uart.o
                0x00401c6c                uart_write
 .text.uart_read
                0x00401c7e       0x14 src/ASF/sam/drivers/uart/uart.o
                0x00401c7e                uart_read
 .text.usart_set_async_baudrate
                0x00401c92       0x5a src/ASF/sam/drivers/usart/usart.o
                0x00401c92                usart_set_async_baudrate
 .text.usart_reset
                0x00401cec       0x28 src/ASF/sam/drivers/usart/usart.o
                0x00401cec                usart_reset
 .text.usart_init_rs232
                0x00401d14       0x54 src/ASF/sam/drivers/usart/usart.o
                0x00401d14                usart_init_rs232
 .text.usart_enable_tx
                0x00401d68        0x6 src/ASF/sam/drivers/usart/usart.o
                0x00401d68                usart_enable_tx
 .text.usart_enable_rx
                0x00401d6e        0x6 src/ASF/sam/drivers/usart/usart.o
                0x00401d6e                usart_enable_rx
 .text.usart_write
                0x00401d74       0x16 src/ASF/sam/drivers/usart/usart.o
                0x00401d74                usart_write
 .text.usart_read
                0x00401d8a       0x18 src/ASF/sam/drivers/usart/usart.o
                0x00401d8a                usart_read
 .text.Dummy_Handler
                0x00401da2        0x2 src/ASF/sam/utils/cmsis/same70/source/templates/gcc/startup_same70.o
                0x00401da2                DACC_Handler
                0x00401da2                DebugMon_Handler
                0x00401da2                UART3_Handler
                0x00401da2                UART2_Handler
                0x00401da2                TRNG_Handler
                0x00401da2                HardFault_Handler
                0x00401da2                TC2_Handler
                0x00401da2                SysTick_Handler
                0x00401da2                AFEC1_Handler
                0x00401da2                PendSV_Handler
                0x00401da2                NMI_Handler
                0x00401da2                TC7_Handler
                0x00401da2                QSPI_Handler
                0x00401da2                ISI_Handler
                0x00401da2                MCAN0_INT0_Handler
                0x00401da2                TC9_Handler
                0x00401da2                RSWDT_Handler
                0x00401da2                USART0_Handler
                0x00401da2                USBHS_Handler
                0x00401da2                IXC_Handler
                0x00401da2                CCF_Handler
                0x00401da2                RTC_Handler
                0x00401da2                UsageFault_Handler
                0x00401da2                TC6_Handler
                0x00401da2                WDT_Handler
                0x00401da2                MCAN1_INT1_Handler
                0x00401da2                TC4_Handler
                0x00401da2                TC1_Handler
                0x00401da2                HSMCI_Handler
                0x00401da2                UART1_Handler
                0x00401da2                TC3_Handler
                0x00401da2                Dummy_Handler
                0x00401da2                TWIHS1_Handler
                0x00401da2                XDMAC_Handler
                0x00401da2                UART4_Handler
                0x00401da2                PWM1_Handler
                0x00401da2                USART1_Handler
                0x00401da2                PWM0_Handler
                0x00401da2                AFEC0_Handler
                0x00401da2                CCW_Handler
                0x00401da2                SSC_Handler
                0x00401da2                TC11_Handler
                0x00401da2                ACC_Handler
                0x00401da2                PMC_Handler
                0x00401da2                GMAC_Handler
                0x00401da2                MCAN0_INT1_Handler
                0x00401da2                GMAC_Q5_Handler
                0x00401da2                MemManage_Handler
                0x00401da2                SUPC_Handler
                0x00401da2                SVC_Handler
                0x00401da2                TC8_Handler
                0x00401da2                MCAN1_INT0_Handler
                0x00401da2                EFC_Handler
                0x00401da2                GMAC_Q1_Handler
                0x00401da2                USART2_Handler
                0x00401da2                SDRAMC_Handler
                0x00401da2                GMAC_Q2_Handler
                0x00401da2                SPI1_Handler
                0x00401da2                TC10_Handler
                0x00401da2                GMAC_Q3_Handler
                0x00401da2                TWIHS2_Handler
                0x00401da2                I2SC0_Handler
                0x00401da2                UART0_Handler
                0x00401da2                I2SC1_Handler
                0x00401da2                GMAC_Q4_Handler
                0x00401da2                FPU_Handler
                0x00401da2                BusFault_Handler
                0x00401da2                RSTC_Handler
                0x00401da2                TC0_Handler
                0x00401da2                TC5_Handler
                0x00401da2                ICM_Handler
                0x00401da2                AES_Handler
                0x00401da2                TWIHS0_Handler
                0x00401da2                SPI0_Handler
 .text.Reset_Handler
                0x00401da4       0xc8 src/ASF/sam/utils/cmsis/same70/source/templates/gcc/startup_same70.o
                0x00401da4                Reset_Handler
 .text.SystemCoreClockUpdate
                0x00401e6c      0x10c src/ASF/sam/utils/cmsis/same70/source/templates/system_same70.o
                0x00401e6c                SystemCoreClockUpdate
 .text.system_init_flash
                0x00401f78       0x8c src/ASF/sam/utils/cmsis/same70/source/templates/system_same70.o
                0x00401f78                system_init_flash
 .text._sbrk    0x00402004       0x38 src/ASF/sam/utils/syscalls/gcc/syscalls.o
                0x00402004                _sbrk
 .text._close   0x0040203c        0x6 src/ASF/sam/utils/syscalls/gcc/syscalls.o
                0x0040203c                _close
 .text._fstat   0x00402042        0xa src/ASF/sam/utils/syscalls/gcc/syscalls.o
                0x00402042                _fstat
 .text._isatty  0x0040204c        0x4 src/ASF/sam/utils/syscalls/gcc/syscalls.o
                0x0040204c                _isatty
 .text._lseek   0x00402050        0x4 src/ASF/sam/utils/syscalls/gcc/syscalls.o
                0x00402050                _lseek
 .text.playpause_callback
                0x00402054       0x14 src/main.o
                0x00402054                playpause_callback
 .text.rapida_callback
                0x00402068       0x38 src/main.o
                0x00402068                rapida_callback
 .text.diadia_callback
                0x004020a0       0x38 src/main.o
                0x004020a0                diadia_callback
 .text.pesada_callback
                0x004020d8       0x38 src/main.o
                0x004020d8                pesada_callback
 .text.menu_callback
                0x00402110       0x34 src/main.o
                0x00402110                menu_callback
 .text.enxague_callback
                0x00402144       0x28 src/main.o
                0x00402144                enxague_callback
 .text.centrifuga_callback
                0x0040216c       0x28 src/main.o
                0x0040216c                centrifuga_callback
 .text.usart_serial_getchar
                0x00402194       0xdc src/main.o
 .text.usart_serial_putchar
                0x00402270       0xd4 src/main.o
 .text.pin_toggle
                0x00402344       0x2c src/main.o
                0x00402344                pin_toggle
 .text.RTT_Handler
                0x00402370       0x38 src/main.o
                0x00402370                RTT_Handler
 .text.io_init  0x004023a8       0x28 src/main.o
                0x004023a8                io_init
 .text.processa_touch
                0x004023d0       0x8c src/main.o
                0x004023d0                processa_touch
 .text.font_draw_text
                0x0040245c       0x60 src/main.o
                0x0040245c                font_draw_text
 .text.draw_screen
                0x004024bc       0x28 src/main.o
                0x004024bc                draw_screen
 .text.inicio   0x004024e4      0x11c src/main.o
                0x004024e4                inicio
 .text.voltar_callback
                0x00402600       0x20 src/main.o
                0x00402600                voltar_callback
 .text.tela_atual
                0x00402620       0xa4 src/main.o
                0x00402620                tela_atual
 .text.tela_menu
                0x004026c4       0x74 src/main.o
                0x004026c4                tela_menu
 .text.mxt_handler
                0x00402738       0xcc src/main.o
                0x00402738                mxt_handler
 .text.main     0x00402804      0x5b8 src/main.o
                0x00402804                main
 .text.__libc_init_array
                0x00402dbc       0x50 c:/program files (x86)/atmel/studio/7.0/toolchain/arm/arm-gnu-toolchain/bin/../lib/gcc/arm-none-eabi/6.3.1/../../../../arm-none-eabi/lib/thumb/v7e-m\libc.a(lib_a-init.o)
                0x00402dbc                __libc_init_array
 .text.iprintf  0x00402e0c       0x28 c:/program files (x86)/atmel/studio/7.0/toolchain/arm/arm-gnu-toolchain/bin/../lib/gcc/arm-none-eabi/6.3.1/../../../../arm-none-eabi/lib/thumb/v7e-m\libc.a(lib_a-iprintf.o)
                0x00402e0c                iprintf
 .text.malloc   0x00402e34       0x10 c:/program files (x86)/atmel/studio/7.0/toolchain/arm/arm-gnu-toolchain/bin/../lib/gcc/arm-none-eabi/6.3.1/../../../../arm-none-eabi/lib/thumb/v7e-m\libc.a(lib_a-malloc.o)
                0x00402e34                malloc
 .text._malloc_r
                0x00402e44      0x560 c:/program files (x86)/atmel/studio/7.0/toolchain/arm/arm-gnu-toolchain/bin/../lib/gcc/arm-none-eabi/6.3.1/../../../../arm-none-eabi/lib/thumb/v7e-m\libc.a(lib_a-mallocr.o)
                0x00402e44                _malloc_r
 .text.memset   0x004033a4       0x9c c:/program files (x86)/atmel/studio/7.0/toolchain/arm/arm-gnu-toolchain/bin/../lib/gcc/arm-none-eabi/6.3.1/../../../../arm-none-eabi/lib/thumb/v7e-m\libc.a(lib_a-memset.o)
                0x004033a4                memset
 .text.__malloc_lock
                0x00403440        0xc c:/program files (x86)/atmel/studio/7.0/toolchain/arm/arm-gnu-toolchain/bin/../lib/gcc/arm-none-eabi/6.3.1/../../../../arm-none-eabi/lib/thumb/v7e-m\libc.a(lib_a-mlock.o)
                0x00403440                __malloc_lock
 .text.__malloc_unlock
                0x0040344c        0xc c:/program files (x86)/atmel/studio/7.0/toolchain/arm/arm-gnu-toolchain/bin/../lib/gcc/arm-none-eabi/6.3.1/../../../../arm-none-eabi/lib/thumb/v7e-m\libc.a(lib_a-mlock.o)
                0x0040344c                __malloc_unlock
 .text._sbrk_r  0x00403458       0x24 c:/program files (x86)/atmel/studio/7.0/toolchain/arm/arm-gnu-toolchain/bin/../lib/gcc/arm-none-eabi/6.3.1/../../../../arm-none-eabi/lib/thumb/v7e-m\libc.a(lib_a-sbrkr.o)
                0x00403458                _sbrk_r
 .text.setbuf   0x0040347c       0x10 c:/program files (x86)/atmel/studio/7.0/toolchain/arm/arm-gnu-toolchain/bin/../lib/gcc/arm-none-eabi/6.3.1/../../../../arm-none-eabi/lib/thumb/v7e-m\libc.a(lib_a-setbuf.o)
                0x0040347c                setbuf
 .text.setvbuf  0x0040348c      0x190 c:/program files (x86)/atmel/studio/7.0/toolchain/arm/arm-gnu-toolchain/bin/../lib/gcc/arm-none-eabi/6.3.1/../../../../arm-none-eabi/lib/thumb/v7e-m\libc.a(lib_a-setvbuf.o)
                0x0040348c                setvbuf
 .text.sprintf  0x0040361c       0x4c c:/program files (x86)/atmel/studio/7.0/toolchain/arm/arm-gnu-toolchain/bin/../lib/gcc/arm-none-eabi/6.3.1/../../../../arm-none-eabi/lib/thumb/v7e-m\libc.a(lib_a-sprintf.o)
                0x0040361c                sprintf
 .text.strcat   0x00403668       0x40 c:/program files (x86)/atmel/studio/7.0/toolchain/arm/arm-gnu-toolchain/bin/../lib/gcc/arm-none-eabi/6.3.1/../../../../arm-none-eabi/lib/thumb/v7e-m\libc.a(lib_a-strcat.o)
                0x00403668                strcat
 .text.strcpy   0x004036a8       0xbc c:/program files (x86)/atmel/studio/7.0/toolchain/arm/arm-gnu-toolchain/bin/../lib/gcc/arm-none-eabi/6.3.1/../../../../arm-none-eabi/lib/thumb/v7e-m\libc.a(lib_a-strcpy.o)
                0x004036a8                strcpy
 *fill*         0x00403764       0x1c 
 .text          0x00403780       0xdc c:/program files (x86)/atmel/studio/7.0/toolchain/arm/arm-gnu-toolchain/bin/../lib/gcc/arm-none-eabi/6.3.1/../../../../arm-none-eabi/lib/thumb/v7e-m\libc.a(lib_a-strlen.o)
                0x00403780                strlen
 .text._svfprintf_r
                0x0040385c     0x145c c:/program files (x86)/atmel/studio/7.0/toolchain/arm/arm-gnu-toolchain/bin/../lib/gcc/arm-none-eabi/6.3.1/../../../../arm-none-eabi/lib/thumb/v7e-m\libc.a(lib_a-svfprintf.o)
                0x0040385c                _svfprintf_r
 .text.__sprint_r.part.0
                0x00404cb8       0x80 c:/program files (x86)/atmel/studio/7.0/toolchain/arm/arm-gnu-toolchain/bin/../lib/gcc/arm-none-eabi/6.3.1/../../../../arm-none-eabi/lib/thumb/v7e-m\libc.a(lib_a-vfiprintf.o)
 .text._vfiprintf_r
                0x00404d38      0xc90 c:/program files (x86)/atmel/studio/7.0/toolchain/arm/arm-gnu-toolchain/bin/../lib/gcc/arm-none-eabi/6.3.1/../../../../arm-none-eabi/lib/thumb/v7e-m\libc.a(lib_a-vfiprintf.o)
                0x00404d38                _vfiprintf_r
 .text.__sbprintf
                0x004059c8       0x84 c:/program files (x86)/atmel/studio/7.0/toolchain/arm/arm-gnu-toolchain/bin/../lib/gcc/arm-none-eabi/6.3.1/../../../../arm-none-eabi/lib/thumb/v7e-m\libc.a(lib_a-vfiprintf.o)
 .text.__swsetup_r
                0x00405a4c       0xc8 c:/program files (x86)/atmel/studio/7.0/toolchain/arm/arm-gnu-toolchain/bin/../lib/gcc/arm-none-eabi/6.3.1/../../../../arm-none-eabi/lib/thumb/v7e-m\libc.a(lib_a-wsetup.o)
                0x00405a4c                __swsetup_r
 .text.startup.register_fini
                0x00405b14       0x14 c:/program files (x86)/atmel/studio/7.0/toolchain/arm/arm-gnu-toolchain/bin/../lib/gcc/arm-none-eabi/6.3.1/../../../../arm-none-eabi/lib/thumb/v7e-m\libc.a(lib_a-__call_atexit.o)
 .text.atexit   0x00405b28        0xc c:/program files (x86)/atmel/studio/7.0/toolchain/arm/arm-gnu-toolchain/bin/../lib/gcc/arm-none-eabi/6.3.1/../../../../arm-none-eabi/lib/thumb/v7e-m\libc.a(lib_a-atexit.o)
                0x00405b28                atexit
 .text.quorem   0x00405b34      0x128 c:/program files (x86)/atmel/studio/7.0/toolchain/arm/arm-gnu-toolchain/bin/../lib/gcc/arm-none-eabi/6.3.1/../../../../arm-none-eabi/lib/thumb/v7e-m\libc.a(lib_a-dtoa.o)
 *fill*         0x00405c5c        0x4 
 .text._dtoa_r  0x00405c60      0xe54 c:/program files (x86)/atmel/studio/7.0/toolchain/arm/arm-gnu-toolchain/bin/../lib/gcc/arm-none-eabi/6.3.1/../../../../arm-none-eabi/lib/thumb/v7e-m\libc.a(lib_a-dtoa.o)
                0x00405c60                _dtoa_r
 .text.__sflush_r
                0x00406ab4      0x140 c:/program files (x86)/atmel/studio/7.0/toolchain/arm/arm-gnu-toolchain/bin/../lib/gcc/arm-none-eabi/6.3.1/../../../../arm-none-eabi/lib/thumb/v7e-m\libc.a(lib_a-fflush.o)
                0x00406ab4                __sflush_r
 .text._fflush_r
                0x00406bf4       0x54 c:/program files (x86)/atmel/studio/7.0/toolchain/arm/arm-gnu-toolchain/bin/../lib/gcc/arm-none-eabi/6.3.1/../../../../arm-none-eabi/lib/thumb/v7e-m\libc.a(lib_a-fflush.o)
                0x00406bf4                _fflush_r
 .text._cleanup_r
                0x00406c48        0xc c:/program files (x86)/atmel/studio/7.0/toolchain/arm/arm-gnu-toolchain/bin/../lib/gcc/arm-none-eabi/6.3.1/../../../../arm-none-eabi/lib/thumb/v7e-m\libc.a(lib_a-findfp.o)
                0x00406c48                _cleanup_r
 .text.std.isra.0
                0x00406c54       0x50 c:/program files (x86)/atmel/studio/7.0/toolchain/arm/arm-gnu-toolchain/bin/../lib/gcc/arm-none-eabi/6.3.1/../../../../arm-none-eabi/lib/thumb/v7e-m\libc.a(lib_a-findfp.o)
 .text.__sinit  0x00406ca4       0x58 c:/program files (x86)/atmel/studio/7.0/toolchain/arm/arm-gnu-toolchain/bin/../lib/gcc/arm-none-eabi/6.3.1/../../../../arm-none-eabi/lib/thumb/v7e-m\libc.a(lib_a-findfp.o)
                0x00406ca4                __sinit
 .text.__sfp_lock_acquire
                0x00406cfc        0xc c:/program files (x86)/atmel/studio/7.0/toolchain/arm/arm-gnu-toolchain/bin/../lib/gcc/arm-none-eabi/6.3.1/../../../../arm-none-eabi/lib/thumb/v7e-m\libc.a(lib_a-findfp.o)
                0x00406cfc                __sfp_lock_acquire
 .text.__sfp_lock_release
                0x00406d08        0xc c:/program files (x86)/atmel/studio/7.0/toolchain/arm/arm-gnu-toolchain/bin/../lib/gcc/arm-none-eabi/6.3.1/../../../../arm-none-eabi/lib/thumb/v7e-m\libc.a(lib_a-findfp.o)
                0x00406d08                __sfp_lock_release
 .text.__libc_fini_array
                0x00406d14       0x34 c:/program files (x86)/atmel/studio/7.0/toolchain/arm/arm-gnu-toolchain/bin/../lib/gcc/arm-none-eabi/6.3.1/../../../../arm-none-eabi/lib/thumb/v7e-m\libc.a(lib_a-fini.o)
                0x00406d14                __libc_fini_array
 .text.__fputwc
                0x00406d48       0xa0 c:/program files (x86)/atmel/studio/7.0/toolchain/arm/arm-gnu-toolchain/bin/../lib/gcc/arm-none-eabi/6.3.1/../../../../arm-none-eabi/lib/thumb/v7e-m\libc.a(lib_a-fputwc.o)
                0x00406d48                __fputwc
 .text._fputwc_r
                0x00406de8       0x68 c:/program files (x86)/atmel/studio/7.0/toolchain/arm/arm-gnu-toolchain/bin/../lib/gcc/arm-none-eabi/6.3.1/../../../../arm-none-eabi/lib/thumb/v7e-m\libc.a(lib_a-fputwc.o)
                0x00406de8                _fputwc_r
 .text._malloc_trim_r
                0x00406e50       0xa0 c:/program files (x86)/atmel/studio/7.0/toolchain/arm/arm-gnu-toolchain/bin/../lib/gcc/arm-none-eabi/6.3.1/../../../../arm-none-eabi/lib/thumb/v7e-m\libc.a(lib_a-freer.o)
                0x00406e50                _malloc_trim_r
 .text._free_r  0x00406ef0      0x1cc c:/program files (x86)/atmel/studio/7.0/toolchain/arm/arm-gnu-toolchain/bin/../lib/gcc/arm-none-eabi/6.3.1/../../../../arm-none-eabi/lib/thumb/v7e-m\libc.a(lib_a-freer.o)
                0x00406ef0                _free_r
 .text.__sfvwrite_r
                0x004070bc      0x2f0 c:/program files (x86)/atmel/studio/7.0/toolchain/arm/arm-gnu-toolchain/bin/../lib/gcc/arm-none-eabi/6.3.1/../../../../arm-none-eabi/lib/thumb/v7e-m\libc.a(lib_a-fvwrite.o)
                0x004070bc                __sfvwrite_r
 .text._fwalk_reent
                0x004073ac       0x54 c:/program files (x86)/atmel/studio/7.0/toolchain/arm/arm-gnu-toolchain/bin/../lib/gcc/arm-none-eabi/6.3.1/../../../../arm-none-eabi/lib/thumb/v7e-m\libc.a(lib_a-fwalk.o)
                0x004073ac                _fwalk_reent
 .text.__locale_mb_cur_max
                0x00407400       0x1c c:/program files (x86)/atmel/studio/7.0/toolchain/arm/arm-gnu-toolchain/bin/../lib/gcc/arm-none-eabi/6.3.1/../../../../arm-none-eabi/lib/thumb/v7e-m\libc.a(lib_a-locale.o)
                0x00407400                __locale_mb_cur_max
 .text._localeconv_r
                0x0040741c       0x1c c:/program files (x86)/atmel/studio/7.0/toolchain/arm/arm-gnu-toolchain/bin/../lib/gcc/arm-none-eabi/6.3.1/../../../../arm-none-eabi/lib/thumb/v7e-m\libc.a(lib_a-localeconv.o)
                0x0040741c                _localeconv_r
 .text.__retarget_lock_init_recursive
                0x00407438        0x4 c:/program files (x86)/atmel/studio/7.0/toolchain/arm/arm-gnu-toolchain/bin/../lib/gcc/arm-none-eabi/6.3.1/../../../../arm-none-eabi/lib/thumb/v7e-m\libc.a(lib_a-lock.o)
                0x00407438                __retarget_lock_init_recursive
 .text.__retarget_lock_close_recursive
                0x0040743c        0x4 c:/program files (x86)/atmel/studio/7.0/toolchain/arm/arm-gnu-toolchain/bin/../lib/gcc/arm-none-eabi/6.3.1/../../../../arm-none-eabi/lib/thumb/v7e-m\libc.a(lib_a-lock.o)
                0x0040743c                __retarget_lock_close_recursive
 .text.__retarget_lock_acquire_recursive
                0x00407440        0x4 c:/program files (x86)/atmel/studio/7.0/toolchain/arm/arm-gnu-toolchain/bin/../lib/gcc/arm-none-eabi/6.3.1/../../../../arm-none-eabi/lib/thumb/v7e-m\libc.a(lib_a-lock.o)
                0x00407440                __retarget_lock_acquire_recursive
 .text.__retarget_lock_release_recursive
                0x00407444        0x4 c:/program files (x86)/atmel/studio/7.0/toolchain/arm/arm-gnu-toolchain/bin/../lib/gcc/arm-none-eabi/6.3.1/../../../../arm-none-eabi/lib/thumb/v7e-m\libc.a(lib_a-lock.o)
                0x00407444                __retarget_lock_release_recursive
 .text.__swhatbuf_r
                0x00407448       0x5c c:/program files (x86)/atmel/studio/7.0/toolchain/arm/arm-gnu-toolchain/bin/../lib/gcc/arm-none-eabi/6.3.1/../../../../arm-none-eabi/lib/thumb/v7e-m\libc.a(lib_a-makebuf.o)
                0x00407448                __swhatbuf_r
 .text.__smakebuf_r
                0x004074a4       0x94 c:/program files (x86)/atmel/studio/7.0/toolchain/arm/arm-gnu-toolchain/bin/../lib/gcc/arm-none-eabi/6.3.1/../../../../arm-none-eabi/lib/thumb/v7e-m\libc.a(lib_a-makebuf.o)
                0x004074a4                __smakebuf_r
 .text.__ascii_mbtowc
                0x00407538       0x2c c:/program files (x86)/atmel/studio/7.0/toolchain/arm/arm-gnu-toolchain/bin/../lib/gcc/arm-none-eabi/6.3.1/../../../../arm-none-eabi/lib/thumb/v7e-m\libc.a(lib_a-mbtowc_r.o)
                0x00407538                __ascii_mbtowc
 *fill*         0x00407564        0xc 
 .text          0x00407570       0xa0 c:/program files (x86)/atmel/studio/7.0/toolchain/arm/arm-gnu-toolchain/bin/../lib/gcc/arm-none-eabi/6.3.1/../../../../arm-none-eabi/lib/thumb/v7e-m\libc.a(lib_a-memchr.o)
                0x00407570                memchr
 .text          0x00407610      0x134 c:/program files (x86)/atmel/studio/7.0/toolchain/arm/arm-gnu-toolchain/bin/../lib/gcc/arm-none-eabi/6.3.1/../../../../arm-none-eabi/lib/thumb/v7e-m\libc.a(lib_a-memcpy.o)
                0x00407610                memcpy
 .text.memmove  0x00407744       0xc8 c:/program files (x86)/atmel/studio/7.0/toolchain/arm/arm-gnu-toolchain/bin/../lib/gcc/arm-none-eabi/6.3.1/../../../../arm-none-eabi/lib/thumb/v7e-m\libc.a(lib_a-memmove.o)
                0x00407744                memmove
 .text._Balloc  0x0040780c       0x4c c:/program files (x86)/atmel/studio/7.0/toolchain/arm/arm-gnu-toolchain/bin/../lib/gcc/arm-none-eabi/6.3.1/../../../../arm-none-eabi/lib/thumb/v7e-m\libc.a(lib_a-mprec.o)
                0x0040780c                _Balloc
 .text._Bfree   0x00407858       0x14 c:/program files (x86)/atmel/studio/7.0/toolchain/arm/arm-gnu-toolchain/bin/../lib/gcc/arm-none-eabi/6.3.1/../../../../arm-none-eabi/lib/thumb/v7e-m\libc.a(lib_a-mprec.o)
                0x00407858                _Bfree
 .text.__multadd
                0x0040786c       0x80 c:/program files (x86)/atmel/studio/7.0/toolchain/arm/arm-gnu-toolchain/bin/../lib/gcc/arm-none-eabi/6.3.1/../../../../arm-none-eabi/lib/thumb/v7e-m\libc.a(lib_a-mprec.o)
                0x0040786c                __multadd
 .text.__hi0bits
                0x004078ec       0x40 c:/program files (x86)/atmel/studio/7.0/toolchain/arm/arm-gnu-toolchain/bin/../lib/gcc/arm-none-eabi/6.3.1/../../../../arm-none-eabi/lib/thumb/v7e-m\libc.a(lib_a-mprec.o)
                0x004078ec                __hi0bits
 .text.__lo0bits
                0x0040792c       0x60 c:/program files (x86)/atmel/studio/7.0/toolchain/arm/arm-gnu-toolchain/bin/../lib/gcc/arm-none-eabi/6.3.1/../../../../arm-none-eabi/lib/thumb/v7e-m\libc.a(lib_a-mprec.o)
                0x0040792c                __lo0bits
 .text.__i2b    0x0040798c       0x14 c:/program files (x86)/atmel/studio/7.0/toolchain/arm/arm-gnu-toolchain/bin/../lib/gcc/arm-none-eabi/6.3.1/../../../../arm-none-eabi/lib/thumb/v7e-m\libc.a(lib_a-mprec.o)
                0x0040798c                __i2b
 .text.__multiply
                0x004079a0      0x124 c:/program files (x86)/atmel/studio/7.0/toolchain/arm/arm-gnu-toolchain/bin/../lib/gcc/arm-none-eabi/6.3.1/../../../../arm-none-eabi/lib/thumb/v7e-m\libc.a(lib_a-mprec.o)
                0x004079a0                __multiply
 .text.__pow5mult
                0x00407ac4       0xa0 c:/program files (x86)/atmel/studio/7.0/toolchain/arm/arm-gnu-toolchain/bin/../lib/gcc/arm-none-eabi/6.3.1/../../../../arm-none-eabi/lib/thumb/v7e-m\libc.a(lib_a-mprec.o)
                0x00407ac4                __pow5mult
 .text.__lshift
                0x00407b64       0xa4 c:/program files (x86)/atmel/studio/7.0/toolchain/arm/arm-gnu-toolchain/bin/../lib/gcc/arm-none-eabi/6.3.1/../../../../arm-none-eabi/lib/thumb/v7e-m\libc.a(lib_a-mprec.o)
                0x00407b64                __lshift
 .text.__mcmp   0x00407c08       0x38 c:/program files (x86)/atmel/studio/7.0/toolchain/arm/arm-gnu-toolchain/bin/../lib/gcc/arm-none-eabi/6.3.1/../../../../arm-none-eabi/lib/thumb/v7e-m\libc.a(lib_a-mprec.o)
                0x00407c08                __mcmp
 .text.__mdiff  0x00407c40      0x108 c:/program files (x86)/atmel/studio/7.0/toolchain/arm/arm-gnu-toolchain/bin/../lib/gcc/arm-none-eabi/6.3.1/../../../../arm-none-eabi/lib/thumb/v7e-m\libc.a(lib_a-mprec.o)
                0x00407c40                __mdiff
 .text.__d2b    0x00407d48       0xb8 c:/program files (x86)/atmel/studio/7.0/toolchain/arm/arm-gnu-toolchain/bin/../lib/gcc/arm-none-eabi/6.3.1/../../../../arm-none-eabi/lib/thumb/v7e-m\libc.a(lib_a-mprec.o)
                0x00407d48                __d2b
 .text._realloc_r
                0x00407e00      0x34c c:/program files (x86)/atmel/studio/7.0/toolchain/arm/arm-gnu-toolchain/bin/../lib/gcc/arm-none-eabi/6.3.1/../../../../arm-none-eabi/lib/thumb/v7e-m\libc.a(lib_a-reallocr.o)
                0x00407e00                _realloc_r
 .text.__sread  0x0040814c       0x24 c:/program files (x86)/atmel/studio/7.0/toolchain/arm/arm-gnu-toolchain/bin/../lib/gcc/arm-none-eabi/6.3.1/../../../../arm-none-eabi/lib/thumb/v7e-m\libc.a(lib_a-stdio.o)
                0x0040814c                __sread
 .text.__swrite
                0x00408170       0x3c c:/program files (x86)/atmel/studio/7.0/toolchain/arm/arm-gnu-toolchain/bin/../lib/gcc/arm-none-eabi/6.3.1/../../../../arm-none-eabi/lib/thumb/v7e-m\libc.a(lib_a-stdio.o)
                0x00408170                __swrite
 .text.__sseek  0x004081ac       0x20 c:/program files (x86)/atmel/studio/7.0/toolchain/arm/arm-gnu-toolchain/bin/../lib/gcc/arm-none-eabi/6.3.1/../../../../arm-none-eabi/lib/thumb/v7e-m\libc.a(lib_a-stdio.o)
                0x004081ac                __sseek
 .text.__sclose
                0x004081cc        0x8 c:/program files (x86)/atmel/studio/7.0/toolchain/arm/arm-gnu-toolchain/bin/../lib/gcc/arm-none-eabi/6.3.1/../../../../arm-none-eabi/lib/thumb/v7e-m\libc.a(lib_a-stdio.o)
                0x004081cc                __sclose
 .text.__ssprint_r
                0x004081d4       0xfc c:/program files (x86)/atmel/studio/7.0/toolchain/arm/arm-gnu-toolchain/bin/../lib/gcc/arm-none-eabi/6.3.1/../../../../arm-none-eabi/lib/thumb/v7e-m\libc.a(lib_a-svfiprintf.o)
                0x004081d4                __ssprint_r
 .text.__swbuf_r
                0x004082d0       0xb0 c:/program files (x86)/atmel/studio/7.0/toolchain/arm/arm-gnu-toolchain/bin/../lib/gcc/arm-none-eabi/6.3.1/../../../../arm-none-eabi/lib/thumb/v7e-m\libc.a(lib_a-wbuf.o)
                0x004082d0                __swbuf_r
 .text._wcrtomb_r
                0x00408380       0x54 c:/program files (x86)/atmel/studio/7.0/toolchain/arm/arm-gnu-toolchain/bin/../lib/gcc/arm-none-eabi/6.3.1/../../../../arm-none-eabi/lib/thumb/v7e-m\libc.a(lib_a-wcrtomb.o)
                0x00408380                _wcrtomb_r
 .text.__ascii_wctomb
                0x004083d4       0x1c c:/program files (x86)/atmel/studio/7.0/toolchain/arm/arm-gnu-toolchain/bin/../lib/gcc/arm-none-eabi/6.3.1/../../../../arm-none-eabi/lib/thumb/v7e-m\libc.a(lib_a-wctomb_r.o)
                0x004083d4                __ascii_wctomb
 .text._write_r
                0x004083f0       0x2c c:/program files (x86)/atmel/studio/7.0/toolchain/arm/arm-gnu-toolchain/bin/../lib/gcc/arm-none-eabi/6.3.1/../../../../arm-none-eabi/lib/thumb/v7e-m\libc.a(lib_a-writer.o)
                0x004083f0                _write_r
 .text.__register_exitproc
                0x0040841c       0xc4 c:/program files (x86)/atmel/studio/7.0/toolchain/arm/arm-gnu-toolchain/bin/../lib/gcc/arm-none-eabi/6.3.1/../../../../arm-none-eabi/lib/thumb/v7e-m\libc.a(lib_a-__atexit.o)
                0x0040841c                __register_exitproc
 .text._calloc_r
                0x004084e0       0x60 c:/program files (x86)/atmel/studio/7.0/toolchain/arm/arm-gnu-toolchain/bin/../lib/gcc/arm-none-eabi/6.3.1/../../../../arm-none-eabi/lib/thumb/v7e-m\libc.a(lib_a-callocr.o)
                0x004084e0                _calloc_r
 .text._close_r
                0x00408540       0x24 c:/program files (x86)/atmel/studio/7.0/toolchain/arm/arm-gnu-toolchain/bin/../lib/gcc/arm-none-eabi/6.3.1/../../../../arm-none-eabi/lib/thumb/v7e-m\libc.a(lib_a-closer.o)
                0x00408540                _close_r
 .text._fclose_r
                0x00408564       0xc4 c:/program files (x86)/atmel/studio/7.0/toolchain/arm/arm-gnu-toolchain/bin/../lib/gcc/arm-none-eabi/6.3.1/../../../../arm-none-eabi/lib/thumb/v7e-m\libc.a(lib_a-fclose.o)
                0x00408564                _fclose_r
 .text._fstat_r
                0x00408628       0x28 c:/program files (x86)/atmel/studio/7.0/toolchain/arm/arm-gnu-toolchain/bin/../lib/gcc/arm-none-eabi/6.3.1/../../../../arm-none-eabi/lib/thumb/v7e-m\libc.a(lib_a-fstatr.o)
                0x00408628                _fstat_r
 .text._isatty_r
                0x00408650       0x24 c:/program files (x86)/atmel/studio/7.0/toolchain/arm/arm-gnu-toolchain/bin/../lib/gcc/arm-none-eabi/6.3.1/../../../../arm-none-eabi/lib/thumb/v7e-m\libc.a(lib_a-isattyr.o)
                0x00408650                _isatty_r
 .text._lseek_r
                0x00408674       0x2c c:/program files (x86)/atmel/studio/7.0/toolchain/arm/arm-gnu-toolchain/bin/../lib/gcc/arm-none-eabi/6.3.1/../../../../arm-none-eabi/lib/thumb/v7e-m\libc.a(lib_a-lseekr.o)
                0x00408674                _lseek_r
 .text._read_r  0x004086a0       0x2c c:/program files (x86)/atmel/studio/7.0/toolchain/arm/arm-gnu-toolchain/bin/../lib/gcc/arm-none-eabi/6.3.1/../../../../arm-none-eabi/lib/thumb/v7e-m\libc.a(lib_a-readr.o)
                0x004086a0                _read_r
 .text          0x004086cc      0x370 c:/program files (x86)/atmel/studio/7.0/toolchain/arm/arm-gnu-toolchain/bin/../lib/gcc/arm-none-eabi/6.3.1/thumb/v7e-m\libgcc.a(_arm_addsubdf3.o)
                0x004086cc                __aeabi_drsub
                0x004086d4                __aeabi_dsub
                0x004086d4                __subdf3
                0x004086d8                __aeabi_dadd
                0x004086d8                __adddf3
                0x00408950                __floatunsidf
                0x00408950                __aeabi_ui2d
                0x00408970                __floatsidf
                0x00408970                __aeabi_i2d
                0x00408994                __aeabi_f2d
                0x00408994                __extendsfdf2
                0x004089d0                __floatundidf
                0x004089d0                __aeabi_ul2d
                0x004089e0                __floatdidf
                0x004089e0                __aeabi_l2d
 .text          0x00408a3c      0x424 c:/program files (x86)/atmel/studio/7.0/toolchain/arm/arm-gnu-toolchain/bin/../lib/gcc/arm-none-eabi/6.3.1/thumb/v7e-m\libgcc.a(_arm_muldivdf3.o)
                0x00408a3c                __aeabi_dmul
                0x00408a3c                __muldf3
                0x00408c90                __divdf3
                0x00408c90                __aeabi_ddiv
 .text          0x00408e60      0x110 c:/program files (x86)/atmel/studio/7.0/toolchain/arm/arm-gnu-toolchain/bin/../lib/gcc/arm-none-eabi/6.3.1/thumb/v7e-m\libgcc.a(_arm_cmpdf2.o)
                0x00408e60                __gtdf2
                0x00408e60                __gedf2
                0x00408e68                __ltdf2
                0x00408e68                __ledf2
                0x00408e70                __nedf2
                0x00408e70                __eqdf2
                0x00408e70                __cmpdf2
                0x00408eec                __aeabi_cdrcmple
                0x00408efc                __aeabi_cdcmpeq
                0x00408efc                __aeabi_cdcmple
                0x00408f0c                __aeabi_dcmpeq
                0x00408f20                __aeabi_dcmplt
                0x00408f34                __aeabi_dcmple
                0x00408f48                __aeabi_dcmpge
                0x00408f5c                __aeabi_dcmpgt
 .text          0x00408f70       0x2c c:/program files (x86)/atmel/studio/7.0/toolchain/arm/arm-gnu-toolchain/bin/../lib/gcc/arm-none-eabi/6.3.1/thumb/v7e-m\libgcc.a(_arm_unorddf2.o)
                0x00408f70                __unorddf2
                0x00408f70                __aeabi_dcmpun
 .text          0x00408f9c       0x50 c:/program files (x86)/atmel/studio/7.0/toolchain/arm/arm-gnu-toolchain/bin/../lib/gcc/arm-none-eabi/6.3.1/thumb/v7e-m\libgcc.a(_arm_fixdfsi.o)
                0x00408f9c                __aeabi_d2iz
                0x00408f9c                __fixdfsi
 .text          0x00408fec       0x30 c:/program files (x86)/atmel/studio/7.0/toolchain/arm/arm-gnu-toolchain/bin/../lib/gcc/arm-none-eabi/6.3.1/thumb/v7e-m\libgcc.a(_aeabi_uldivmod.o)
                0x00408fec                __aeabi_uldivmod
 .text          0x0040901c      0x2dc c:/program files (x86)/atmel/studio/7.0/toolchain/arm/arm-gnu-toolchain/bin/../lib/gcc/arm-none-eabi/6.3.1/thumb/v7e-m\libgcc.a(_udivmoddi4.o)
                0x0040901c                __udivmoddi4
 .text          0x004092f8        0x4 c:/program files (x86)/atmel/studio/7.0/toolchain/arm/arm-gnu-toolchain/bin/../lib/gcc/arm-none-eabi/6.3.1/thumb/v7e-m\libgcc.a(_dvmd_tls.o)
                0x004092f8                __aeabi_idiv0
                0x004092f8                __aeabi_ldiv0
 *(.glue_7t)
 .glue_7t       0x004092fc        0x0 linker stubs
 *(.glue_7)
 .glue_7        0x004092fc        0x0 linker stubs
 *(.rodata .rodata* .gnu.linkonce.r.*)
 .rodata.p_uc_charset10x14
                0x004092fc      0x780 src/ASF/sam/components/display/ili9488/ili9488.o
                0x004092fc                p_uc_charset10x14
 .rodata        0x00409a7c       0x5d src/main.o
 *fill*         0x00409ad9        0x3 
 .rodata.calibri_36
                0x00409adc        0xc src/main.o
                0x00409adc                calibri_36
 .rodata.calibri_36_0x20
                0x00409ae8       0x10 src/main.o
 .rodata.calibri_36_0x21
                0x00409af8       0x10 src/main.o
 .rodata.calibri_36_0x22
                0x00409b08       0x10 src/main.o
 .rodata.calibri_36_0x23
                0x00409b18       0x10 src/main.o
 .rodata.calibri_36_0x24
                0x00409b28       0x10 src/main.o
 .rodata.calibri_36_0x25
                0x00409b38       0x10 src/main.o
 .rodata.calibri_36_0x26
                0x00409b48       0x10 src/main.o
 .rodata.calibri_36_0x27
                0x00409b58       0x10 src/main.o
 .rodata.calibri_36_0x28
                0x00409b68       0x10 src/main.o
 .rodata.calibri_36_0x29
                0x00409b78       0x10 src/main.o
 .rodata.calibri_36_0x2a
                0x00409b88       0x10 src/main.o
 .rodata.calibri_36_0x2b
                0x00409b98       0x10 src/main.o
 .rodata.calibri_36_0x2c
                0x00409ba8       0x10 src/main.o
 .rodata.calibri_36_0x2d
                0x00409bb8       0x10 src/main.o
 .rodata.calibri_36_0x2e
                0x00409bc8       0x10 src/main.o
 .rodata.calibri_36_0x2f
                0x00409bd8       0x10 src/main.o
 .rodata.calibri_36_0x30
                0x00409be8       0x10 src/main.o
 .rodata.calibri_36_0x31
                0x00409bf8       0x10 src/main.o
 .rodata.calibri_36_0x32
                0x00409c08       0x10 src/main.o
 .rodata.calibri_36_0x33
                0x00409c18       0x10 src/main.o
 .rodata.calibri_36_0x34
                0x00409c28       0x10 src/main.o
 .rodata.calibri_36_0x35
                0x00409c38       0x10 src/main.o
 .rodata.calibri_36_0x36
                0x00409c48       0x10 src/main.o
 .rodata.calibri_36_0x37
                0x00409c58       0x10 src/main.o
 .rodata.calibri_36_0x38
                0x00409c68       0x10 src/main.o
 .rodata.calibri_36_0x39
                0x00409c78       0x10 src/main.o
 .rodata.calibri_36_0x3a
                0x00409c88       0x10 src/main.o
 .rodata.calibri_36_0x3b
                0x00409c98       0x10 src/main.o
 .rodata.calibri_36_0x3c
                0x00409ca8       0x10 src/main.o
 .rodata.calibri_36_0x3d
                0x00409cb8       0x10 src/main.o
 .rodata.calibri_36_0x3e
                0x00409cc8       0x10 src/main.o
 .rodata.calibri_36_0x3f
                0x00409cd8       0x10 src/main.o
 .rodata.calibri_36_0x40
                0x00409ce8       0x10 src/main.o
 .rodata.calibri_36_0x41
                0x00409cf8       0x10 src/main.o
 .rodata.calibri_36_0x42
                0x00409d08       0x10 src/main.o
 .rodata.calibri_36_0x43
                0x00409d18       0x10 src/main.o
 .rodata.calibri_36_0x44
                0x00409d28       0x10 src/main.o
 .rodata.calibri_36_0x45
                0x00409d38       0x10 src/main.o
 .rodata.calibri_36_0x46
                0x00409d48       0x10 src/main.o
 .rodata.calibri_36_0x47
                0x00409d58       0x10 src/main.o
 .rodata.calibri_36_0x48
                0x00409d68       0x10 src/main.o
 .rodata.calibri_36_0x49
                0x00409d78       0x10 src/main.o
 .rodata.calibri_36_0x4a
                0x00409d88       0x10 src/main.o
 .rodata.calibri_36_0x4b
                0x00409d98       0x10 src/main.o
 .rodata.calibri_36_0x4c
                0x00409da8       0x10 src/main.o
 .rodata.calibri_36_0x4d
                0x00409db8       0x10 src/main.o
 .rodata.calibri_36_0x4e
                0x00409dc8       0x10 src/main.o
 .rodata.calibri_36_0x4f
                0x00409dd8       0x10 src/main.o
 .rodata.calibri_36_0x50
                0x00409de8       0x10 src/main.o
 .rodata.calibri_36_0x51
                0x00409df8       0x10 src/main.o
 .rodata.calibri_36_0x52
                0x00409e08       0x10 src/main.o
 .rodata.calibri_36_0x53
                0x00409e18       0x10 src/main.o
 .rodata.calibri_36_0x54
                0x00409e28       0x10 src/main.o
 .rodata.calibri_36_0x55
                0x00409e38       0x10 src/main.o
 .rodata.calibri_36_0x56
                0x00409e48       0x10 src/main.o
 .rodata.calibri_36_0x57
                0x00409e58       0x10 src/main.o
 .rodata.calibri_36_0x58
                0x00409e68       0x10 src/main.o
 .rodata.calibri_36_0x59
                0x00409e78       0x10 src/main.o
 .rodata.calibri_36_0x5a
                0x00409e88       0x10 src/main.o
 .rodata.calibri_36_0x5b
                0x00409e98       0x10 src/main.o
 .rodata.calibri_36_0x5c
                0x00409ea8       0x10 src/main.o
 .rodata.calibri_36_0x5d
                0x00409eb8       0x10 src/main.o
 .rodata.calibri_36_0x5e
                0x00409ec8       0x10 src/main.o
 .rodata.calibri_36_0x5f
                0x00409ed8       0x10 src/main.o
 .rodata.calibri_36_0x60
                0x00409ee8       0x10 src/main.o
 .rodata.calibri_36_0x61
                0x00409ef8       0x10 src/main.o
 .rodata.calibri_36_0x62
                0x00409f08       0x10 src/main.o
 .rodata.calibri_36_0x63
                0x00409f18       0x10 src/main.o
 .rodata.calibri_36_0x64
                0x00409f28       0x10 src/main.o
 .rodata.calibri_36_0x65
                0x00409f38       0x10 src/main.o
 .rodata.calibri_36_0x66
                0x00409f48       0x10 src/main.o
 .rodata.calibri_36_0x67
                0x00409f58       0x10 src/main.o
 .rodata.calibri_36_0x68
                0x00409f68       0x10 src/main.o
 .rodata.calibri_36_0x69
                0x00409f78       0x10 src/main.o
 .rodata.calibri_36_0x6a
                0x00409f88       0x10 src/main.o
 .rodata.calibri_36_0x6b
                0x00409f98       0x10 src/main.o
 .rodata.calibri_36_0x6c
                0x00409fa8       0x10 src/main.o
 .rodata.calibri_36_0x6d
                0x00409fb8       0x10 src/main.o
 .rodata.calibri_36_0x6e
                0x00409fc8       0x10 src/main.o
 .rodata.calibri_36_0x6f
                0x00409fd8       0x10 src/main.o
 .rodata.calibri_36_0x70
                0x00409fe8       0x10 src/main.o
 .rodata.calibri_36_0x71
                0x00409ff8       0x10 src/main.o
 .rodata.calibri_36_0x72
                0x0040a008       0x10 src/main.o
 .rodata.calibri_36_0x73
                0x0040a018       0x10 src/main.o
 .rodata.calibri_36_0x74
                0x0040a028       0x10 src/main.o
 .rodata.calibri_36_0x75
                0x0040a038       0x10 src/main.o
 .rodata.calibri_36_0x76
                0x0040a048       0x10 src/main.o
 .rodata.calibri_36_0x77
                0x0040a058       0x10 src/main.o
 .rodata.calibri_36_0x78
                0x0040a068       0x10 src/main.o
 .rodata.calibri_36_0x79
                0x0040a078       0x10 src/main.o
 .rodata.calibri_36_0x7a
                0x0040a088       0x10 src/main.o
 .rodata.calibri_36_0x7b
                0x0040a098       0x10 src/main.o
 .rodata.calibri_36_0x7c
                0x0040a0a8       0x10 src/main.o
 .rodata.calibri_36_0x7d
                0x0040a0b8       0x10 src/main.o
 .rodata.calibri_36_0x7e
                0x0040a0c8       0x10 src/main.o
 .rodata.calibri_36_array
                0x0040a0d8      0x2f8 src/main.o
 .rodata.centrifuga_callback.str1.4
                0x0040a3d0       0x16 src/main.o
 *fill*         0x0040a3e6        0x2 
 .rodata.diadia_callback.str1.4
                0x0040a3e8       0x12 src/main.o
 *fill*         0x0040a3fa        0x2 
 .rodata.enxague_callback.str1.4
                0x0040a3fc       0x13 src/main.o
 *fill*         0x0040a40f        0x1 
 .rodata.fast   0x0040a410       0x10 src/main.o
                0x0040a410                fast
 .rodata.home   0x0040a420       0x10 src/main.o
                0x0040a420                home
 .rodata.image_data_calibri_36_0x20
                0x0040a430      0x378 src/main.o
 .rodata.image_data_calibri_36_0x21
                0x0040a7a8      0x534 src/main.o
 .rodata.image_data_calibri_36_0x22
                0x0040acdc      0x612 src/main.o
 *fill*         0x0040b2ee        0x2 
 .rodata.image_data_calibri_36_0x23
                0x0040b2f0      0x7ce src/main.o
 *fill*         0x0040babe        0x2 
 .rodata.image_data_calibri_36_0x24
                0x0040bac0      0x7ce src/main.o
 *fill*         0x0040c28e        0x2 
 .rodata.image_data_calibri_36_0x25
                0x0040c290      0xb46 src/main.o
 *fill*         0x0040cdd6        0x2 
 .rodata.image_data_calibri_36_0x26
                0x0040cdd8      0xad7 src/main.o
 *fill*         0x0040d8af        0x1 
 .rodata.image_data_calibri_36_0x27
                0x0040d8b0      0x378 src/main.o
 .rodata.image_data_calibri_36_0x28
                0x0040dc28      0x4c5 src/main.o
 *fill*         0x0040e0ed        0x3 
 .rodata.image_data_calibri_36_0x29
                0x0040e0f0      0x4c5 src/main.o
 *fill*         0x0040e5b5        0x3 
 .rodata.image_data_calibri_36_0x2a
                0x0040e5b8      0x7ce src/main.o
 *fill*         0x0040ed86        0x2 
 .rodata.image_data_calibri_36_0x2b
                0x0040ed88      0x7ce src/main.o
 *fill*         0x0040f556        0x2 
 .rodata.image_data_calibri_36_0x2c
                0x0040f558      0x3e7 src/main.o
 *fill*         0x0040f93f        0x1 
 .rodata.image_data_calibri_36_0x2d
                0x0040f940      0x4c5 src/main.o
 *fill*         0x0040fe05        0x3 
 .rodata.image_data_calibri_36_0x2e
                0x0040fe08      0x3e7 src/main.o
 *fill*         0x004101ef        0x1 
 .rodata.image_data_calibri_36_0x2f
                0x004101f0      0x612 src/main.o
 *fill*         0x00410802        0x2 
 .rodata.image_data_calibri_36_0x30
                0x00410804      0x7ce src/main.o
 *fill*         0x00410fd2        0x2 
 .rodata.image_data_calibri_36_0x31
                0x00410fd4      0x7ce src/main.o
 *fill*         0x004117a2        0x2 
 .rodata.image_data_calibri_36_0x32
                0x004117a4      0x7ce src/main.o
 *fill*         0x00411f72        0x2 
 .rodata.image_data_calibri_36_0x33
                0x00411f74      0x7ce src/main.o
 *fill*         0x00412742        0x2 
 .rodata.image_data_calibri_36_0x34
                0x00412744      0x7ce src/main.o
 *fill*         0x00412f12        0x2 
 .rodata.image_data_calibri_36_0x35
                0x00412f14      0x7ce src/main.o
 *fill*         0x004136e2        0x2 
 .rodata.image_data_calibri_36_0x36
                0x004136e4      0x7ce src/main.o
 *fill*         0x00413eb2        0x2 
 .rodata.image_data_calibri_36_0x37
                0x00413eb4      0x7ce src/main.o
 *fill*         0x00414682        0x2 
 .rodata.image_data_calibri_36_0x38
                0x00414684      0x7ce src/main.o
 *fill*         0x00414e52        0x2 
 .rodata.image_data_calibri_36_0x39
                0x00414e54      0x7ce src/main.o
 *fill*         0x00415622        0x2 
 .rodata.image_data_calibri_36_0x3a
                0x00415624      0x456 src/main.o
 *fill*         0x00415a7a        0x2 
 .rodata.image_data_calibri_36_0x3b
                0x00415a7c      0x456 src/main.o
 *fill*         0x00415ed2        0x2 
 .rodata.image_data_calibri_36_0x3c
                0x00415ed4      0x7ce src/main.o
 *fill*         0x004166a2        0x2 
 .rodata.image_data_calibri_36_0x3d
                0x004166a4      0x7ce src/main.o
 *fill*         0x00416e72        0x2 
 .rodata.image_data_calibri_36_0x3e
                0x00416e74      0x7ce src/main.o
 *fill*         0x00417642        0x2 
 .rodata.image_data_calibri_36_0x3f
                0x00417644      0x75f src/main.o
 *fill*         0x00417da3        0x1 
 .rodata.image_data_calibri_36_0x40
                0x00417da4      0xde0 src/main.o
 .rodata.image_data_calibri_36_0x41
                0x00418b84      0x91b src/main.o
 *fill*         0x0041949f        0x1 
 .rodata.image_data_calibri_36_0x42
                0x004194a0      0x8ac src/main.o
 .rodata.image_data_calibri_36_0x43
                0x00419d4c      0x83d src/main.o
 *fill*         0x0041a589        0x3 
 .rodata.image_data_calibri_36_0x44
                0x0041a58c      0x98a src/main.o
 *fill*         0x0041af16        0x2 
 .rodata.image_data_calibri_36_0x45
                0x0041af18      0x7ce src/main.o
 *fill*         0x0041b6e6        0x2 
 .rodata.image_data_calibri_36_0x46
                0x0041b6e8      0x75f src/main.o
 *fill*         0x0041be47        0x1 
 .rodata.image_data_calibri_36_0x47
                0x0041be48      0x9f9 src/main.o
 *fill*         0x0041c841        0x3 
 .rodata.image_data_calibri_36_0x48
                0x0041c844      0x98a src/main.o
 *fill*         0x0041d1ce        0x2 
 .rodata.image_data_calibri_36_0x49
                0x0041d1d0      0x3e7 src/main.o
 *fill*         0x0041d5b7        0x1 
 .rodata.image_data_calibri_36_0x4a
                0x0041d5b8      0x4c5 src/main.o
 *fill*         0x0041da7d        0x3 
 .rodata.image_data_calibri_36_0x4b
                0x0041da80      0x83d src/main.o
 *fill*         0x0041e2bd        0x3 
 .rodata.image_data_calibri_36_0x4c
                0x0041e2c0      0x681 src/main.o
 *fill*         0x0041e941        0x3 
 .rodata.image_data_calibri_36_0x4d
                0x0041e944      0xd71 src/main.o
 *fill*         0x0041f6b5        0x3 
 .rodata.image_data_calibri_36_0x4e
                0x0041f6b8      0x9f9 src/main.o
 *fill*         0x004200b1        0x3 
 .rodata.image_data_calibri_36_0x4f
                0x004200b4      0xa68 src/main.o
 .rodata.image_data_calibri_36_0x50
                0x00420b1c      0x83d src/main.o
 *fill*         0x00421359        0x3 
 .rodata.image_data_calibri_36_0x51
                0x0042135c      0xad7 src/main.o
 *fill*         0x00421e33        0x1 
 .rodata.image_data_calibri_36_0x52
                0x00421e34      0x8ac src/main.o
 .rodata.image_data_calibri_36_0x53
                0x004226e0      0x75f src/main.o
 *fill*         0x00422e3f        0x1 
 .rodata.image_data_calibri_36_0x54
                0x00422e40      0x7ce src/main.o
 *fill*         0x0042360e        0x2 
 .rodata.image_data_calibri_36_0x55
                0x00423610      0x9f9 src/main.o
 *fill*         0x00424009        0x3 
 .rodata.image_data_calibri_36_0x56
                0x0042400c      0x8ac src/main.o
 .rodata.image_data_calibri_36_0x57
                0x004248b8      0xde0 src/main.o
 .rodata.image_data_calibri_36_0x58
                0x00425698      0x83d src/main.o
 *fill*         0x00425ed5        0x3 
 .rodata.image_data_calibri_36_0x59
                0x00425ed8      0x7ce src/main.o
 *fill*         0x004266a6        0x2 
 .rodata.image_data_calibri_36_0x5a
                0x004266a8      0x75f src/main.o
 *fill*         0x00426e07        0x1 
 .rodata.image_data_calibri_36_0x5b
                0x00426e08      0x4c5 src/main.o
 *fill*         0x004272cd        0x3 
 .rodata.image_data_calibri_36_0x5c
                0x004272d0      0x612 src/main.o
 *fill*         0x004278e2        0x2 
 .rodata.image_data_calibri_36_0x5d
                0x004278e4      0x4c5 src/main.o
 *fill*         0x00427da9        0x3 
 .rodata.image_data_calibri_36_0x5e
                0x00427dac      0x7ce src/main.o
 *fill*         0x0042857a        0x2 
 .rodata.image_data_calibri_36_0x5f
                0x0042857c      0x7ce src/main.o
 *fill*         0x00428d4a        0x2 
 .rodata.image_data_calibri_36_0x60
                0x00428d4c      0x456 src/main.o
 *fill*         0x004291a2        0x2 
 .rodata.image_data_calibri_36_0x61
                0x004291a4      0x75f src/main.o
 *fill*         0x00429903        0x1 
 .rodata.image_data_calibri_36_0x62
                0x00429904      0x83d src/main.o
 *fill*         0x0042a141        0x3 
 .rodata.image_data_calibri_36_0x63
                0x0042a144      0x681 src/main.o
 *fill*         0x0042a7c5        0x3 
 .rodata.image_data_calibri_36_0x64
                0x0042a7c8      0x83d src/main.o
 *fill*         0x0042b005        0x3 
 .rodata.image_data_calibri_36_0x65
                0x0042b008      0x7ce src/main.o
 *fill*         0x0042b7d6        0x2 
 .rodata.image_data_calibri_36_0x66
                0x0042b7d8      0x4c5 src/main.o
 *fill*         0x0042bc9d        0x3 
 .rodata.image_data_calibri_36_0x67
                0x0042bca0      0x75f src/main.o
 *fill*         0x0042c3ff        0x1 
 .rodata.image_data_calibri_36_0x68
                0x0042c400      0x83d src/main.o
 *fill*         0x0042cc3d        0x3 
 .rodata.image_data_calibri_36_0x69
                0x0042cc40      0x378 src/main.o
 .rodata.image_data_calibri_36_0x6a
                0x0042cfb8      0x3e7 src/main.o
 *fill*         0x0042d39f        0x1 
 .rodata.image_data_calibri_36_0x6b
                0x0042d3a0      0x6f0 src/main.o
 .rodata.image_data_calibri_36_0x6c
                0x0042da90      0x378 src/main.o
 .rodata.image_data_calibri_36_0x6d
                0x0042de08      0xc93 src/main.o
 *fill*         0x0042ea9b        0x1 
 .rodata.image_data_calibri_36_0x6e
                0x0042ea9c      0x83d src/main.o
 *fill*         0x0042f2d9        0x3 
 .rodata.image_data_calibri_36_0x6f
                0x0042f2dc      0x83d src/main.o
 *fill*         0x0042fb19        0x3 
 .rodata.image_data_calibri_36_0x70
                0x0042fb1c      0x83d src/main.o
 *fill*         0x00430359        0x3 
 .rodata.image_data_calibri_36_0x71
                0x0043035c      0x83d src/main.o
 *fill*         0x00430b99        0x3 
 .rodata.image_data_calibri_36_0x72
                0x00430b9c      0x5a3 src/main.o
 *fill*         0x0043113f        0x1 
 .rodata.image_data_calibri_36_0x73
                0x00431140      0x612 src/main.o
 *fill*         0x00431752        0x2 
 .rodata.image_data_calibri_36_0x74
                0x00431754      0x534 src/main.o
 .rodata.image_data_calibri_36_0x75
                0x00431c88      0x83d src/main.o
 *fill*         0x004324c5        0x3 
 .rodata.image_data_calibri_36_0x76
                0x004324c8      0x6f0 src/main.o
 .rodata.image_data_calibri_36_0x77
                0x00432bb8      0xb46 src/main.o
 *fill*         0x004336fe        0x2 
 .rodata.image_data_calibri_36_0x78
                0x00433700      0x6f0 src/main.o
 .rodata.image_data_calibri_36_0x79
                0x00433df0      0x6f0 src/main.o
 .rodata.image_data_calibri_36_0x7a
                0x004344e0      0x612 src/main.o
 *fill*         0x00434af2        0x2 
 .rodata.image_data_calibri_36_0x7b
                0x00434af4      0x4c5 src/main.o
 *fill*         0x00434fb9        0x3 
 .rodata.image_data_calibri_36_0x7c
                0x00434fbc      0x75f src/main.o
 *fill*         0x0043571b        0x1 
 .rodata.image_data_calibri_36_0x7d
                0x0043571c      0x4c5 src/main.o
 *fill*         0x00435be1        0x3 
 .rodata.image_data_calibri_36_0x7e
                0x00435be4      0x7ce src/main.o
 *fill*         0x004363b2        0x2 
 .rodata.image_data_fast
                0x004363b4     0x7530 src/main.o
 .rodata.image_data_home
                0x0043d8e4     0x6c00 src/main.o
 .rodata.image_data_menu
                0x004444e4     0x7530 src/main.o
 .rodata.image_data_pesada
                0x0044ba14     0x7530 src/main.o
 .rodata.image_data_play
                0x00452f44     0x7530 src/main.o
 .rodata.image_data_teste
                0x0045a474     0x7530 src/main.o
 .rodata.inicio.str1.4
                0x004619a4       0x21 src/main.o
 *fill*         0x004619c5        0x3 
 .rodata.main.str1.4
                0x004619c8       0x34 src/main.o
 .rodata.menu   0x004619fc       0x10 src/main.o
                0x004619fc                menu
 .rodata.menu_callback.str1.4
                0x00461a0c       0x10 src/main.o
 .rodata.mxt_handler.str1.4
                0x00461a1c        0xe src/main.o
 *fill*         0x00461a2a        0x2 
 .rodata.pesada
                0x00461a2c       0x10 src/main.o
                0x00461a2c                pesada
 .rodata.pesada_callback.str1.4
                0x00461a3c       0x12 src/main.o
 *fill*         0x00461a4e        0x2 
 .rodata.play   0x00461a50       0x10 src/main.o
                0x00461a50                play
 .rodata.processa_touch.str1.4
                0x00461a60       0x40 src/main.o
 .rodata.rapida_callback.str1.4
                0x00461aa0       0x12 src/main.o
 *fill*         0x00461ab2        0x2 
 .rodata.sol    0x00461ab4       0x10 src/main.o
                0x00461ab4                sol
 .rodata.tela_atual.str1.4
                0x00461ac4       0x18 src/main.o
 .rodata._global_impure_ptr
                0x00461adc        0x4 c:/program files (x86)/atmel/studio/7.0/toolchain/arm/arm-gnu-toolchain/bin/../lib/gcc/arm-none-eabi/6.3.1/../../../../arm-none-eabi/lib/thumb/v7e-m\libc.a(lib_a-impure.o)
                0x00461adc                _global_impure_ptr
 .rodata._svfprintf_r.str1.4
                0x00461ae0       0x42 c:/program files (x86)/atmel/studio/7.0/toolchain/arm/arm-gnu-toolchain/bin/../lib/gcc/arm-none-eabi/6.3.1/../../../../arm-none-eabi/lib/thumb/v7e-m\libc.a(lib_a-svfprintf.o)
 *fill*         0x00461b22        0x2 
 .rodata.blanks.7223
                0x00461b24       0x10 c:/program files (x86)/atmel/studio/7.0/toolchain/arm/arm-gnu-toolchain/bin/../lib/gcc/arm-none-eabi/6.3.1/../../../../arm-none-eabi/lib/thumb/v7e-m\libc.a(lib_a-svfprintf.o)
 .rodata.zeroes.7224
                0x00461b34       0x10 c:/program files (x86)/atmel/studio/7.0/toolchain/arm/arm-gnu-toolchain/bin/../lib/gcc/arm-none-eabi/6.3.1/../../../../arm-none-eabi/lib/thumb/v7e-m\libc.a(lib_a-svfprintf.o)
 .rodata._vfiprintf_r.str1.4
                0x00461b44       0x2f c:/program files (x86)/atmel/studio/7.0/toolchain/arm/arm-gnu-toolchain/bin/../lib/gcc/arm-none-eabi/6.3.1/../../../../arm-none-eabi/lib/thumb/v7e-m\libc.a(lib_a-vfiprintf.o)
 .rodata.blanks.7217
                0x00461b44       0x10 c:/program files (x86)/atmel/studio/7.0/toolchain/arm/arm-gnu-toolchain/bin/../lib/gcc/arm-none-eabi/6.3.1/../../../../arm-none-eabi/lib/thumb/v7e-m\libc.a(lib_a-vfiprintf.o)
 .rodata.zeroes.7218
                0x00461b54       0x10 c:/program files (x86)/atmel/studio/7.0/toolchain/arm/arm-gnu-toolchain/bin/../lib/gcc/arm-none-eabi/6.3.1/../../../../arm-none-eabi/lib/thumb/v7e-m\libc.a(lib_a-vfiprintf.o)
 .rodata._dtoa_r.str1.4
                0x00461b64       0x10 c:/program files (x86)/atmel/studio/7.0/toolchain/arm/arm-gnu-toolchain/bin/../lib/gcc/arm-none-eabi/6.3.1/../../../../arm-none-eabi/lib/thumb/v7e-m\libc.a(lib_a-dtoa.o)
                                 0x12 (size before relaxing)
 .rodata._setlocale_r.str1.4
                0x00461b74        0xa c:/program files (x86)/atmel/studio/7.0/toolchain/arm/arm-gnu-toolchain/bin/../lib/gcc/arm-none-eabi/6.3.1/../../../../arm-none-eabi/lib/thumb/v7e-m\libc.a(lib_a-locale.o)
                                  0xd (size before relaxing)
 *fill*         0x00461b7e        0x2 
 .rodata.str1.4
                0x00461b80        0x4 c:/program files (x86)/atmel/studio/7.0/toolchain/arm/arm-gnu-toolchain/bin/../lib/gcc/arm-none-eabi/6.3.1/../../../../arm-none-eabi/lib/thumb/v7e-m\libc.a(lib_a-locale.o)
                                  0x2 (size before relaxing)
 *fill*         0x00461b84        0x4 
 .rodata.__mprec_bigtens
                0x00461b88       0x28 c:/program files (x86)/atmel/studio/7.0/toolchain/arm/arm-gnu-toolchain/bin/../lib/gcc/arm-none-eabi/6.3.1/../../../../arm-none-eabi/lib/thumb/v7e-m\libc.a(lib_a-mprec.o)
                0x00461b88                __mprec_bigtens
 .rodata.__mprec_tens
                0x00461bb0       0xc8 c:/program files (x86)/atmel/studio/7.0/toolchain/arm/arm-gnu-toolchain/bin/../lib/gcc/arm-none-eabi/6.3.1/../../../../arm-none-eabi/lib/thumb/v7e-m\libc.a(lib_a-mprec.o)
                0x00461bb0                __mprec_tens
 .rodata.p05.6055
                0x00461c78        0xc c:/program files (x86)/atmel/studio/7.0/toolchain/arm/arm-gnu-toolchain/bin/../lib/gcc/arm-none-eabi/6.3.1/../../../../arm-none-eabi/lib/thumb/v7e-m\libc.a(lib_a-mprec.o)
 .rodata._ctype_
                0x00461c84      0x101 c:/program files (x86)/atmel/studio/7.0/toolchain/arm/arm-gnu-toolchain/bin/../lib/gcc/arm-none-eabi/6.3.1/../../../../arm-none-eabi/lib/thumb/v7e-m\libc.a(lib_a-ctype_.o)
                0x00461c84                _ctype_
 *(.ARM.extab* .gnu.linkonce.armextab.*)
                0x00461d88                . = ALIGN (0x4)
 *fill*         0x00461d85        0x3 
 *(.init)
 .init          0x00461d88        0x4 c:/program files (x86)/atmel/studio/7.0/toolchain/arm/arm-gnu-toolchain/bin/../lib/gcc/arm-none-eabi/6.3.1/thumb/v7e-m/crti.o
                0x00461d88                _init
 .init          0x00461d8c        0x8 c:/program files (x86)/atmel/studio/7.0/toolchain/arm/arm-gnu-toolchain/bin/../lib/gcc/arm-none-eabi/6.3.1/thumb/v7e-m/crtn.o
                0x00461d94                . = ALIGN (0x4)
                0x00461d94                __preinit_array_start = .
 *(.preinit_array)
                0x00461d94                __preinit_array_end = .
                0x00461d94                . = ALIGN (0x4)
                0x00461d94                __init_array_start = .
 *(SORT(.init_array.*))
 .init_array.00000
                0x00461d94        0x4 c:/program files (x86)/atmel/studio/7.0/toolchain/arm/arm-gnu-toolchain/bin/../lib/gcc/arm-none-eabi/6.3.1/../../../../arm-none-eabi/lib/thumb/v7e-m\libc.a(lib_a-__call_atexit.o)
 *(.init_array)
 .init_array    0x00461d98        0x4 c:/program files (x86)/atmel/studio/7.0/toolchain/arm/arm-gnu-toolchain/bin/../lib/gcc/arm-none-eabi/6.3.1/thumb/v7e-m/crtbegin.o
                0x00461d9c                __init_array_end = .
                0x00461d9c                . = ALIGN (0x4)
 *crtbegin.o(.ctors)
 *(EXCLUDE_FILE(*crtend.o) .ctors)
 *(SORT(.ctors.*))
 *crtend.o(.ctors)
                0x00461d9c                . = ALIGN (0x4)
 *(.fini)
 .fini          0x00461d9c        0x4 c:/program files (x86)/atmel/studio/7.0/toolchain/arm/arm-gnu-toolchain/bin/../lib/gcc/arm-none-eabi/6.3.1/thumb/v7e-m/crti.o
                0x00461d9c                _fini
 .fini          0x00461da0        0x8 c:/program files (x86)/atmel/studio/7.0/toolchain/arm/arm-gnu-toolchain/bin/../lib/gcc/arm-none-eabi/6.3.1/thumb/v7e-m/crtn.o
                0x00461da8                . = ALIGN (0x4)
                0x00461da8                __fini_array_start = .
 *(.fini_array)
 .fini_array    0x00461da8        0x4 c:/program files (x86)/atmel/studio/7.0/toolchain/arm/arm-gnu-toolchain/bin/../lib/gcc/arm-none-eabi/6.3.1/thumb/v7e-m/crtbegin.o
 *(SORT(.fini_array.*))
                0x00461dac                __fini_array_end = .
 *crtbegin.o(.dtors)
 *(EXCLUDE_FILE(*crtend.o) .dtors)
 *(SORT(.dtors.*))
 *crtend.o(.dtors)
                0x00461dac                . = ALIGN (0x4)
                0x00461dac                _efixed = .
                [!provide]                PROVIDE (__exidx_start, .)

.vfp11_veneer   0x00461dac        0x0
 .vfp11_veneer  0x00461dac        0x0 linker stubs

.v4_bx          0x00461dac        0x0
 .v4_bx         0x00461dac        0x0 linker stubs

.iplt           0x00461dac        0x0
 .iplt          0x00461dac        0x0 c:/program files (x86)/atmel/studio/7.0/toolchain/arm/arm-gnu-toolchain/bin/../lib/gcc/arm-none-eabi/6.3.1/thumb/v7e-m/crtbegin.o

.ARM.exidx      0x00461dac        0x8
 *(.ARM.exidx* .gnu.linkonce.armexidx.*)
 .ARM.exidx     0x00461dac        0x8 c:/program files (x86)/atmel/studio/7.0/toolchain/arm/arm-gnu-toolchain/bin/../lib/gcc/arm-none-eabi/6.3.1/thumb/v7e-m\libgcc.a(_udivmoddi4.o)
                [!provide]                PROVIDE (__exidx_end, .)

.eh_frame       0x00461db4        0x0
 .eh_frame      0x00461db4        0x0 c:/program files (x86)/atmel/studio/7.0/toolchain/arm/arm-gnu-toolchain/bin/../lib/gcc/arm-none-eabi/6.3.1/thumb/v7e-m/crtbegin.o

.rel.dyn        0x00461db4        0x0
 .rel.iplt      0x00461db4        0x0 c:/program files (x86)/atmel/studio/7.0/toolchain/arm/arm-gnu-toolchain/bin/../lib/gcc/arm-none-eabi/6.3.1/thumb/v7e-m/crtbegin.o

.jcr            0x00461db4        0x0
 .jcr           0x00461db4        0x0 c:/program files (x86)/atmel/studio/7.0/toolchain/arm/arm-gnu-toolchain/bin/../lib/gcc/arm-none-eabi/6.3.1/thumb/v7e-m/crtbegin.o

.igot.plt       0x00461db4        0x0
 .igot.plt      0x00461db4        0x0 c:/program files (x86)/atmel/studio/7.0/toolchain/arm/arm-gnu-toolchain/bin/../lib/gcc/arm-none-eabi/6.3.1/thumb/v7e-m/crtbegin.o
                0x00461db4                . = ALIGN (0x4)
                0x00461db4                _etext = .

.relocate       0x20400000      0xb18 load address 0x00461db4
                0x20400000                . = ALIGN (0x4)
                0x20400000                _srelocate = .
 *(.ramfunc .ramfunc.*)
 .ramfunc       0x20400000        0xa src/ASF/common/services/delay/sam/cycle_counter.o
                0x20400000                portable_delay_cycles
 *(.data .data.*)
 .data.g_interrupt_enabled
                0x2040000a        0x1 src/ASF/common/utils/interrupt/interrupt_sam_nvic.o
                0x2040000a                g_interrupt_enabled
 *fill*         0x2040000b        0x1 
 .data.SystemCoreClock
                0x2040000c        0x4 src/ASF/sam/utils/cmsis/same70/source/templates/system_same70.o
                0x2040000c                SystemCoreClock
 .data.LavagemDiadia
                0x20400010       0x14 src/main.o
                0x20400010                LavagemDiadia
 .data.LavagemPesada
                0x20400024       0x14 src/main.o
                0x20400024                LavagemPesada
 .data.LavagemRapida
                0x20400038       0x14 src/main.o
                0x20400038                LavagemRapida
 .data.c_diadia
                0x2040004c       0x3c src/main.o
                0x2040004c                c_diadia
 .data.c_pesada
                0x20400088       0x3c src/main.o
                0x20400088                c_pesada
 .data.c_rapida
                0x204000c4       0x3c src/main.o
                0x204000c4                c_rapida
 .data.centrifuga
                0x20400100       0x14 src/main.o
                0x20400100                centrifuga
 .data.enchague
                0x20400114       0x14 src/main.o
                0x20400114                enchague
 .data.flag_inicio
                0x20400128        0x1 src/main.o
                0x20400128                flag_inicio
 .data.flag_pause
                0x20400129        0x1 src/main.o
                0x20400129                flag_pause
 *fill*         0x2040012a        0x2 
 .data.opcao    0x2040012c       0x14 src/main.o
                0x2040012c                opcao
 .data.playpause
                0x20400140       0x14 src/main.o
                0x20400140                playpause
 .data.volta    0x20400154       0x14 src/main.o
                0x20400154                volta
 .data._impure_ptr
                0x20400168        0x4 c:/program files (x86)/atmel/studio/7.0/toolchain/arm/arm-gnu-toolchain/bin/../lib/gcc/arm-none-eabi/6.3.1/../../../../arm-none-eabi/lib/thumb/v7e-m\libc.a(lib_a-impure.o)
                0x20400168                _impure_ptr
 *fill*         0x2040016c        0x4 
 .data.impure_data
                0x20400170      0x428 c:/program files (x86)/atmel/studio/7.0/toolchain/arm/arm-gnu-toolchain/bin/../lib/gcc/arm-none-eabi/6.3.1/../../../../arm-none-eabi/lib/thumb/v7e-m\libc.a(lib_a-impure.o)
 .data.__malloc_av_
                0x20400598      0x408 c:/program files (x86)/atmel/studio/7.0/toolchain/arm/arm-gnu-toolchain/bin/../lib/gcc/arm-none-eabi/6.3.1/../../../../arm-none-eabi/lib/thumb/v7e-m\libc.a(lib_a-mallocr.o)
                0x20400598                __malloc_av_
 .data.__malloc_sbrk_base
                0x204009a0        0x4 c:/program files (x86)/atmel/studio/7.0/toolchain/arm/arm-gnu-toolchain/bin/../lib/gcc/arm-none-eabi/6.3.1/../../../../arm-none-eabi/lib/thumb/v7e-m\libc.a(lib_a-mallocr.o)
                0x204009a0                __malloc_sbrk_base
 .data.__malloc_trim_threshold
                0x204009a4        0x4 c:/program files (x86)/atmel/studio/7.0/toolchain/arm/arm-gnu-toolchain/bin/../lib/gcc/arm-none-eabi/6.3.1/../../../../arm-none-eabi/lib/thumb/v7e-m\libc.a(lib_a-mallocr.o)
                0x204009a4                __malloc_trim_threshold
 .data.__atexit_recursive_mutex
                0x204009a8        0x4 c:/program files (x86)/atmel/studio/7.0/toolchain/arm/arm-gnu-toolchain/bin/../lib/gcc/arm-none-eabi/6.3.1/../../../../arm-none-eabi/lib/thumb/v7e-m\libc.a(lib_a-__call_atexit.o)
                0x204009a8                __atexit_recursive_mutex
 .data.__global_locale
                0x204009ac      0x16c c:/program files (x86)/atmel/studio/7.0/toolchain/arm/arm-gnu-toolchain/bin/../lib/gcc/arm-none-eabi/6.3.1/../../../../arm-none-eabi/lib/thumb/v7e-m\libc.a(lib_a-locale.o)
                0x204009ac                __global_locale
                0x20400b18                . = ALIGN (0x4)
                0x20400b18                _erelocate = .

.bss            0x20400b18      0x6e0 load address 0x004628cc
                0x20400b18                . = ALIGN (0x4)
                0x20400b18                _sbss = .
                0x20400b18                _szero = .
 *(.bss .bss.*)
 .bss           0x20400b18       0x1c c:/program files (x86)/atmel/studio/7.0/toolchain/arm/arm-gnu-toolchain/bin/../lib/gcc/arm-none-eabi/6.3.1/thumb/v7e-m/crtbegin.o
 .bss.g_ul_pixel_cache
                0x20400b34      0x5a0 src/ASF/sam/components/display/ili9488/ili9488.o
 .bss.gs_interrupt_sources
                0x204010d4       0x70 src/ASF/sam/drivers/pio/pio_handler.o
 .bss.g_wobits_in_rtt_mr
                0x20401144        0x4 src/ASF/sam/drivers/rtt/rtt.o
 .bss.ul_reg_val.9451
                0x20401148        0x4 src/ASF/sam/drivers/usart/usart.o
 .bss.heap.6420
                0x2040114c        0x4 src/ASF/sam/utils/syscalls/gcc/syscalls.o
 .bss.cronometro
                0x20401150        0x4 src/main.o
                0x20401150                cronometro
 .bss.em_ciclo  0x20401154        0x1 src/main.o
                0x20401154                em_ciclo
 .bss.f_rtt_alarme
                0x20401155        0x1 src/main.o
                0x20401155                f_rtt_alarme
 .bss.flag_diadia
                0x20401156        0x1 src/main.o
                0x20401156                flag_diadia
 .bss.flag_menu
                0x20401157        0x1 src/main.o
                0x20401157                flag_menu
 .bss.flag_pesada
                0x20401158        0x1 src/main.o
                0x20401158                flag_pesada
 .bss.flag_rapida
                0x20401159        0x1 src/main.o
                0x20401159                flag_rapida
 *fill*         0x2040115a        0x2 
 .bss.t_atual   0x2040115c        0x4 src/main.o
                0x2040115c                t_atual
 .bss.__malloc_current_mallinfo
                0x20401160       0x28 c:/program files (x86)/atmel/studio/7.0/toolchain/arm/arm-gnu-toolchain/bin/../lib/gcc/arm-none-eabi/6.3.1/../../../../arm-none-eabi/lib/thumb/v7e-m\libc.a(lib_a-mallocr.o)
                0x20401160                __malloc_current_mallinfo
 .bss.__malloc_max_sbrked_mem
                0x20401188        0x4 c:/program files (x86)/atmel/studio/7.0/toolchain/arm/arm-gnu-toolchain/bin/../lib/gcc/arm-none-eabi/6.3.1/../../../../arm-none-eabi/lib/thumb/v7e-m\libc.a(lib_a-mallocr.o)
                0x20401188                __malloc_max_sbrked_mem
 .bss.__malloc_max_total_mem
                0x2040118c        0x4 c:/program files (x86)/atmel/studio/7.0/toolchain/arm/arm-gnu-toolchain/bin/../lib/gcc/arm-none-eabi/6.3.1/../../../../arm-none-eabi/lib/thumb/v7e-m\libc.a(lib_a-mallocr.o)
                0x2040118c                __malloc_max_total_mem
 .bss.__malloc_top_pad
                0x20401190        0x4 c:/program files (x86)/atmel/studio/7.0/toolchain/arm/arm-gnu-toolchain/bin/../lib/gcc/arm-none-eabi/6.3.1/../../../../arm-none-eabi/lib/thumb/v7e-m\libc.a(lib_a-mallocr.o)
                0x20401190                __malloc_top_pad
 *(COMMON)
 COMMON         0x20401194        0x4 src/ASF/common/utils/stdio/read.o
                0x20401194                ptr_get
 COMMON         0x20401198        0x8 src/ASF/common/utils/stdio/write.o
                0x20401198                ptr_put
                0x2040119c                stdio_base
 COMMON         0x204011a0       0x30 src/main.o
                0x204011a0                g_ili9488_display_opt
                0x204011b0                buffert
 COMMON         0x204011d0       0x21 c:/program files (x86)/atmel/studio/7.0/toolchain/arm/arm-gnu-toolchain/bin/../lib/gcc/arm-none-eabi/6.3.1/../../../../arm-none-eabi/lib/thumb/v7e-m\libc.a(lib_a-lock.o)
                0x204011d0                __lock___atexit_recursive_mutex
                0x204011d4                __lock___arc4random_mutex
                0x204011d8                __lock___env_recursive_mutex
                0x204011dc                __lock___sinit_recursive_mutex
                0x204011e0                __lock___malloc_recursive_mutex
                0x204011e4                __lock___at_quick_exit_mutex
                0x204011e8                __lock___dd_hash_mutex
                0x204011ec                __lock___tz_mutex
                0x204011f0                __lock___sfp_recursive_mutex
 *fill*         0x204011f1        0x3 
 COMMON         0x204011f4        0x4 c:/program files (x86)/atmel/studio/7.0/toolchain/arm/arm-gnu-toolchain/bin/../lib/gcc/arm-none-eabi/6.3.1/../../../../arm-none-eabi/lib/thumb/v7e-m\libc.a(lib_a-reent.o)
                0x204011f4                errno
                0x204011f8                . = ALIGN (0x4)
                0x204011f8                _ebss = .
                0x204011f8                _ezero = .

.stack          0x204011f8     0x2000 load address 0x00462fac
                0x204011f8                . = ALIGN (0x8)
                0x204011f8                _sstack = .
                0x204031f8                . = (. + STACK_SIZE)
 *fill*         0x204011f8     0x2000 
                0x204031f8                . = ALIGN (0x8)
                0x204031f8                _estack = .

.heap           0x204031f8      0x200 load address 0x00464fac
                0x204031f8                . = ALIGN (0x8)
                0x204031f8                _sheap = .
                0x204033f8                . = (. + HEAP_SIZE)
 *fill*         0x204031f8      0x200 
                0x204033f8                . = ALIGN (0x8)
                0x204033f8                _eheap = .
                0x204033f8                . = ALIGN (0x4)
                0x204033f8                _end = .
                0x2045ffff                _ram_end_ = ((ORIGIN (ram) + LENGTH (ram)) - 0x1)
OUTPUT(MXT_EXAMPLE_USART1.elf elf32-littlearm)

.ARM.attributes
                0x00000000       0x2e
 .ARM.attributes
                0x00000000       0x1e c:/program files (x86)/atmel/studio/7.0/toolchain/arm/arm-gnu-toolchain/bin/../lib/gcc/arm-none-eabi/6.3.1/thumb/v7e-m/crti.o
 .ARM.attributes
                0x0000001e       0x2e c:/program files (x86)/atmel/studio/7.0/toolchain/arm/arm-gnu-toolchain/bin/../lib/gcc/arm-none-eabi/6.3.1/thumb/v7e-m/crtbegin.o
 .ARM.attributes
                0x0000004c       0x37 src/ASF/common/components/touch/mxt/mxt_device_1.o
 .ARM.attributes
                0x00000083       0x37 src/ASF/common/services/clock/same70/sysclk.o
 .ARM.attributes
                0x000000ba       0x37 src/ASF/common/services/delay/sam/cycle_counter.o
 .ARM.attributes
                0x000000f1       0x37 src/ASF/common/services/serial/usart_serial.o
 .ARM.attributes
                0x00000128       0x37 src/ASF/common/services/spi/sam_spi/spi_master.o
 .ARM.attributes
                0x0000015f       0x37 src/ASF/common/utils/interrupt/interrupt_sam_nvic.o
 .ARM.attributes
                0x00000196       0x37 src/ASF/common/utils/stdio/read.o
 .ARM.attributes
                0x000001cd       0x37 src/ASF/common/utils/stdio/write.o
 .ARM.attributes
                0x00000204       0x37 src/ASF/sam/boards/same70_xplained/init.o
 .ARM.attributes
                0x0000023b       0x37 src/ASF/sam/components/display/ili9488/ili9488.o
 .ARM.attributes
                0x00000272       0x37 src/ASF/sam/drivers/pio/pio.o
 .ARM.attributes
                0x000002a9       0x37 src/ASF/sam/drivers/pio/pio_handler.o
 .ARM.attributes
                0x000002e0       0x37 src/ASF/sam/drivers/pmc/pmc.o
 .ARM.attributes
                0x00000317       0x37 src/ASF/sam/drivers/rtt/rtt.o
 .ARM.attributes
                0x0000034e       0x37 src/ASF/sam/drivers/spi/spi.o
 .ARM.attributes
                0x00000385       0x37 src/ASF/sam/drivers/twihs/twihs.o
 .ARM.attributes
                0x000003bc       0x37 src/ASF/sam/drivers/uart/uart.o
 .ARM.attributes
                0x000003f3       0x37 src/ASF/sam/drivers/usart/usart.o
 .ARM.attributes
                0x0000042a       0x37 src/ASF/sam/utils/cmsis/same70/source/templates/gcc/startup_same70.o
 .ARM.attributes
                0x00000461       0x37 src/ASF/sam/utils/cmsis/same70/source/templates/system_same70.o
 .ARM.attributes
                0x00000498       0x37 src/ASF/sam/utils/syscalls/gcc/syscalls.o
 .ARM.attributes
                0x000004cf       0x37 src/main.o
 .ARM.attributes
                0x00000506       0x2e c:/program files (x86)/atmel/studio/7.0/toolchain/arm/arm-gnu-toolchain/bin/../lib/gcc/arm-none-eabi/6.3.1/../../../../arm-none-eabi/lib/thumb/v7e-m\libc.a(lib_a-impure.o)
 .ARM.attributes
                0x00000534       0x2e c:/program files (x86)/atmel/studio/7.0/toolchain/arm/arm-gnu-toolchain/bin/../lib/gcc/arm-none-eabi/6.3.1/../../../../arm-none-eabi/lib/thumb/v7e-m\libc.a(lib_a-init.o)
 .ARM.attributes
                0x00000562       0x2e c:/program files (x86)/atmel/studio/7.0/toolchain/arm/arm-gnu-toolchain/bin/../lib/gcc/arm-none-eabi/6.3.1/../../../../arm-none-eabi/lib/thumb/v7e-m\libc.a(lib_a-iprintf.o)
 .ARM.attributes
                0x00000590       0x2e c:/program files (x86)/atmel/studio/7.0/toolchain/arm/arm-gnu-toolchain/bin/../lib/gcc/arm-none-eabi/6.3.1/../../../../arm-none-eabi/lib/thumb/v7e-m\libc.a(lib_a-malloc.o)
 .ARM.attributes
                0x000005be       0x2e c:/program files (x86)/atmel/studio/7.0/toolchain/arm/arm-gnu-toolchain/bin/../lib/gcc/arm-none-eabi/6.3.1/../../../../arm-none-eabi/lib/thumb/v7e-m\libc.a(lib_a-mallocr.o)
 .ARM.attributes
                0x000005ec       0x2e c:/program files (x86)/atmel/studio/7.0/toolchain/arm/arm-gnu-toolchain/bin/../lib/gcc/arm-none-eabi/6.3.1/../../../../arm-none-eabi/lib/thumb/v7e-m\libc.a(lib_a-memset.o)
 .ARM.attributes
                0x0000061a       0x2e c:/program files (x86)/atmel/studio/7.0/toolchain/arm/arm-gnu-toolchain/bin/../lib/gcc/arm-none-eabi/6.3.1/../../../../arm-none-eabi/lib/thumb/v7e-m\libc.a(lib_a-mlock.o)
 .ARM.attributes
                0x00000648       0x2e c:/program files (x86)/atmel/studio/7.0/toolchain/arm/arm-gnu-toolchain/bin/../lib/gcc/arm-none-eabi/6.3.1/../../../../arm-none-eabi/lib/thumb/v7e-m\libc.a(lib_a-sbrkr.o)
 .ARM.attributes